<html>
<body>
<pre>
<h1>µVision Build Log</h1>
<h2>Project:</h2>
C:\Users\sravani\Documents\puf\api_testing_rev4\docs\WyzBee_ReleaseV1.2\Example Projects\External Interrupt\ext_int.uvproj
Project File Date:  02/19/2015

<h2>Output:</h2>
Build target 'Target 1'
compiling main.c...
.\lib\inc\WyzBee.h(48): warning:  #47-D: incompatible redefinition of macro "TRUE" (declared at line 66 of ".\common\base_types.h")
  #define TRUE                          1u                                              // True
.\lib\inc\WyzBee.h(49): warning:  #47-D: incompatible redefinition of macro "FALSE" (declared at line 71 of ".\common\base_types.h")
  #define FALSE                         0u                                              // False
App\main.c(85): warning:  #1-D: last line of file ends without a newline
   */
App\main.c: 3 warnings, 0 errors
linking...
Program Size: Code=1912 RO-data=612 RW-data=20 ZI-data=612  
".\ext_int.axf" - 0 Error(s), 3 Warning(s).
</pre>
</body>
</html>
Documents\\puf\\api_testing_rev4\\docs\\WyzBee_ReleaseV1.2\\Example Projects\\External Interrupt\\ext_int.axf" 
Erase Done.
Programming Done.
Verify OK.
_testing_rev4\\docs\\WyzBee_ReleaseV1.2\\Example Projects\\External Interrupt\\ext_int.axf" 
Erase Done.
Programming Done.
Verify OK.
=612  
".\ext_int.axf" - 0 Error(s), 5 Warning(s).
.
Target not created
 Warning(s).
