Component: ARM Compiler 5.05 (build 41) Tool: armlink [4d0eb9]

==============================================================================

Section Cross References

    startup_mb9bf56x.o(STACK) refers (Special) to heapauxi.o(.text) for __use_two_region_memory
    startup_mb9bf56x.o(HEAP) refers (Special) to heapauxi.o(.text) for __use_two_region_memory
    startup_mb9bf56x.o(RESET) refers (Special) to heapauxi.o(.text) for __use_two_region_memory
    startup_mb9bf56x.o(RESET) refers to startup_mb9bf56x.o(STACK) for __initial_sp
    startup_mb9bf56x.o(RESET) refers to startup_mb9bf56x.o(.text) for Reset_Handler
    startup_mb9bf56x.o(RESET) refers to interrupts.o(.text) for MFS4_RX_IRQHandler
    startup_mb9bf56x.o(.text) refers (Special) to heapauxi.o(.text) for __use_two_region_memory
    startup_mb9bf56x.o(.text) refers to system_mb9abxxx.o(.text) for SystemInit
    startup_mb9bf56x.o(.text) refers to __main.o(!!!main) for __main
    startup_mb9bf56x.o(.text) refers to startup_mb9bf56x.o(HEAP) for Heap_Mem
    startup_mb9bf56x.o(.text) refers to startup_mb9bf56x.o(STACK) for Stack_Mem
    system_mb9abxxx.o(.text) refers to system_mb9abxxx.o(.data) for SystemCoreClock
    exint.o(.text) refers to exint.o(.constdata) for cau8ExintReferenceLut
    exint.o(.text) refers to exint.o(.bss) for stcExintInternData
    exint.o(.text) refers to exint.o(.data) for stcExintNMIInternData
    mfs.o(.text) refers to mfs.o(.data) for m_astcMfsInstanceDataLut
    mfs_hl.o(.text) refers to mfs_hl.o(.data) for m_astcMfsHlInstanceDataLut
    mfs_hl.o(.text) refers to mfs.o(.text) for Mfs_GetReloadValue
    mfs_hl.o(.text) refers to pdl.o(.text) for PDL_WAIT_LOOP_HOOK
    interrupts.o(.text) refers to exint.o(.text) for Exint_IrqHandler
    interrupts.o(.text) refers to mfs.o(.text) for MfsIrqHandlerRx
    interrupts.o(.text) refers to mfs.o(.data) for m_astcMfsInstanceDataLut
    main.o(.text) refers to _printf_percent.o(.ARM.Collect$$_printf_percent$$00000000) for _printf_percent
    main.o(.text) refers to _printf_d.o(.ARM.Collect$$_printf_percent$$00000009) for _printf_d
    main.o(.text) refers to _printf_dec.o(.text) for _printf_int_dec
    main.o(.text) refers to adafruit_ssd1351.o(.text) for Adafruit_SSD1351::Adafruit_SSD1351()
    main.o(.text) refers to adafruit_gfx.o(.text) for Adafruit_GFX::setCursor(short, short)
    main.o(.text) refers to noretval__2sprintf.o(.text) for __2sprintf
    main.o(.text) refers to wyzbee_spi.o(.text) for WyzBeeSpi_Init
    main.o(.text) refers to main.o(.data) for config_stc
    main.o(.text) refers to main.o(.bss) for tft
    main.o(.ARM.exidx) refers to main.o(.text) for .text
    main.o(.init_array) refers to main.o(.text) for __sti___8_main_cpp_tft
    main.o(.init_array) refers to init_aeabi.o(.text) for __cpp_initialize__aeabi_
    wyzbee_spi.o(.text) refers to mfs.o(.text) for Mfs_SetRxEnable
    adafruit_ssd1351.o(.text) refers to adafruit_gfx.o(.text) for Adafruit_GFX::Adafruit_GFX__sub_object(short, short)
    adafruit_ssd1351.o(.text) refers to adafruit_ssd1351.o(i._ZN16Adafruit_SSD13518spiwriteEh) for Adafruit_SSD1351::spiwrite(unsigned char)
    adafruit_ssd1351.o(.text) refers to adafruit_ssd1351.o(.constdata__ZTV16Adafruit_SSD1351) for VTT for Adafruit_SSD1351
    adafruit_ssd1351.o(.ARM.exidx) refers to adafruit_ssd1351.o(.text) for .text
    spi_oled.o(.text) refers to mfs.o(.text) for Mfs_Csio_DeInit
    spi_oled.o(.text) refers to spi_oled.o(.data) for stcMfsCsioCfg_oled
    spi_oled.o(.ARM.exidx) refers to spi_oled.o(.text) for .text
    adafruit_gfx.o(.text) refers to adafruit_gfx.o(.constdata__ZTV12Adafruit_GFX) for vtable for Adafruit_GFX
    adafruit_gfx.o(.text) refers to adafruit_gfx.o(.constdata) for font
    adafruit_gfx.o(.ARM.exidx) refers to adafruit_gfx.o(.text) for .text
    wyzbee_i2c.o(.text) refers to mfs.o(.text) for Mfs_GetESCR
    wyzbee_i2c.o(.text) refers to wyzbee_i2c.o(.data) for I2cStatus
    __2sprintf.o(.text) refers to _printf_char_common.o(.text) for _printf_char_common
    __2sprintf.o(.text) refers to _sputc.o(.text) for _sputc
    noretval__2sprintf.o(.text) refers to _printf_char_common.o(.text) for _printf_char_common
    noretval__2sprintf.o(.text) refers to _sputc.o(.text) for _sputc
    __printf.o(.text) refers to _printf_percent.o(.ARM.Collect$$_printf_percent$$00000000) for _printf_percent
    _printf_dec.o(.text) refers to _printf_intcommon.o(.text) for _printf_int_common
    __printf_flags.o(.text) refers to _printf_percent.o(.ARM.Collect$$_printf_percent$$00000000) for _printf_percent
    __printf_flags.o(.text) refers to __printf_flags.o(.constdata) for .constdata
    __printf_ss.o(.text) refers to _printf_percent.o(.ARM.Collect$$_printf_percent$$00000000) for _printf_percent
    __printf_flags_ss.o(.text) refers to _printf_percent.o(.ARM.Collect$$_printf_percent$$00000000) for _printf_percent
[...]
    type_info_dtor.o(.constdata__ZTVSt9type_info) refers to type_info_dtor.o(.constdata__ZTISt9type_info) for typeinfo for std::type_info
    type_info_dtor.o(.constdata__ZTVSt9type_info) refers to type_info_dtor.o(i._ZNSt9type_infoD1Ev) for std::type_info::~type_info()
    type_info_dtor.o(.constdata__ZTVSt9type_info) refers to type_info_dtor.o(i._ZNSt9type_infoD0Ev) for std::type_info::~type_info__deallocating()
    type_info_dtor.o(.constdata__ZTISt9type_info) refers to lib_rtti_impl.o(.constdata__ZTVN10__cxxabiv117__class_type_infoE) for vtable for __cxxabiv1::__class_type_info
    type_info_dtor.o(.constdata__ZTISt9type_info) refers to type_info_dtor.o(.constdata__ZTSSt9type_info) for typeinfo name for std::type_info


==============================================================================

Removing Unused input sections from the image.

    Removing system_mb9abxxx.o(.rev16_text), (4 bytes).
    Removing system_mb9abxxx.o(.revsh_text), (4 bytes).
    Removing exint.o(.rev16_text), (4 bytes).
    Removing exint.o(.revsh_text), (4 bytes).
    Removing mfs.o(.rev16_text), (4 bytes).
    Removing mfs.o(.revsh_text), (4 bytes).
    Removing mfs_hl.o(.rev16_text), (4 bytes).
    Removing mfs_hl.o(.revsh_text), (4 bytes).
    Removing mfs_hl.o(.text), (15066 bytes).
    Removing mfs_hl.o(.data), (72 bytes).
    Removing interrupts.o(.rev16_text), (4 bytes).
    Removing interrupts.o(.revsh_text), (4 bytes).
    Removing pdl.o(.rev16_text), (4 bytes).
    Removing pdl.o(.revsh_text), (4 bytes).
    Removing pdl.o(.text), (20 bytes).
    Removing wyzbee_gpio.o(.rev16_text), (4 bytes).
    Removing wyzbee_gpio.o(.revsh_text), (4 bytes).
    Removing clk.o(.rev16_text), (4 bytes).
    Removing clk.o(.revsh_text), (4 bytes).
    Removing reset.o(.rev16_text), (4 bytes).
    Removing reset.o(.revsh_text), (4 bytes).
    Removing main.o(.rev16_text), (4 bytes).
    Removing main.o(.revsh_text), (4 bytes).
    Removing main.o(.ARM.exidx), (8 bytes).
    Removing wyzbee_spi.o(.rev16_text), (4 bytes).
    Removing wyzbee_spi.o(.revsh_text), (4 bytes).
    Removing adafruit_ssd1351.o(.rev16_text), (4 bytes).
    Removing adafruit_ssd1351.o(.revsh_text), (4 bytes).
    Removing adafruit_ssd1351.o(.ARM.exidx), (8 bytes).
    Removing glcdfont.o(.constdata), (1275 bytes).
    Removing spi_oled.o(.rev16_text), (4 bytes).
    Removing spi_oled.o(.revsh_text), (4 bytes).
    Removing spi_oled.o(.text), (608 bytes).
    Removing spi_oled.o(.ARM.exidx), (8 bytes).
    Removing spi_oled.o(.data), (13 bytes).
    Removing adafruit_gfx.o(.ARM.exidx), (8 bytes).
    Removing wyzbee_i2c.o(.rev16_text), (4 bytes).
    Removing wyzbee_i2c.o(.revsh_text), (4 bytes).
    Removing wyzbee_i2c.o(.text), (1560 bytes).
    Removing wyzbee_i2c.o(.data), (14 bytes).
    Removing adafruit_ssd1351.o(.ARM.exidx), (8 bytes).
    Removing adafruit_ssd1351.o(.constdata__ZTI16Adafruit_SSD1351), (24 bytes).
    Removing adafruit_ssd1351.o(.constdata__ZTS16Adafruit_SSD1351), (19 bytes).
    Removing adafruit_gfx.o(.constdata__ZTI12Adafruit_GFX), (8 bytes).
    Removing adafruit_gfx.o(.constdata__ZTS12Adafruit_GFX), (15 bytes).

45 unused section(s) (total 18846 bytes) removed from the image.

==============================================================================

Image Symbol Table

    Local Symbols

    Symbol Name                              Value     Ov Type        Size  Object(Section)

    RESET                                    0x00000000   Section      576  startup_mb9bf56x.o(RESET)
    ../../../edgfe/lib_src/arm_exceptions.c  0x00000000   Number         0  arm_exceptions_globs.o ABSOLUTE
    ../../../edgfe/lib_src/arm_exceptions.c  0x00000000   Number         0  arm_exceptions_callterm.o ABSOLUTE
    ../../../edgfe/lib_src/arm_exceptions.c  0x00000000   Number         0  arm_exceptions_mem.o ABSOLUTE
    ../../../edgfe/lib_src/arm_exceptions.c  0x00000000   Number         0  arm_exceptions_support.o ABSOLUTE
    ../../../edgfe/lib_src/arm_exceptions.c  0x00000000   Number         0  arm_exceptions_terminate.o ABSOLUTE
    ../../../edgfe/lib_src/arm_noexceptions.c 0x00000000   Number         0  arm_begincatch_noexceptions.o ABSOLUTE
    ../../../edgfe/lib_src/pure_virt.c       0x00000000   Number         0  pure_virt.o ABSOLUTE
    ../../../edgfe/lib_src/typeinfo.c        0x00000000   Number         0  lib_rtti_impl.o ABSOLUTE
    ../../../edgfe/lib_src/typeinfo.c        0x00000000   Number         0  type_info_dtor.o ABSOLUTE
    ../clib/angel/boardlib.s                 0x00000000   Number         0  boardinit1.o ABSOLUTE
    ../clib/angel/boardlib.s                 0x00000000   Number         0  boardinit3.o ABSOLUTE
    ../clib/angel/boardlib.s                 0x00000000   Number         0  boardinit2.o ABSOLUTE
    ../clib/angel/boardlib.s                 0x00000000   Number         0  boardshut.o ABSOLUTE
    ../clib/angel/handlers.s                 0x00000000   Number         0  __scatter_zi.o ABSOLUTE
    ../clib/angel/handlers.s                 0x00000000   Number         0  __scatter_copy.o ABSOLUTE
    ../clib/angel/kernel.s                   0x00000000   Number         0  __rtentry.o ABSOLUTE
    ../clib/angel/kernel.s                   0x00000000   Number         0  rtexit2.o ABSOLUTE
    ../clib/angel/kernel.s                   0x00000000   Number         0  __rtentry2.o ABSOLUTE
    ../clib/angel/kernel.s                   0x00000000   Number         0  __rtentry4.o ABSOLUTE
    ../clib/angel/kernel.s                   0x00000000   Number         0  rtexit.o ABSOLUTE
    ../clib/angel/rt.s                       0x00000000   Number         0  rt_eh_globals_addr_intlibspace.o ABSOLUTE
    ../clib/angel/rt.s                       0x00000000   Number         0  rt_heap_descriptor_intlibspace.o ABSOLUTE
    ../clib/angel/rt.s                       0x00000000   Number         0  rt_eh_globals_addr.o ABSOLUTE
    ../clib/angel/rt.s                       0x00000000   Number         0  rt_raise.o ABSOLUTE
    ../clib/angel/rt.s                       0x00000000   Number         0  rt_heap_descriptor.o ABSOLUTE
    ../clib/angel/scatter.s                  0x00000000   Number         0  __scatter.o ABSOLUTE
    ../clib/angel/startup.s                  0x00000000   Number         0  __main.o ABSOLUTE
    ../clib/angel/sys.s                      0x00000000   Number         0  sys_stackheap_outer.o ABSOLUTE
    ../clib/angel/sys.s                      0x00000000   Number         0  indicate_semi.o ABSOLUTE
    ../clib/angel/sys.s                      0x00000000   Number         0  mutex_dummy.o ABSOLUTE
    ../clib/angel/sys.s                      0x00000000   Number         0  libspace.o ABSOLUTE
    ../clib/angel/sys.s                      0x00000000   Number         0  use_no_semi.o ABSOLUTE
    ../clib/angel/sysapp.c                   0x00000000   Number         0  sys_exit.o ABSOLUTE
    ../clib/angel/sysapp.c                   0x00000000   Number         0  sys_wrch.o ABSOLUTE
    ../clib/angel/sysapp.c                   0x00000000   Number         0  sys_command.o ABSOLUTE
    ../clib/arm_runtime.c                    0x00000000   Number         0  init_aeabi.o ABSOLUTE
    ../clib/arm_runtime.c                    0x00000000   Number         0  init_aeabi.o ABSOLUTE
    ../clib/armsys.c                         0x00000000   Number         0  argv_veneer.o ABSOLUTE
    ../clib/armsys.c                         0x00000000   Number         0  no_argv.o ABSOLUTE
    ../clib/armsys.c                         0x00000000   Number         0  _get_argv_nomalloc.o ABSOLUTE
    ../clib/armsys.c                         0x00000000   Number         0  argv_veneer.o ABSOLUTE
    ../clib/armsys.c                         0x00000000   Number         0  _get_argv.o ABSOLUTE
    ../clib/heap1.c                          0x00000000   Number         0  h1_init.o ABSOLUTE
    ../clib/heap1.c                          0x00000000   Number         0  h1_extend_mt.o ABSOLUTE
    ../clib/heap1.c                          0x00000000   Number         0  h1_extend.o ABSOLUTE
    ../clib/heap1.c                          0x00000000   Number         0  h1_free_mt.o ABSOLUTE
    ../clib/heap1.c                          0x00000000   Number         0  h1_alloc_mt.o ABSOLUTE
    ../clib/heap1.c                          0x00000000   Number         0  h1_alloc.o ABSOLUTE
    ../clib/heap1.c                          0x00000000   Number         0  h1_free.o ABSOLUTE
    ../clib/heap1.c                          0x00000000   Number         0  h1_init_mt.o ABSOLUTE
    ../clib/heap1.c                          0x00000000   Number         0  h1_final_mt.o ABSOLUTE
    ../clib/heap1.c                          0x00000000   Number         0  h1_final.o ABSOLUTE
    ../clib/heap2.c                          0x00000000   Number         0  fdtree.o ABSOLUTE
    ../clib/heap2.c                          0x00000000   Number         0  heap2.o ABSOLUTE
    ../clib/heap2.c                          0x00000000   Number         0  heap2mt.o ABSOLUTE
    ../clib/heapalloc.c                      0x00000000   Number         0  hrguard.o ABSOLUTE
    ../clib/heapalloc.c                      0x00000000   Number         0  maybetermalloc2.o ABSOLUTE
    ../clib/heapalloc.c                      0x00000000   Number         0  maybetermalloc1.o ABSOLUTE
    ../clib/heapalloc.c                      0x00000000   Number         0  hguard.o ABSOLUTE
    ../clib/heapalloc.c                      0x00000000   Number         0  malloc.o ABSOLUTE
    ../clib/heapalloc.c                      0x00000000   Number         0  maybetermalloc2.o ABSOLUTE
    ../clib/heapalloc.c                      0x00000000   Number         0  maybetermalloc1.o ABSOLUTE
    ../clib/heapalloc.c                      0x00000000   Number         0  heapstubs.o ABSOLUTE
    ../clib/heapalloc.c                      0x00000000   Number         0  term_alloc.o ABSOLUTE
    ../clib/heapalloc.c                      0x00000000   Number         0  free.o ABSOLUTE
    ../clib/heapalloc.c                      0x00000000   Number         0  init_alloc.o ABSOLUTE
    ../clib/heapaux.c                        0x00000000   Number         0  heapauxi.o ABSOLUTE
    ../clib/heapaux.c                        0x00000000   Number         0  heapauxa.o ABSOLUTE
    ../clib/libinit.s                        0x00000000   Number         0  libshutdown2.o ABSOLUTE
    ../clib/libinit.s                        0x00000000   Number         0  libinit2.o ABSOLUTE
    ../clib/libinit.s                        0x00000000   Number         0  libinit.o ABSOLUTE
    ../clib/libinit.s                        0x00000000   Number         0  libshutdown.o ABSOLUTE
    ../clib/memcpset.s                       0x00000000   Number         0  rt_memcpy_w.o ABSOLUTE
    ../clib/printf.c                         0x00000000   Number         0  __printf.o ABSOLUTE
    ../clib/printf.c                         0x00000000   Number         0  __printf_wp.o ABSOLUTE
    ../clib/printf.c                         0x00000000   Number         0  __printf_flags_wp.o ABSOLUTE
    ../clib/printf.c                         0x00000000   Number         0  __printf_nopercent.o ABSOLUTE
    ../clib/printf.c                         0x00000000   Number         0  __printf_flags_ss_wp.o ABSOLUTE
    ../clib/printf.c                         0x00000000   Number         0  __printf_ss.o ABSOLUTE
    ../clib/printf.c                         0x00000000   Number         0  __2sprintf.o ABSOLUTE
    ../clib/printf.c                         0x00000000   Number         0  noretval__2sprintf.o ABSOLUTE
    ../clib/printf.c                         0x00000000   Number         0  _printf_intcommon.o ABSOLUTE
    ../clib/printf.c                         0x00000000   Number         0  __printf_flags.o ABSOLUTE
    ../clib/printf.c                         0x00000000   Number         0  _printf_char_common.o ABSOLUTE
    ../clib/printf.c                         0x00000000   Number         0  __printf_ss_wp.o ABSOLUTE
    ../clib/printf.c                         0x00000000   Number         0  __printf_flags_ss.o ABSOLUTE
    ../clib/printf.c                         0x00000000   Number         0  _sputc.o ABSOLUTE
    ../clib/printf.c                         0x00000000   Number         0  _printf_dec.o ABSOLUTE
    ../clib/printf_percent.s                 0x00000000   Number         0  _printf_percent.o ABSOLUTE
    ../clib/printf_percent.s                 0x00000000   Number         0  _printf_percent_end.o ABSOLUTE
    ../clib/printf_percent.s                 0x00000000   Number         0  _printf_d.o ABSOLUTE
    ../clib/signal.c                         0x00000000   Number         0  defsig_rtmem_inner.o ABSOLUTE
    ../clib/signal.c                         0x00000000   Number         0  defsig_rtred_inner.o ABSOLUTE
    ../clib/signal.c                         0x00000000   Number         0  defsig_fpe_inner.o ABSOLUTE
    ../clib/signal.c                         0x00000000   Number         0  defsig_abrt_inner.o ABSOLUTE
    ../clib/signal.c                         0x00000000   Number         0  defsig_rtmem_formal.o ABSOLUTE
    ../clib/signal.c                         0x00000000   Number         0  defsig_rtmem_outer.o ABSOLUTE
    ../clib/signal.c                         0x00000000   Number         0  defsig_abrt_formal.o ABSOLUTE
    ../clib/signal.c                         0x00000000   Number         0  defsig_stak_inner.o ABSOLUTE
    ../clib/signal.c                         0x00000000   Number         0  __raise.o ABSOLUTE
    ../clib/signal.c                         0x00000000   Number         0  defsig_general.o ABSOLUTE
    ../clib/signal.c                         0x00000000   Number         0  defsig_cppl_inner.o ABSOLUTE
    ../clib/signal.c                         0x00000000   Number         0  defsig_segv_inner.o ABSOLUTE
    ../clib/signal.c                         0x00000000   Number         0  defsig_other.o ABSOLUTE
    ../clib/signal.c                         0x00000000   Number         0  defsig_pvfn_outer.o ABSOLUTE
    ../clib/signal.c                         0x00000000   Number         0  defsig_pvfn_formal.o ABSOLUTE
    ../clib/signal.c                         0x00000000   Number         0  defsig_exit.o ABSOLUTE
    ../clib/signal.c                         0x00000000   Number         0  defsig_pvfn_inner.o ABSOLUTE
    ../clib/signal.c                         0x00000000   Number         0  defsig_abrt_outer.o ABSOLUTE
    ../clib/signal.s                         0x00000000   Number         0  defsig.o ABSOLUTE
    ../clib/stdlib.c                         0x00000000   Number         0  exit.o ABSOLUTE
    ../clib/stdlib.c                         0x00000000   Number         0  abort.o ABSOLUTE
    ../fplib/fpinit.s                        0x00000000   Number         0  fpinit.o ABSOLUTE
    WyzBee_SPI\WyzBee_spi.c                  0x00000000   Number         0  wyzbee_spi.o ABSOLUTE
    WyzBee_SPI\\WyzBee_spi.c                 0x00000000   Number         0  wyzbee_spi.o ABSOLUTE
    WyzBee_gpio\WyzBee_gpio.c                0x00000000   Number         0  wyzbee_gpio.o ABSOLUTE
    WyzBee_gpio\\WyzBee_gpio.c               0x00000000   Number         0  wyzbee_gpio.o ABSOLUTE
    WyzBee_i2c\WyzBee_i2c.c                  0x00000000   Number         0  wyzbee_i2c.o ABSOLUTE
    WyzBee_i2c\\WyzBee_i2c.c                 0x00000000   Number         0  wyzbee_i2c.o ABSOLUTE
    WyzBee_oled\Adafruit_GFX.cpp             0x00000000   Number         0  adafruit_gfx.o ABSOLUTE
    WyzBee_oled\Adafruit_SSD1351.cpp         0x00000000   Number         0  adafruit_ssd1351.o ABSOLUTE
    WyzBee_oled\SPI_OLED.cpp                 0x00000000   Number         0  spi_oled.o ABSOLUTE
    WyzBee_oled\\Adafruit_SSD1351.cpp        0x00000000   Number         0  adafruit_ssd1351.o ABSOLUTE
    WyzBee_oled\\SPI_OLED.cpp                0x00000000   Number         0  spi_oled.o ABSOLUTE
    WyzBee_oled\glcdfont.c                   0x00000000   Number         0  glcdfont.o ABSOLUTE
    common\\interrupts.c                     0x00000000   Number         0  interrupts.o ABSOLUTE
    common\\pdl.c                            0x00000000   Number         0  pdl.o ABSOLUTE
    common\interrupts.c                      0x00000000   Number         0  interrupts.o ABSOLUTE
    common\pdl.c                             0x00000000   Number         0  pdl.o ABSOLUTE
    dc.s                                     0x00000000   Number         0  dc.o ABSOLUTE
    lib\\src\\clk.c                          0x00000000   Number         0  clk.o ABSOLUTE
    lib\\src\\exint.c                        0x00000000   Number         0  exint.o ABSOLUTE
    lib\\src\\mfs.c                          0x00000000   Number         0  mfs.o ABSOLUTE
    lib\\src\\mfs_hl.c                       0x00000000   Number         0  mfs_hl.o ABSOLUTE
    lib\\src\\reset.c                        0x00000000   Number         0  reset.o ABSOLUTE
    lib\src\clk.c                            0x00000000   Number         0  clk.o ABSOLUTE
    lib\src\exint.c                          0x00000000   Number         0  exint.o ABSOLUTE
    lib\src\mfs.c                            0x00000000   Number         0  mfs.o ABSOLUTE
    lib\src\mfs_hl.c                         0x00000000   Number         0  mfs_hl.o ABSOLUTE
    lib\src\reset.c                          0x00000000   Number         0  reset.o ABSOLUTE
    main.cpp                                 0x00000000   Number         0  main.o ABSOLUTE
    main.cpp                                 0x00000000   Number         0  main.o ABSOLUTE
    startup_mb9bf56x.s                       0x00000000   Number         0  startup_mb9bf56x.o ABSOLUTE
    system_mb9abxxx.c                        0x00000000   Number         0  system_mb9abxxx.o ABSOLUTE
    system_mb9abxxx.c                        0x00000000   Number         0  system_mb9abxxx.o ABSOLUTE
    !!!main                                  0x00000240   Section        8  __main.o(!!!main)
    !!!scatter                               0x00000248   Section       52  __scatter.o(!!!scatter)
    !!handler_copy                           0x0000027c   Section       26  __scatter_copy.o(!!handler_copy)
    !!handler_zi                             0x00000298   Section       28  __scatter_zi.o(!!handler_zi)
    .ARM.Collect$$_printf_percent$$00000000  0x000002b4   Section        0  _printf_percent.o(.ARM.Collect$$_printf_percent$$00000000)
    .ARM.Collect$$_printf_percent$$00000009  0x000002b4   Section        6  _printf_d.o(.ARM.Collect$$_printf_percent$$00000009)
    .ARM.Collect$$_printf_percent$$00000017  0x000002ba   Section        4  _printf_percent_end.o(.ARM.Collect$$_printf_percent$$00000017)
    .ARM.Collect$$libinit$$00000000          0x000002be   Section        2  libinit.o(.ARM.Collect$$libinit$$00000000)
    .ARM.Collect$$libinit$$00000001          0x000002c0   Section        4  libinit2.o(.ARM.Collect$$libinit$$00000001)
    .ARM.Collect$$libinit$$00000004          0x000002c4   Section        0  libinit2.o(.ARM.Collect$$libinit$$00000004)
    .ARM.Collect$$libinit$$0000000A          0x000002c4   Section        0  libinit2.o(.ARM.Collect$$libinit$$0000000A)
    .ARM.Collect$$libinit$$0000000C          0x000002c4   Section        0  libinit2.o(.ARM.Collect$$libinit$$0000000C)
    .ARM.Collect$$libinit$$0000000E          0x000002c4   Section        0  libinit2.o(.ARM.Collect$$libinit$$0000000E)
    .ARM.Collect$$libinit$$00000011          0x000002c4   Section        0  libinit2.o(.ARM.Collect$$libinit$$00000011)
    .ARM.Collect$$libinit$$00000013          0x000002c4   Section        0  libinit2.o(.ARM.Collect$$libinit$$00000013)
    .ARM.Collect$$libinit$$00000015          0x000002c4   Section        0  libinit2.o(.ARM.Collect$$libinit$$00000015)
    .ARM.Collect$$libinit$$00000017          0x000002c4   Section        0  libinit2.o(.ARM.Collect$$libinit$$00000017)
    .ARM.Collect$$libinit$$00000019          0x000002c4   Section        0  libinit2.o(.ARM.Collect$$libinit$$00000019)
    .ARM.Collect$$libinit$$0000001B          0x000002c4   Section        0  libinit2.o(.ARM.Collect$$libinit$$0000001B)
    .ARM.Collect$$libinit$$0000001D          0x000002c4   Section        0  libinit2.o(.ARM.Collect$$libinit$$0000001D)
    .ARM.Collect$$libinit$$0000001F          0x000002c4   Section        0  libinit2.o(.ARM.Collect$$libinit$$0000001F)
    .ARM.Collect$$libinit$$00000021          0x000002c4   Section        0  libinit2.o(.ARM.Collect$$libinit$$00000021)
    .ARM.Collect$$libinit$$00000023          0x000002c4   Section        0  libinit2.o(.ARM.Collect$$libinit$$00000023)
    .ARM.Collect$$libinit$$00000025          0x000002c4   Section        0  libinit2.o(.ARM.Collect$$libinit$$00000025)
    .ARM.Collect$$libinit$$0000002C          0x000002c4   Section        0  libinit2.o(.ARM.Collect$$libinit$$0000002C)
    .ARM.Collect$$libinit$$0000002E          0x000002c4   Section        0  libinit2.o(.ARM.Collect$$libinit$$0000002E)
    .ARM.Collect$$libinit$$00000030          0x000002c4   Section        0  libinit2.o(.ARM.Collect$$libinit$$00000030)
    .ARM.Collect$$libinit$$00000031          0x000002c4   Section        4  libinit2.o(.ARM.Collect$$libinit$$00000031)
    .ARM.Collect$$libinit$$00000032          0x000002c8   Section        0  libinit2.o(.ARM.Collect$$libinit$$00000032)
    .ARM.Collect$$libinit$$00000033          0x000002c8   Section        2  libinit2.o(.ARM.Collect$$libinit$$00000033)
    .ARM.Collect$$libshutdown$$00000000      0x000002ca   Section        2  libshutdown.o(.ARM.Collect$$libshutdown$$00000000)
    .ARM.Collect$$libshutdown$$00000003      0x000002cc   Section        0  libshutdown2.o(.ARM.Collect$$libshutdown$$00000003)
    .ARM.Collect$$libshutdown$$00000006      0x000002cc   Section        0  libshutdown2.o(.ARM.Collect$$libshutdown$$00000006)
    .ARM.Collect$$libshutdown$$00000009      0x000002cc   Section        0  libshutdown2.o(.ARM.Collect$$libshutdown$$00000009)
    .ARM.Collect$$libshutdown$$0000000B      0x000002cc   Section        0  libshutdown2.o(.ARM.Collect$$libshutdown$$0000000B)
    .ARM.Collect$$libshutdown$$0000000E      0x000002cc   Section        0  libshutdown2.o(.ARM.Collect$$libshutdown$$0000000E)
    .ARM.Collect$$libshutdown$$0000000F      0x000002cc   Section        2  libshutdown2.o(.ARM.Collect$$libshutdown$$0000000F)
    .ARM.Collect$$rtentry$$00000000          0x000002ce   Section        0  __rtentry.o(.ARM.Collect$$rtentry$$00000000)
    .ARM.Collect$$rtentry$$00000002          0x000002ce   Section        0  __rtentry2.o(.ARM.Collect$$rtentry$$00000002)
    .ARM.Collect$$rtentry$$00000004          0x000002ce   Section        6  __rtentry4.o(.ARM.Collect$$rtentry$$00000004)
    .ARM.Collect$$rtentry$$00000009          0x000002d4   Section        0  __rtentry2.o(.ARM.Collect$$rtentry$$00000009)
    .ARM.Collect$$rtentry$$0000000A          0x000002d4   Section        4  __rtentry2.o(.ARM.Collect$$rtentry$$0000000A)
    .ARM.Collect$$rtentry$$0000000C          0x000002d8   Section        0  __rtentry2.o(.ARM.Collect$$rtentry$$0000000C)
    .ARM.Collect$$rtentry$$0000000D          0x000002d8   Section        8  __rtentry2.o(.ARM.Collect$$rtentry$$0000000D)
    .ARM.Collect$$rtexit$$00000000           0x000002e0   Section        2  rtexit.o(.ARM.Collect$$rtexit$$00000000)
    .ARM.Collect$$rtexit$$00000002           0x000002e2   Section        0  rtexit2.o(.ARM.Collect$$rtexit$$00000002)
    .ARM.Collect$$rtexit$$00000003           0x000002e2   Section        4  rtexit2.o(.ARM.Collect$$rtexit$$00000003)
    .ARM.Collect$$rtexit$$00000004           0x000002e6   Section        6  rtexit2.o(.ARM.Collect$$rtexit$$00000004)
    .text                                    0x000002ec   Section       76  startup_mb9bf56x.o(.text)
    $v0                                      0x000002ec   Number         0  startup_mb9bf56x.o(.text)
    .text                                    0x00000338   Section        0  system_mb9abxxx.o(.text)
    .text                                    0x0000050c   Section        0  exint.o(.text)
    NVIC_SetPriority                         0x0000050d   Thumb Code    32  exint.o(.text)
    ExintGetInternDataIdx                    0x0000052d   Thumb Code    38  exint.o(.text)
    NVIC_EnableIRQ                           0x000007a3   Thumb Code    22  exint.o(.text)
    NVIC_DisableIRQ                          0x000007b9   Thumb Code    18  exint.o(.text)
    NVIC_ClearPendingIRQ                     0x000007cb   Thumb Code    18  exint.o(.text)
    .text                                    0x000007fc   Section        0  mfs.o(.text)
    NVIC_SetPriority                         0x000007fd   Thumb Code    32  mfs.o(.text)
    MfsGetInternDataPtr                      0x0000081d   Thumb Code    48  mfs.o(.text)
    NVIC_EnableIRQ                           0x00002247   Thumb Code    22  mfs.o(.text)
    NVIC_DisableIRQ                          0x0000225d   Thumb Code    18  mfs.o(.text)
    NVIC_ClearPendingIRQ                     0x0000226f   Thumb Code    18  mfs.o(.text)
    .text                                    0x00002288   Section        0  interrupts.o(.text)
    .text                                    0x000022e4   Section        0  main.o(.text)
    __sti___8_main_cpp_tft                   0x00002383   Thumb Code    10  main.o(.text)
    .text                                    0x000023b0   Section        0  wyzbee_spi.o(.text)
    .text                                    0x000027b0   Section        0  adafruit_ssd1351.o(.text)
    .text                                    0x00002e7c   Section        0  adafruit_gfx.o(.text)
    .text                                    0x00003a44   Section        0  noretval__2sprintf.o(.text)
    .text                                    0x00003a6c   Section        0  __printf.o(.text)
    .text                                    0x00003ad4   Section        0  _printf_dec.o(.text)
    .text                                    0x00003b4c   Section        0  heapauxi.o(.text)
    .text                                    0x00003b54   Section        0  init_aeabi.o(.text)
    .text                                    0x00003b78   Section        0  _printf_intcommon.o(.text)
    .text                                    0x00003c2c   Section        0  _printf_char_common.o(.text)
    _printf_input_char                       0x00003c2d   Thumb Code    10  _printf_char_common.o(.text)
    .text                                    0x00003c5c   Section        0  _sputc.o(.text)
    .text                                    0x00003c66   Section        0  defsig_pvfn_outer.o(.text)
    .text                                    0x00003c74   Section        0  defsig_exit.o(.text)
    .text                                    0x00003c80   Section        0  defsig_pvfn_inner.o(.text)
    .text                                    0x00003cb0   Section        0  sys_exit.o(.text)
    .text                                    0x00003cbc   Section       74  sys_stackheap_outer.o(.text)
    .text                                    0x00003d06   Section        0  exit.o(.text)
    .text                                    0x00003d12   Section        0  defsig_general.o(.text)
    .text                                    0x00003d44   Section        0  sys_wrch.o(.text)
    .text                                    0x00003d54   Section        8  libspace.o(.text)
    .text                                    0x00003d5c   Section        2  use_no_semi.o(.text)
    .text                                    0x00003d5e   Section        0  indicate_semi.o(.text)
    i._ZN16Adafruit_SSD13518spiwriteEh       0x00003d5e   Section        0  adafruit_ssd1351.o(i._ZN16Adafruit_SSD13518spiwriteEh)
    i.__cxa_pure_virtual                     0x00003d72   Section        0  pure_virt.o(i.__cxa_pure_virtual)
    x$fpl$fpinit                             0x00003d78   Section       10  fpinit.o(x$fpl$fpinit)
    $v0                                      0x00003d78   Number         0  fpinit.o(x$fpl$fpinit)
    .constdata                               0x00003d82   Section        4  exint.o(.constdata)
    .constdata                               0x00003d86   Section     1275  adafruit_gfx.o(.constdata)
    font                                     0x00003d86   Data        1275  adafruit_gfx.o(.constdata)
    .constdata__ZTV12Adafruit_GFX            0x00004284   Section       44  adafruit_gfx.o(.constdata__ZTV12Adafruit_GFX)
    .constdata__ZTV16Adafruit_SSD1351        0x000042b0   Section      108  adafruit_ssd1351.o(.constdata__ZTV16Adafruit_SSD1351)
    .constdata__ZTV16Adafruit_SSD1351        0x0000431c   Section        8  adafruit_ssd1351.o(.constdata__ZTV16Adafruit_SSD1351)
    .init_array                              0x00004344   Section        4  main.o(.init_array)
    .init_array                              0x00004348   Section        0  init_aeabi.o(.init_array)
    .data                                    0x20038000   Section        5  system_mb9abxxx.o(.data)
    u8IoRegisterRead                         0x20038004   Data           1  system_mb9abxxx.o(.data)
    .data                                    0x20038008   Section        4  exint.o(.data)
    .data                                    0x2003800c   Section       20  mfs.o(.data)
    .data                                    0x20038020   Section       28  main.o(.data)
    .bss                                     0x2003803c   Section       12  exint.o(.bss)
    .bss                                     0x20038048   Section       56  main.o(.bss)
    .bss                                     0x20038080   Section       96  libspace.o(.bss)
    HEAP                                     0x200380e0   Section        0  startup_mb9bf56x.o(HEAP)
    STACK                                    0x200380e0   Section      512  startup_mb9bf56x.o(STACK)
    Heap_Mem                                 0x200380e0   Data           0  startup_mb9bf56x.o(HEAP)
    Stack_Mem                                0x200380e0   Data         512  startup_mb9bf56x.o(STACK)
    __initial_sp                             0x200382e0   Data           0  startup_mb9bf56x.o(STACK)

    Global Symbols

    Symbol Name                              Value     Ov Type        Size  Object(Section)

    BuildAttributes$$THM_ISAv4$E$P$D$K$B$S$7EM$VFPi3$EXTD16$VFPS$VFMA$PE$A:L22UL41UL21$X:L11$S22US41US21$IEEE1$IW$USESV6$~STKCKD$USESV7$~SHL$OTIME$ROPI$EBA8$UX$STANDARDLIB$REQ8$PRES8$EABIv2 0x00000000   Number         0  anon$$obj.o ABSOLUTE
    __ARM_use_no_argv                        0x00000000   Number         0  main.o ABSOLUTE
    __Vectors                                0x00000000   Data           4  startup_mb9bf56x.o(RESET)
    __ARM::default_unexpected_handler()       - Undefined Weak Reference
    __ARM_exceptions_buffer_required          - Undefined Weak Reference
    __ARM_exceptions_init                     - Undefined Weak Reference
    __alloca_initialize                       - Undefined Weak Reference
    __arm_preinit_                            - Undefined Weak Reference
    __cxa_finalize                            - Undefined Weak Reference
    __rt_locale                               - Undefined Weak Reference
    __sigvec_lookup                           - Undefined Weak Reference
    __user_heap_extent                        - Undefined Weak Reference
    _atexit_init                              - Undefined Weak Reference
    _call_atexit_fns                          - Undefined Weak Reference
    _clock_init                               - Undefined Weak Reference
    _fp_trap_init                             - Undefined Weak Reference
    _fp_trap_shutdown                         - Undefined Weak Reference
    _get_lc_collate                           - Undefined Weak Reference
    _get_lc_ctype                             - Undefined Weak Reference
    _get_lc_monetary                          - Undefined Weak Reference
    _get_lc_numeric                           - Undefined Weak Reference
    _get_lc_time                              - Undefined Weak Reference
    _getenv_init                              - Undefined Weak Reference
    _handle_redirection                       - Undefined Weak Reference
    _initio                                   - Undefined Weak Reference
    _mutex_acquire                            - Undefined Weak Reference
    _mutex_free                               - Undefined Weak Reference
    _mutex_release                            - Undefined Weak Reference
    _printf_post_padding                      - Undefined Weak Reference
    _printf_pre_padding                       - Undefined Weak Reference
    _printf_truncate_signed                   - Undefined Weak Reference
    _printf_truncate_unsigned                 - Undefined Weak Reference
    _rand_init                                - Undefined Weak Reference
    _signal_finish                            - Undefined Weak Reference
    _signal_init                              - Undefined Weak Reference
    _terminateio                              - Undefined Weak Reference
    __Vectors_End                            0x00000240   Data           0  startup_mb9bf56x.o(RESET)
    __Vectors_Size                           0x00000240   Number         0  startup_mb9bf56x.o ABSOLUTE
    __main                                   0x00000241   Thumb Code     8  __main.o(!!!main)
    __scatterload                            0x00000249   Thumb Code     0  __scatter.o(!!!scatter)
    __scatterload_rt2                        0x00000249   Thumb Code    44  __scatter.o(!!!scatter)
    __scatterload_rt2_thumb_only             0x00000249   Thumb Code     0  __scatter.o(!!!scatter)
    __scatterload_null                       0x00000257   Thumb Code     0  __scatter.o(!!!scatter)
    __scatterload_copy                       0x0000027d   Thumb Code    26  __scatter_copy.o(!!handler_copy)
    __scatterload_zeroinit                   0x00000299   Thumb Code    28  __scatter_zi.o(!!handler_zi)
    _printf_d                                0x000002b5   Thumb Code     0  _printf_d.o(.ARM.Collect$$_printf_percent$$00000009)
    _printf_percent                          0x000002b5   Thumb Code     0  _printf_percent.o(.ARM.Collect$$_printf_percent$$00000000)
    _printf_percent_end                      0x000002bb   Thumb Code     0  _printf_percent_end.o(.ARM.Collect$$_printf_percent$$00000017)
    __rt_lib_init                            0x000002bf   Thumb Code     0  libinit.o(.ARM.Collect$$libinit$$00000000)
    __rt_lib_init_fp_1                       0x000002c1   Thumb Code     0  libinit2.o(.ARM.Collect$$libinit$$00000001)
    __rt_lib_init_alloca_1                   0x000002c5   Thumb Code     0  libinit2.o(.ARM.Collect$$libinit$$0000002E)
    __rt_lib_init_argv_1                     0x000002c5   Thumb Code     0  libinit2.o(.ARM.Collect$$libinit$$0000002C)
    __rt_lib_init_atexit_1                   0x000002c5   Thumb Code     0  libinit2.o(.ARM.Collect$$libinit$$0000001B)
    __rt_lib_init_clock_1                    0x000002c5   Thumb Code     0  libinit2.o(.ARM.Collect$$libinit$$00000021)
    __rt_lib_init_cpp_2                      0x000002c5   Thumb Code     0  libinit2.o(.ARM.Collect$$libinit$$00000031)
    __rt_lib_init_exceptions_1               0x000002c5   Thumb Code     0  libinit2.o(.ARM.Collect$$libinit$$00000030)
    __rt_lib_init_fp_trap_1                  0x000002c5   Thumb Code     0  libinit2.o(.ARM.Collect$$libinit$$0000001F)
    __rt_lib_init_getenv_1                   0x000002c5   Thumb Code     0  libinit2.o(.ARM.Collect$$libinit$$00000023)
    __rt_lib_init_heap_1                     0x000002c5   Thumb Code     0  libinit2.o(.ARM.Collect$$libinit$$0000000A)
    __rt_lib_init_lc_collate_1               0x000002c5   Thumb Code     0  libinit2.o(.ARM.Collect$$libinit$$00000011)
    __rt_lib_init_lc_ctype_1                 0x000002c5   Thumb Code     0  libinit2.o(.ARM.Collect$$libinit$$00000013)
    __rt_lib_init_lc_monetary_1              0x000002c5   Thumb Code     0  libinit2.o(.ARM.Collect$$libinit$$00000015)
    __rt_lib_init_lc_numeric_1               0x000002c5   Thumb Code     0  libinit2.o(.ARM.Collect$$libinit$$00000017)
    __rt_lib_init_lc_time_1                  0x000002c5   Thumb Code     0  libinit2.o(.ARM.Collect$$libinit$$00000019)
    __rt_lib_init_preinit_1                  0x000002c5   Thumb Code     0  libinit2.o(.ARM.Collect$$libinit$$00000004)
    __rt_lib_init_rand_1                     0x000002c5   Thumb Code     0  libinit2.o(.ARM.Collect$$libinit$$0000000E)
    __rt_lib_init_signal_1                   0x000002c5   Thumb Code     0  libinit2.o(.ARM.Collect$$libinit$$0000001D)
    __rt_lib_init_stdio_1                    0x000002c5   Thumb Code     0  libinit2.o(.ARM.Collect$$libinit$$00000025)
    __rt_lib_init_user_alloc_1               0x000002c5   Thumb Code     0  libinit2.o(.ARM.Collect$$libinit$$0000000C)
    __rt_lib_init_cpp_1                      0x000002c9   Thumb Code     0  libinit2.o(.ARM.Collect$$libinit$$00000032)
    __rt_lib_init_return                     0x000002c9   Thumb Code     0  libinit2.o(.ARM.Collect$$libinit$$00000033)
    __rt_lib_shutdown                        0x000002cb   Thumb Code     0  libshutdown.o(.ARM.Collect$$libshutdown$$00000000)
    __rt_lib_shutdown_fp_trap_1              0x000002cd   Thumb Code     0  libshutdown2.o(.ARM.Collect$$libshutdown$$00000006)
    __rt_lib_shutdown_heap_1                 0x000002cd   Thumb Code     0  libshutdown2.o(.ARM.Collect$$libshutdown$$0000000E)
    __rt_lib_shutdown_return                 0x000002cd   Thumb Code     0  libshutdown2.o(.ARM.Collect$$libshutdown$$0000000F)
    __rt_lib_shutdown_signal_1               0x000002cd   Thumb Code     0  libshutdown2.o(.ARM.Collect$$libshutdown$$00000009)
    __rt_lib_shutdown_stdio_1                0x000002cd   Thumb Code     0  libshutdown2.o(.ARM.Collect$$libshutdown$$00000003)
    __rt_lib_shutdown_user_alloc_1           0x000002cd   Thumb Code     0  libshutdown2.o(.ARM.Collect$$libshutdown$$0000000B)
    __rt_entry                               0x000002cf   Thumb Code     0  __rtentry.o(.ARM.Collect$$rtentry$$00000000)
    __rt_entry_presh_1                       0x000002cf   Thumb Code     0  __rtentry2.o(.ARM.Collect$$rtentry$$00000002)
    __rt_entry_sh                            0x000002cf   Thumb Code     0  __rtentry4.o(.ARM.Collect$$rtentry$$00000004)
    __rt_entry_li                            0x000002d5   Thumb Code     0  __rtentry2.o(.ARM.Collect$$rtentry$$0000000A)
    __rt_entry_postsh_1                      0x000002d5   Thumb Code     0  __rtentry2.o(.ARM.Collect$$rtentry$$00000009)
    __rt_entry_main                          0x000002d9   Thumb Code     0  __rtentry2.o(.ARM.Collect$$rtentry$$0000000D)
    __rt_entry_postli_1                      0x000002d9   Thumb Code     0  __rtentry2.o(.ARM.Collect$$rtentry$$0000000C)
    __rt_exit                                0x000002e1   Thumb Code     0  rtexit.o(.ARM.Collect$$rtexit$$00000000)
    __rt_exit_ls                             0x000002e3   Thumb Code     0  rtexit2.o(.ARM.Collect$$rtexit$$00000003)
    __rt_exit_prels_1                        0x000002e3   Thumb Code     0  rtexit2.o(.ARM.Collect$$rtexit$$00000002)
    __rt_exit_exit                           0x000002e7   Thumb Code     0  rtexit2.o(.ARM.Collect$$rtexit$$00000004)
    Reset_Handler                            0x000002ed   Thumb Code    20  startup_mb9bf56x.o(.text)
    NMI_Handler                              0x00000301   Thumb Code     2  startup_mb9bf56x.o(.text)
    HardFault_Handler                        0x00000303   Thumb Code     2  startup_mb9bf56x.o(.text)
    MemManage_Handler                        0x00000305   Thumb Code     2  startup_mb9bf56x.o(.text)
    BusFault_Handler                         0x00000307   Thumb Code     2  startup_mb9bf56x.o(.text)
    UsageFault_Handler                       0x00000309   Thumb Code     2  startup_mb9bf56x.o(.text)
    SVC_Handler                              0x0000030b   Thumb Code     2  startup_mb9bf56x.o(.text)
    DebugMon_Handler                         0x0000030d   Thumb Code     2  startup_mb9bf56x.o(.text)
    PendSV_Handler                           0x0000030f   Thumb Code     2  startup_mb9bf56x.o(.text)
    SysTick_Handler                          0x00000311   Thumb Code     2  startup_mb9bf56x.o(.text)
    ADC0_IRQHandler                          0x00000313   Thumb Code     0  startup_mb9bf56x.o(.text)
    ADC1_IRQHandler                          0x00000313   Thumb Code     0  startup_mb9bf56x.o(.text)
    ADC2_IRQHandler                          0x00000313   Thumb Code     0  startup_mb9bf56x.o(.text)
    BT0_IRQHandler                           0x00000313   Thumb Code     0  startup_mb9bf56x.o(.text)
    BT10_IRQHandler                          0x00000313   Thumb Code     0  startup_mb9bf56x.o(.text)
    BT11_IRQHandler                          0x00000313   Thumb Code     0  startup_mb9bf56x.o(.text)
    BT12_15_IRQHandler                       0x00000313   Thumb Code     0  startup_mb9bf56x.o(.text)
    BT1_IRQHandler                           0x00000313   Thumb Code     0  startup_mb9bf56x.o(.text)
    BT2_IRQHandler                           0x00000313   Thumb Code     0  startup_mb9bf56x.o(.text)
    BT3_IRQHandler                           0x00000313   Thumb Code     0  startup_mb9bf56x.o(.text)
    BT4_IRQHandler                           0x00000313   Thumb Code     0  startup_mb9bf56x.o(.text)
    BT5_IRQHandler                           0x00000313   Thumb Code     0  startup_mb9bf56x.o(.text)
    BT6_IRQHandler                           0x00000313   Thumb Code     0  startup_mb9bf56x.o(.text)
    BT7_IRQHandler                           0x00000313   Thumb Code     0  startup_mb9bf56x.o(.text)
    BT8_IRQHandler                           0x00000313   Thumb Code     0  startup_mb9bf56x.o(.text)
    BT9_IRQHandler                           0x00000313   Thumb Code     0  startup_mb9bf56x.o(.text)
    CAN0_IRQHandler                          0x00000313   Thumb Code     0  startup_mb9bf56x.o(.text)
    CAN1_IRQHandler                          0x00000313   Thumb Code     0  startup_mb9bf56x.o(.text)
    CSV_IRQHandler                           0x00000313   Thumb Code     0  startup_mb9bf56x.o(.text)
    DMAC0_IRQHandler                         0x00000313   Thumb Code     0  startup_mb9bf56x.o(.text)
    DMAC1_IRQHandler                         0x00000313   Thumb Code     0  startup_mb9bf56x.o(.text)
    DMAC2_IRQHandler                         0x00000313   Thumb Code     0  startup_mb9bf56x.o(.text)
    DMAC3_IRQHandler                         0x00000313   Thumb Code     0  startup_mb9bf56x.o(.text)
    DMAC4_IRQHandler                         0x00000313   Thumb Code     0  startup_mb9bf56x.o(.text)
    DMAC5_IRQHandler                         0x00000313   Thumb Code     0  startup_mb9bf56x.o(.text)
    DMAC6_IRQHandler                         0x00000313   Thumb Code     0  startup_mb9bf56x.o(.text)
    DMAC7_IRQHandler                         0x00000313   Thumb Code     0  startup_mb9bf56x.o(.text)
    DSTC_IRQHandler                          0x00000313   Thumb Code     0  startup_mb9bf56x.o(.text)
    DT1_2_IRAHandler                         0x00000313   Thumb Code     0  startup_mb9bf56x.o(.text)
    Dummy                                    0x00000313   Thumb Code     0  startup_mb9bf56x.o(.text)
    ETHER0_IRQHandler                        0x00000313   Thumb Code     0  startup_mb9bf56x.o(.text)
    EXINT0_IRQHandler                        0x00000313   Thumb Code     0  startup_mb9bf56x.o(.text)
    EXINT16_17_18_19_IRQHandler              0x00000313   Thumb Code     0  startup_mb9bf56x.o(.text)
    EXINT1_IRQHandler                        0x00000313   Thumb Code     0  startup_mb9bf56x.o(.text)
    EXINT20_21_22_23_IRQHandler              0x00000313   Thumb Code     0  startup_mb9bf56x.o(.text)
    EXINT24_25_26_27_IRQHandler              0x00000313   Thumb Code     0  startup_mb9bf56x.o(.text)
    EXINT28_29_30_31_IRQHandler              0x00000313   Thumb Code     0  startup_mb9bf56x.o(.text)
    EXINT2_IRQHandler                        0x00000313   Thumb Code     0  startup_mb9bf56x.o(.text)
    EXINT3_IRQHandler                        0x00000313   Thumb Code     0  startup_mb9bf56x.o(.text)
    EXINT4_IRQHandler                        0x00000313   Thumb Code     0  startup_mb9bf56x.o(.text)
    EXINT5_IRQHandler                        0x00000313   Thumb Code     0  startup_mb9bf56x.o(.text)
    EXINT6_IRQHandler                        0x00000313   Thumb Code     0  startup_mb9bf56x.o(.text)
    EXINT7_IRQHandler                        0x00000313   Thumb Code     0  startup_mb9bf56x.o(.text)
    EXTBUS_ERR_Handler                       0x00000313   Thumb Code     0  startup_mb9bf56x.o(.text)
    EXTINT10_IRQHandler                      0x00000313   Thumb Code     0  startup_mb9bf56x.o(.text)
    EXTINT11_IRQHandler                      0x00000313   Thumb Code     0  startup_mb9bf56x.o(.text)
    EXTINT12_IRQHandler                      0x00000313   Thumb Code     0  startup_mb9bf56x.o(.text)
    EXTINT13_IRQHandler                      0x00000313   Thumb Code     0  startup_mb9bf56x.o(.text)
    EXTINT14_IRQHandler                      0x00000313   Thumb Code     0  startup_mb9bf56x.o(.text)
    EXTINT15_IRQHandler                      0x00000313   Thumb Code     0  startup_mb9bf56x.o(.text)
    EXTINT8_IRQHandler                       0x00000313   Thumb Code     0  startup_mb9bf56x.o(.text)
    EXTINT9_IRQHandler                       0x00000313   Thumb Code     0  startup_mb9bf56x.o(.text)
    FLASHIF_IRQHandler                       0x00000313   Thumb Code     0  startup_mb9bf56x.o(.text)
    FRT0_PEAK_IRQHandler                     0x00000313   Thumb Code     0  startup_mb9bf56x.o(.text)
    FRT0_ZERO_IRQHandler                     0x00000313   Thumb Code     0  startup_mb9bf56x.o(.text)
    FRT1_PEAK_IRQHandler                     0x00000313   Thumb Code     0  startup_mb9bf56x.o(.text)
    FRT1_ZERO_IRQHandler                     0x00000313   Thumb Code     0  startup_mb9bf56x.o(.text)
    FRT2_PEAK_IRQHandler                     0x00000313   Thumb Code     0  startup_mb9bf56x.o(.text)
    FRT2_ZERO_IRQHandler                     0x00000313   Thumb Code     0  startup_mb9bf56x.o(.text)
    ICU0_IRQHandler                          0x00000313   Thumb Code     0  startup_mb9bf56x.o(.text)
    ICU1_IRQHandler                          0x00000313   Thumb Code     0  startup_mb9bf56x.o(.text)
    ICU2_IRQHandler                          0x00000313   Thumb Code     0  startup_mb9bf56x.o(.text)
    IRQ003SEL_IRQHandler                     0x00000313   Thumb Code     0  startup_mb9bf56x.o(.text)
    IRQ004SEL_IRQHandler                     0x00000313   Thumb Code     0  startup_mb9bf56x.o(.text)
    IRQ005SEL_IRQHandler                     0x00000313   Thumb Code     0  startup_mb9bf56x.o(.text)
    IRQ006SEL_IRQHandler                     0x00000313   Thumb Code     0  startup_mb9bf56x.o(.text)
    IRQ007SEL_IRQHandler                     0x00000313   Thumb Code     0  startup_mb9bf56x.o(.text)
    IRQ008SEL_IRQHandler                     0x00000313   Thumb Code     0  startup_mb9bf56x.o(.text)
    IRQ009SEL_IRQHandler                     0x00000313   Thumb Code     0  startup_mb9bf56x.o(.text)
    IRQ010SEL_IRQHandler                     0x00000313   Thumb Code     0  startup_mb9bf56x.o(.text)
    LVD_IRQHandler                           0x00000313   Thumb Code     0  startup_mb9bf56x.o(.text)
    MFS0_RX_IRQHandler                       0x00000313   Thumb Code     0  startup_mb9bf56x.o(.text)
    MFS0_TX_IRQHandler                       0x00000313   Thumb Code     0  startup_mb9bf56x.o(.text)
    MFS10_RX_IRQHandler                      0x00000313   Thumb Code     0  startup_mb9bf56x.o(.text)
    MFS10_TX_IRQHandler                      0x00000313   Thumb Code     0  startup_mb9bf56x.o(.text)
    MFS11_RX_IRQHandler                      0x00000313   Thumb Code     0  startup_mb9bf56x.o(.text)
    MFS11_TX_IRQHandler                      0x00000313   Thumb Code     0  startup_mb9bf56x.o(.text)
    MFS12_RX_IRQHandler                      0x00000313   Thumb Code     0  startup_mb9bf56x.o(.text)
    MFS12_TX_IRQHandler                      0x00000313   Thumb Code     0  startup_mb9bf56x.o(.text)
    MFS13_RX_IRQHandler                      0x00000313   Thumb Code     0  startup_mb9bf56x.o(.text)
    MFS13_TX_IRQHandler                      0x00000313   Thumb Code     0  startup_mb9bf56x.o(.text)
    MFS14_RX_IRQHandler                      0x00000313   Thumb Code     0  startup_mb9bf56x.o(.text)
    MFS14_TX_IRQHandler                      0x00000313   Thumb Code     0  startup_mb9bf56x.o(.text)
    MFS15_RX_IRQHandler                      0x00000313   Thumb Code     0  startup_mb9bf56x.o(.text)
    MFS15_TX_IRQHandler                      0x00000313   Thumb Code     0  startup_mb9bf56x.o(.text)
    MFS1_RX_IRQHandler                       0x00000313   Thumb Code     0  startup_mb9bf56x.o(.text)
    MFS1_TX_IRQHandler                       0x00000313   Thumb Code     0  startup_mb9bf56x.o(.text)
    MFS2_RX_IRQHandler                       0x00000313   Thumb Code     0  startup_mb9bf56x.o(.text)
    MFS2_TX_IRQHandler                       0x00000313   Thumb Code     0  startup_mb9bf56x.o(.text)
    MFS3_RX_IRQHandler                       0x00000313   Thumb Code     0  startup_mb9bf56x.o(.text)
    MFS3_TX_IRQHandler                       0x00000313   Thumb Code     0  startup_mb9bf56x.o(.text)
    MFS5_RX_IRQHandler                       0x00000313   Thumb Code     0  startup_mb9bf56x.o(.text)
    MFS5_TX_IRQHandler                       0x00000313   Thumb Code     0  startup_mb9bf56x.o(.text)
    MFS6_RX_IRQHandler                       0x00000313   Thumb Code     0  startup_mb9bf56x.o(.text)
    MFS6_TX_IRQHandler                       0x00000313   Thumb Code     0  startup_mb9bf56x.o(.text)
    MFS7_RX_IRQHandler                       0x00000313   Thumb Code     0  startup_mb9bf56x.o(.text)
    MFS7_TX_IRQHandler                       0x00000313   Thumb Code     0  startup_mb9bf56x.o(.text)
    MFS8_RX_IRQHandler                       0x00000313   Thumb Code     0  startup_mb9bf56x.o(.text)
    MFS8_TX_IRQHandler                       0x00000313   Thumb Code     0  startup_mb9bf56x.o(.text)
    MFS9_RX_IRQHandler                       0x00000313   Thumb Code     0  startup_mb9bf56x.o(.text)
    MFS9_TX_IRQHandler                       0x00000313   Thumb Code     0  startup_mb9bf56x.o(.text)
    OCU0_IRQHandler                          0x00000313   Thumb Code     0  startup_mb9bf56x.o(.text)
    OCU1_IRQHandler                          0x00000313   Thumb Code     0  startup_mb9bf56x.o(.text)
    OCU2_IRQHandler                          0x00000313   Thumb Code     0  startup_mb9bf56x.o(.text)
    PPG00_02_04_IRQHandler                   0x00000313   Thumb Code     0  startup_mb9bf56x.o(.text)
    PPG08_10_12_IRQHandler                   0x00000313   Thumb Code     0  startup_mb9bf56x.o(.text)
    PPG16_18_20_IRQHandler                   0x00000313   Thumb Code     0  startup_mb9bf56x.o(.text)
    QPRC0_IRQHandler                         0x00000313   Thumb Code     0  startup_mb9bf56x.o(.text)
    QPRC1_IRQHandler                         0x00000313   Thumb Code     0  startup_mb9bf56x.o(.text)
    QPRC2_IRQHandler                         0x00000313   Thumb Code     0  startup_mb9bf56x.o(.text)
    QPRC3_IRQHandler                         0x00000313   Thumb Code     0  startup_mb9bf56x.o(.text)
    RTC_IRQHandler                           0x00000313   Thumb Code     0  startup_mb9bf56x.o(.text)
    SD_IRQHandler                            0x00000313   Thumb Code     0  startup_mb9bf56x.o(.text)
    SWDT_IRQHandler                          0x00000313   Thumb Code     0  startup_mb9bf56x.o(.text)
    TIM_IRQHandler                           0x00000313   Thumb Code     0  startup_mb9bf56x.o(.text)
    USB0_HOST_IRQHandler                     0x00000313   Thumb Code     0  startup_mb9bf56x.o(.text)
    USB0_IRQHandler                          0x00000313   Thumb Code     0  startup_mb9bf56x.o(.text)
    USB1_HOST_IRQHandler                     0x00000313   Thumb Code     0  startup_mb9bf56x.o(.text)
    USB1_IRQHandler                          0x00000313   Thumb Code     0  startup_mb9bf56x.o(.text)
    WC_IRQHandler                            0x00000313   Thumb Code     0  startup_mb9bf56x.o(.text)
    WFG0_DTIF0_IRQHandler                    0x00000313   Thumb Code     0  startup_mb9bf56x.o(.text)
    WFG1_DTIF1_IRQHandler                    0x00000313   Thumb Code     0  startup_mb9bf56x.o(.text)
    WFG2_DTIF2_IRQHandler                    0x00000313   Thumb Code     0  startup_mb9bf56x.o(.text)
    __user_initial_stackheap                 0x00000315   Thumb Code     0  startup_mb9bf56x.o(.text)
    SystemCoreClockUpdate                    0x00000339   Thumb Code   178  system_mb9abxxx.o(.text)
    SystemInit                               0x000003eb   Thumb Code   240  system_mb9abxxx.o(.text)
    Exint_IrqHandler                         0x00000553   Thumb Code    44  exint.o(.text)
    ExintNMIrqHandler                        0x0000057f   Thumb Code    32  exint.o(.text)
    Exint_Init                               0x0000059f   Thumb Code   288  exint.o(.text)
    Exint_DeInit                             0x000006bf   Thumb Code    54  exint.o(.text)
    Exint_EnableChannel                      0x000006f5   Thumb Code    42  exint.o(.text)
    Exint_DisableChannel                     0x0000071f   Thumb Code    28  exint.o(.text)
    Exint_Nmi_Init                           0x0000073b   Thumb Code    52  exint.o(.text)
    Exint_Nmi_DeInit                         0x0000076f   Thumb Code    52  exint.o(.text)
    Mfs_InitTxIrq                            0x0000084d   Thumb Code    34  mfs.o(.text)
    Mfs_InitRxIrq                            0x0000086f   Thumb Code    34  mfs.o(.text)
    Mfs_DeInitIrq                            0x00000891   Thumb Code    54  mfs.o(.text)
    MfsIrqHandlerRx                          0x000008c7   Thumb Code    24  mfs.o(.text)
    MfsIrqHandlerTx                          0x000008df   Thumb Code    24  mfs.o(.text)
    MfsIrqHandlerStatus                      0x000008f7   Thumb Code    24  mfs.o(.text)
    Mfs_GetBusClock                          0x0000090f   Thumb Code   194  mfs.o(.text)
    Mfs_GetReloadValue                       0x000009d1   Thumb Code    26  mfs.o(.text)
    Mfs_Uart_SetBaudRate                     0x000009eb   Thumb Code    50  mfs.o(.text)
    Mfs_Uart_Init                            0x00000a1d   Thumb Code   542  mfs.o(.text)
    Mfs_Uart_DeInit                          0x00000c3b   Thumb Code    96  mfs.o(.text)
    Mfs_Csio_SetBaudRate                     0x00000c9b   Thumb Code    50  mfs.o(.text)
    Mfs_Csio_Init                            0x00000ccd   Thumb Code   712  mfs.o(.text)
    Mfs_Csio_DeInit                          0x00000f95   Thumb Code    94  mfs.o(.text)
    Mfs_Csio_SetSckOutEnable                 0x00000ff3   Thumb Code    46  mfs.o(.text)
    Mfs_Csio_ReadData32                      0x00001021   Thumb Code    22  mfs.o(.text)
    Mfs_Csio_WriteData32                     0x00001037   Thumb Code    26  mfs.o(.text)
    Mfs_Csio_SetChipSelectErrEnable          0x00001051   Thumb Code    48  mfs.o(.text)
    Mfs_Csio_SetChipSelectErrIntEnable       0x00001081   Thumb Code    48  mfs.o(.text)
    Mfs_Csio_GetStatus                       0x000010b1   Thumb Code    28  mfs.o(.text)
    Mfs_Csio_ClrChipSelectErr                0x000010cd   Thumb Code    30  mfs.o(.text)
    Mfs_Csio_ClrTimerIntReq                  0x000010eb   Thumb Code    30  mfs.o(.text)
    Mfs_Csio_SetSerialTimerIntEnable         0x00001109   Thumb Code    46  mfs.o(.text)
    Mfs_Csio_SetSyncTransEnable              0x00001137   Thumb Code    46  mfs.o(.text)
    Mfs_Csio_SetTimerPrescale                0x00001165   Thumb Code    32  mfs.o(.text)
    Mfs_Csio_SetSerialTimerEnable            0x00001185   Thumb Code    46  mfs.o(.text)
    Mfs_Csio_GetSerialTimer                  0x000011b3   Thumb Code    22  mfs.o(.text)
    Mfs_Csio_SetCmpVal4SerialTimer           0x000011c9   Thumb Code    26  mfs.o(.text)
    Mfs_Csio_SetCsHold                       0x000011e3   Thumb Code    48  mfs.o(.text)
    Mfs_Csio_SetCsTimingPrescale             0x00001213   Thumb Code    32  mfs.o(.text)
    Mfs_Csio_SetCsInActiveLevel              0x00001233   Thumb Code    46  mfs.o(.text)
    Mfs_Csio_SetChipSelectEnable             0x00001261   Thumb Code    46  mfs.o(.text)
    Mfs_Csio_SetChipSelectOutEnable          0x0000128f   Thumb Code    46  mfs.o(.text)
    Mfs_Csio_SetCsTimingConfig               0x000012bd   Thumb Code    38  mfs.o(.text)
    Mfs_Csio_SetTxLength                     0x000012e3   Thumb Code    28  mfs.o(.text)
    Mfs_I2c_GetReloadValue                   0x000012ff   Thumb Code    26  mfs.o(.text)
    Mfs_I2c_SetBaudRate                      0x00001319   Thumb Code    46  mfs.o(.text)
    Mfs_I2c_Init                             0x00001347   Thumb Code   458  mfs.o(.text)
    Mfs_I2c_DeInit                           0x00001511   Thumb Code    76  mfs.o(.text)
    Mfs_I2c_SetTxIntEnable                   0x0000155d   Thumb Code    46  mfs.o(.text)
    Mfs_I2c_SetRxIntEnable                   0x0000158b   Thumb Code    46  mfs.o(.text)
    Mfs_I2c_SetAckEnable                     0x000015b9   Thumb Code    46  mfs.o(.text)
    Mfs_I2c_SetWaitSelect                    0x000015e7   Thumb Code    48  mfs.o(.text)
    Mfs_I2c_SetCondDetIntEnable              0x00001617   Thumb Code    46  mfs.o(.text)
    Mfs_I2c_SetIntEnable                     0x00001645   Thumb Code    46  mfs.o(.text)
    Mfs_I2c_GetBusErrStatus                  0x00001673   Thumb Code    28  mfs.o(.text)
    Mfs_I2c_GetIntStatus                     0x0000168f   Thumb Code    28  mfs.o(.text)
    Mfs_I2c_ClearIntStatus                   0x000016ab   Thumb Code    30  mfs.o(.text)
    Mfs_I2c_SetTransmitEmpty                 0x000016c9   Thumb Code    30  mfs.o(.text)
    Mfs_I2c_SetDmaModeEnable                 0x000016e7   Thumb Code    46  mfs.o(.text)
    Mfs_I2c_SetNoizeFilter                   0x00001715   Thumb Code    30  mfs.o(.text)
    Mfs_I2c_SetSdaOutLevel                   0x00001733   Thumb Code    46  mfs.o(.text)
    Mfs_I2c_SetSclOutLevel                   0x00001761   Thumb Code    46  mfs.o(.text)
    Mfs_I2c_SetSerlalOutEnable               0x0000178f   Thumb Code    58  mfs.o(.text)
    Mfs_I2c_SetBusErrorControlEnable         0x000017c9   Thumb Code    46  mfs.o(.text)
    Mfs_I2c_SetI2cEnable                     0x000017f7   Thumb Code    78  mfs.o(.text)
    Mfs_I2c_SetSlvAddrEnable                 0x00001845   Thumb Code    78  mfs.o(.text)
    Mfs_Lin_SetBaudRate                      0x00001893   Thumb Code    16  mfs.o(.text)
    Mfs_Lin_Init                             0x000018a3   Thumb Code   464  mfs.o(.text)
    Mfs_Lin_DeInit                           0x00001a73   Thumb Code    16  mfs.o(.text)
    Mfs_Lin_SetBreak                         0x00001a83   Thumb Code    32  mfs.o(.text)
    Mfs_Lin_ClearBreakDetFlag                0x00001aa3   Thumb Code    30  mfs.o(.text)
    Mfs_Lin_SetBreakDetIntEnable             0x00001ac1   Thumb Code    46  mfs.o(.text)
    Mfs_Lin_SetBreakConfig                   0x00001aef   Thumb Code   190  mfs.o(.text)
    Mfs_SetSerialOutputEnable                0x00001bad   Thumb Code    46  mfs.o(.text)
    Mfs_SetWakeUpControlEnable               0x00001bdb   Thumb Code    46  mfs.o(.text)
    Mfs_SoftwareReset                        0x00001c09   Thumb Code    32  mfs.o(.text)
    Mfs_SetRxIntEnable                       0x00001c29   Thumb Code    46  mfs.o(.text)
    Mfs_SetTxIntEnable                       0x00001c57   Thumb Code    46  mfs.o(.text)
    Mfs_SetTxBusIdleIntEnable                0x00001c85   Thumb Code    46  mfs.o(.text)
    Mfs_SetTxFifoIntEnable                   0x00001cb3   Thumb Code    46  mfs.o(.text)
    Mfs_SetRxEnable                          0x00001ce1   Thumb Code    46  mfs.o(.text)
    Mfs_SetTxEnable                          0x00001d0f   Thumb Code    46  mfs.o(.text)
    Mfs_GetStatus                            0x00001d3d   Thumb Code    28  mfs.o(.text)
    Mfs_ErrorClear                           0x00001d59   Thumb Code    32  mfs.o(.text)
    Mfs_ReadData                             0x00001d79   Thumb Code    22  mfs.o(.text)
    Mfs_WriteData                            0x00001d8f   Thumb Code    26  mfs.o(.text)
    Mfs_ConfigFifo                           0x00001da9   Thumb Code    74  mfs.o(.text)
    Mfs_GetTxFifoReqStatus                   0x00001df3   Thumb Code    28  mfs.o(.text)
    Mfs_ClrTxFifoReqStatus                   0x00001e0f   Thumb Code    30  mfs.o(.text)
    Mfs_ResetFifo                            0x00001e2d   Thumb Code    62  mfs.o(.text)
    Mfs_SetFifoEnable                        0x00001e6b   Thumb Code    92  mfs.o(.text)
    Mfs_GetFifoBytes                         0x00001ec7   Thumb Code    44  mfs.o(.text)
    Mfs_SetSMR                               0x00001ef3   Thumb Code    26  mfs.o(.text)
    Mfs_GetSMR                               0x00001f0d   Thumb Code    22  mfs.o(.text)
    Mfs_SetSCR                               0x00001f23   Thumb Code    26  mfs.o(.text)
    Mfs_GetSCR                               0x00001f3d   Thumb Code    22  mfs.o(.text)
    Mfs_SetESCR                              0x00001f53   Thumb Code    26  mfs.o(.text)
    Mfs_GetESCR                              0x00001f6d   Thumb Code    22  mfs.o(.text)
    Mfs_SetBGR                               0x00001f83   Thumb Code    26  mfs.o(.text)
    Mfs_GetBGR                               0x00001f9d   Thumb Code    22  mfs.o(.text)
    Mfs_SetFCR1                              0x00001fb3   Thumb Code    26  mfs.o(.text)
    Mfs_GetFCR1                              0x00001fcd   Thumb Code    22  mfs.o(.text)
    Mfs_SetFCR0                              0x00001fe3   Thumb Code    26  mfs.o(.text)
    Mfs_GetFCR0                              0x00001ffd   Thumb Code    22  mfs.o(.text)
    Mfs_SetSCSTR10                           0x00002013   Thumb Code    26  mfs.o(.text)
    Mfs_GetSCSTR10                           0x0000202d   Thumb Code    22  mfs.o(.text)
    Mfs_SetSCSTR32                           0x00002043   Thumb Code    26  mfs.o(.text)
    Mfs_GetSCSTR32                           0x0000205d   Thumb Code    22  mfs.o(.text)
    Mfs_SetSACSR                             0x00002073   Thumb Code    26  mfs.o(.text)
    Mfs_GetSACSR                             0x0000208d   Thumb Code    22  mfs.o(.text)
    Mfs_GetSTMCR                             0x000020a3   Thumb Code    22  mfs.o(.text)
    Mfs_SetSCSCR                             0x000020b9   Thumb Code    26  mfs.o(.text)
    Mfs_GetSCSCR                             0x000020d3   Thumb Code    22  mfs.o(.text)
    Mfs_SetTBYTE0                            0x000020e9   Thumb Code    28  mfs.o(.text)
    Mfs_GetTBYTE0                            0x00002105   Thumb Code    24  mfs.o(.text)
    Mfs_SetISBA                              0x0000211d   Thumb Code    26  mfs.o(.text)
    Mfs_GetISBA                              0x00002137   Thumb Code    22  mfs.o(.text)
    Mfs_SetISMK                              0x0000214d   Thumb Code    26  mfs.o(.text)
    Mfs_GetISMK                              0x00002167   Thumb Code    22  mfs.o(.text)
    Mfs_GetNFCR                              0x0000217d   Thumb Code    22  mfs.o(.text)
    Mfs_SetEIBCR                             0x00002193   Thumb Code    30  mfs.o(.text)
    Mfs_GetEIBCR                             0x000021b1   Thumb Code    22  mfs.o(.text)
    Mfs_SetTxIntCallBack                     0x000021c7   Thumb Code    32  mfs.o(.text)
    Mfs_SetRxIntCallBack                     0x000021e7   Thumb Code    32  mfs.o(.text)
    Mfs_SetStsIntCallBack                    0x00002207   Thumb Code    32  mfs.o(.text)
    Mfs_SetUpperLayerHandle                  0x00002227   Thumb Code    32  mfs.o(.text)
    IRQ018_Handler                           0x00002289   Thumb Code    10  interrupts.o(.text)
    IRQ054_Handler                           0x00002293   Thumb Code    10  interrupts.o(.text)
    IRQ057_Handler                           0x0000229d   Thumb Code    10  interrupts.o(.text)
    MFS4_RX_IRQHandler                       0x000022a7   Thumb Code    12  interrupts.o(.text)
    MFS4_TX_IRQHandler                       0x000022b3   Thumb Code    38  interrupts.o(.text)
    writeToScreen(char*, int)                0x000022e5   Thumb Code    88  main.o(.text)
    readTempHum()                            0x0000233d   Thumb Code    46  main.o(.text)
    main                                     0x0000236b   Thumb Code    24  main.o(.text)
    WyzBeeSpi_RxEnable                       0x000023b1   Thumb Code    26  wyzbee_spi.o(.text)
    WyzBeeSpi_TxEnable                       0x000023cb   Thumb Code    26  wyzbee_spi.o(.text)
    WyzBeeSpi_Init                           0x000023e5   Thumb Code   242  wyzbee_spi.o(.text)
    WyzBeeSpi_CsDisable                      0x000024d7   Thumb Code    16  wyzbee_spi.o(.text)
    WyzBeeSpi_Write                          0x000024e7   Thumb Code    32  wyzbee_spi.o(.text)
    WyzBeeSpi_CsEnable                       0x00002507   Thumb Code    14  wyzbee_spi.o(.text)
    WyzBeeSpi_SyncSend                       0x00002515   Thumb Code    84  wyzbee_spi.o(.text)
    WyzBeeSpi_Read                           0x00002569   Thumb Code    18  wyzbee_spi.o(.text)
    WyzBeeSpi_SyncSendRecv                   0x0000257b   Thumb Code   208  wyzbee_spi.o(.text)
    WyzBeeSpi_SyncRecv                       0x0000264b   Thumb Code   132  wyzbee_spi.o(.text)
    WyzBeeSpi_DeInit                         0x000026cf   Thumb Code    50  wyzbee_spi.o(.text)
    WyzBeeSpi_TxIntrEnable                   0x00002701   Thumb Code    26  wyzbee_spi.o(.text)
    WyzBeeSpi_TxIntrDisable                  0x0000271b   Thumb Code    26  wyzbee_spi.o(.text)
    WyzBeeSpi_RxIntrEnable                   0x00002735   Thumb Code    26  wyzbee_spi.o(.text)
    WyzBeeSpi_RxIntrDisable                  0x0000274f   Thumb Code    26  wyzbee_spi.o(.text)
    WyzBeeSpi_RxDisable                      0x00002769   Thumb Code    26  wyzbee_spi.o(.text)
    WyzBeeSpi_TxDisable                      0x00002783   Thumb Code    46  wyzbee_spi.o(.text)
    delayMicroseconds(unsigned)              0x000027b1   Thumb Code    16  adafruit_ssd1351.o(.text)
    delay(unsigned)                          0x000027c1   Thumb Code    16  adafruit_ssd1351.o(.text)
    Adafruit_SSD1351::Adafruit_SSD1351__sub_object() 0x000027d1   Thumb Code    58  adafruit_ssd1351.o(.text)
    Adafruit_SSD1351::Adafruit_SSD1351()     0x0000280b   Thumb Code    14  adafruit_ssd1351.o(.text)
    Adafruit_SSD1351::Color565(unsigned char, unsigned char, unsigned char) 0x00002819   Thumb Code    28  adafruit_ssd1351.o(.text)
    Adafruit_SSD1351::writeCommand(unsigned char) 0x00002835   Thumb Code    22  adafruit_ssd1351.o(.text)
    Adafruit_SSD1351::writeData(unsigned char) 0x0000284b   Thumb Code    22  adafruit_ssd1351.o(.text)
    Adafruit_SSD1351::goTo(int, int)         0x00002861   Thumb Code    78  adafruit_ssd1351.o(.text)
    Adafruit_SSD1351::drawPixel(short, short, unsigned short) 0x000028af   Thumb Code    78  adafruit_ssd1351.o(.text)
    thunk{v:0,-12} to Adafruit_SSD1351::drawPixel(short, short, unsigned short) 0x000028fd   Thumb Code    36  adafruit_ssd1351.o(.text)
    Adafruit_SSD1351::fillRect(unsigned short, unsigned short, unsigned short, unsigned short, unsigned short) 0x00002921   Thumb Code   162  adafruit_ssd1351.o(.text)
    Adafruit_SSD1351::drawFastHLine(short, short, short, unsigned short) 0x000029c3   Thumb Code   142  adafruit_ssd1351.o(.text)
    thunk{v:0,-24} to Adafruit_SSD1351::drawFastHLine(short, short, short, unsigned short) 0x00002a51   Thumb Code   156  adafruit_ssd1351.o(.text)
    Adafruit_SSD1351::drawFastVLine(short, short, short, unsigned short) 0x00002aed   Thumb Code   142  adafruit_ssd1351.o(.text)
    thunk{v:0,-20} to Adafruit_SSD1351::drawFastVLine(short, short, short, unsigned short) 0x00002b7b   Thumb Code   170  adafruit_ssd1351.o(.text)
    Adafruit_SSD1351::fillScreen(unsigned short) 0x00002c25   Thumb Code    26  adafruit_ssd1351.o(.text)
    thunk{v:0,-36} to Adafruit_SSD1351::fillScreen(unsigned short) 0x00002c3f   Thumb Code    24  adafruit_ssd1351.o(.text)
    Adafruit_SSD1351::invert(unsigned char)  0x00002c57   Thumb Code    28  adafruit_ssd1351.o(.text)
    Adafruit_SSD1351::begin()                0x00002c73   Thumb Code   502  adafruit_ssd1351.o(.text)
    Adafruit_GFX::Adafruit_GFX__sub_object(short, short) 0x00002e7d   Thumb Code    42  adafruit_gfx.o(.text)
    Adafruit_GFX::drawLine(short, short, short, short, unsigned short) 0x00002ea7   Thumb Code   220  adafruit_gfx.o(.text)
    Adafruit_GFX::drawFastVLine(short, short, short, unsigned short) 0x00002f83   Thumb Code    46  adafruit_gfx.o(.text)
    Adafruit_GFX::drawFastHLine(short, short, short, unsigned short) 0x00002fb1   Thumb Code    44  adafruit_gfx.o(.text)
    Adafruit_GFX::drawRect(short, short, short, short, unsigned short) 0x00002fdd   Thumb Code   104  adafruit_gfx.o(.text)
    Adafruit_GFX::fillRect(short, short, short, short, unsigned short) 0x00003045   Thumb Code    54  adafruit_gfx.o(.text)
    Adafruit_GFX::fillScreen(unsigned short) 0x0000307b   Thumb Code    32  adafruit_gfx.o(.text)
    Adafruit_GFX::invertDisplay(unsigned char) 0x0000309b   Thumb Code     2  adafruit_gfx.o(.text)
    Adafruit_GFX::drawCircle(short, short, short, unsigned short) 0x0000309d   Thumb Code   356  adafruit_gfx.o(.text)
    Adafruit_GFX::drawCircleHelper(short, short, short, unsigned char, unsigned short) 0x00003201   Thumb Code   306  adafruit_gfx.o(.text)
    Adafruit_GFX::fillCircleHelper(short, short, short, unsigned char, short, unsigned short) 0x00003333   Thumb Code   246  adafruit_gfx.o(.text)
    Adafruit_GFX::fillCircle(short, short, short, unsigned short) 0x00003429   Thumb Code    64  adafruit_gfx.o(.text)
    Adafruit_GFX::drawTriangle(short, short, short, short, short, short, unsigned short) 0x00003469   Thumb Code    86  adafruit_gfx.o(.text)
    Adafruit_GFX::fillTriangle(short, short, short, short, short, short, unsigned short) 0x000034bf   Thumb Code   428  adafruit_gfx.o(.text)
    Adafruit_GFX::drawRoundRect(short, short, short, short, short, unsigned short) 0x0000366b   Thumb Code   258  adafruit_gfx.o(.text)
    Adafruit_GFX::fillRoundRect(short, short, short, short, short, unsigned short) 0x0000376d   Thumb Code   126  adafruit_gfx.o(.text)
    Adafruit_GFX::drawBitmap(short, short, const unsigned char*, short, short, unsigned short) 0x000037eb   Thumb Code   110  adafruit_gfx.o(.text)
    Adafruit_GFX::drawChar(short, short, unsigned char, unsigned short, unsigned short, unsigned char) 0x00003859   Thumb Code   256  adafruit_gfx.o(.text)
    Adafruit_GFX::setCursor(short, short)    0x00003959   Thumb Code     6  adafruit_gfx.o(.text)
    Adafruit_GFX::setTextColor(unsigned short) 0x0000395f   Thumb Code     6  adafruit_gfx.o(.text)
    Adafruit_GFX::setTextColor(unsigned short, unsigned short) 0x00003965   Thumb Code     6  adafruit_gfx.o(.text)
    Adafruit_GFX::setTextSize(unsigned char) 0x0000396b   Thumb Code    14  adafruit_gfx.o(.text)
    Adafruit_GFX::setTextWrap(unsigned char) 0x00003979   Thumb Code     4  adafruit_gfx.o(.text)
    Adafruit_GFX::setRotation(unsigned char) 0x0000397d   Thumb Code    52  adafruit_gfx.o(.text)
    Adafruit_GFX::write(unsigned char)       0x000039b1   Thumb Code   120  adafruit_gfx.o(.text)
    Adafruit_GFX::height()                   0x00003a29   Thumb Code     8  adafruit_gfx.o(.text)
    Adafruit_GFX::width()                    0x00003a31   Thumb Code     8  adafruit_gfx.o(.text)
    Adafruit_GFX::getRotation()              0x00003a39   Thumb Code     6  adafruit_gfx.o(.text)
    __2sprintf                               0x00003a45   Thumb Code    34  noretval__2sprintf.o(.text)
    __printf                                 0x00003a6d   Thumb Code   104  __printf.o(.text)
    _printf_int_dec                          0x00003ad5   Thumb Code   104  _printf_dec.o(.text)
    __use_two_region_memory                  0x00003b4d   Thumb Code     2  heapauxi.o(.text)
    __rt_heap_escrow                         0x00003b4f   Thumb Code     2  heapauxi.o(.text)
    __rt_heap_expand                         0x00003b51   Thumb Code     2  heapauxi.o(.text)
    __cpp_initialize__aeabi_                 0x00003b55   Thumb Code    26  init_aeabi.o(.text)
    _printf_int_common                       0x00003b79   Thumb Code   178  _printf_intcommon.o(.text)
    _printf_char_common                      0x00003c37   Thumb Code    32  _printf_char_common.o(.text)
    _sputc                                   0x00003c5d   Thumb Code    10  _sputc.o(.text)
    __rt_SIGPVFN                             0x00003c67   Thumb Code    14  defsig_pvfn_outer.o(.text)
    __sig_exit                               0x00003c75   Thumb Code    10  defsig_exit.o(.text)
    __rt_SIGPVFN_inner                       0x00003c81   Thumb Code    14  defsig_pvfn_inner.o(.text)
    _sys_exit                                0x00003cb1   Thumb Code     8  sys_exit.o(.text)
    __user_setup_stackheap                   0x00003cbd   Thumb Code    74  sys_stackheap_outer.o(.text)
    exit                                     0x00003d07   Thumb Code    12  exit.o(.text)
    __default_signal_display                 0x00003d13   Thumb Code    50  defsig_general.o(.text)
    _ttywrch                                 0x00003d45   Thumb Code    14  sys_wrch.o(.text)
    __user_libspace                          0x00003d55   Thumb Code     8  libspace.o(.text)
    __user_perproc_libspace                  0x00003d55   Thumb Code     0  libspace.o(.text)
    __user_perthread_libspace                0x00003d55   Thumb Code     0  libspace.o(.text)
    __I$use$semihosting                      0x00003d5d   Thumb Code     0  use_no_semi.o(.text)
    __use_no_semihosting_swi                 0x00003d5d   Thumb Code     2  use_no_semi.o(.text)
    Adafruit_SSD1351::spiwrite(unsigned char) 0x00003d5f   Thumb Code    20  adafruit_ssd1351.o(i._ZN16Adafruit_SSD13518spiwriteEh)
    __semihosting_library_function           0x00003d5f   Thumb Code     0  indicate_semi.o(.text)
    __cxa_pure_virtual                       0x00003d73   Thumb Code     6  pure_virt.o(i.__cxa_pure_virtual)
    _fp_init                                 0x00003d79   Thumb Code    10  fpinit.o(x$fpl$fpinit)
    __fplib_config_fpu_vfp                   0x00003d81   Thumb Code     0  fpinit.o(x$fpl$fpinit)
    __fplib_config_pureend_doubles           0x00003d81   Thumb Code     0  fpinit.o(x$fpl$fpinit)
    cau8ExintReferenceLut                    0x00003d82   Data           4  exint.o(.constdata)
    vtable for Adafruit_GFX                  0x00004284   Data          44  adafruit_gfx.o(.constdata__ZTV12Adafruit_GFX)
    vtable for Adafruit_SSD1351              0x000042b0   Data         108  adafruit_ssd1351.o(.constdata__ZTV16Adafruit_SSD1351)
    VTT for Adafruit_SSD1351                 0x0000431c   Data           8  adafruit_ssd1351.o(.constdata__ZTV16Adafruit_SSD1351)
    Region$$Table$$Base                      0x00004324   Number         0  anon$$obj.o(Region$$Table)
    Region$$Table$$Limit                     0x00004344   Number         0  anon$$obj.o(Region$$Table)
    SHT$$INIT_ARRAY$$Base                    0x00004344   Number         0  main.o(.init_array)
    SHT$$INIT_ARRAY$$Limit                   0x00004348   Number         0  init_aeabi.o(.init_array)
    SystemCoreClock                          0x20038000   Data           4  system_mb9abxxx.o(.data)
    stcExintNMIInternData                    0x20038008   Data           4  exint.o(.data)
    m_astcMfsInstanceDataLut                 0x2003800c   Data          20  mfs.o(.data)
    config_stc                               0x20038020   Data          20  main.o(.data)
    config                                   0x20038034   Data           8  main.o(.data)
    stcExintInternData                       0x2003803c   Data          12  exint.o(.bss)
    tft                                      0x20038048   Data          56  main.o(.bss)
    __libspace_start                         0x20038080   Data          96  libspace.o(.bss)
    __temporary_stack_top$libspace           0x200380e0   Data           0  libspace.o(.bss)



==============================================================================

Memory Map of the image

  Image Entry point : 0x000002ed

  Load Region LR_1 (Base: 0x00000000, Size: 0x00004384, Max: 0xffffffff, ABSOLUTE)

    Execution Region ER_RO (Base: 0x00000000, Size: 0x00004348, Max: 0xffffffff, ABSOLUTE)

    Base Addr    Size         Type   Attr      Idx    E Section Name        Object

    0x00000000   0x00000240   Data   RO            3    RESET               startup_mb9bf56x.o
    0x00000240   0x00000008   Code   RO          674  * !!!main             c_w.l(__main.o)
    0x00000248   0x00000034   Code   RO         1106    !!!scatter          c_w.l(__scatter.o)
    0x0000027c   0x0000001a   Code   RO         1108    !!handler_copy      c_w.l(__scatter_copy.o)
    0x00000296   0x00000002   PAD
    0x00000298   0x0000001c   Code   RO         1110    !!handler_zi        c_w.l(__scatter_zi.o)
    0x000002b4   0x00000000   Code   RO          671    .ARM.Collect$$_printf_percent$$00000000  c_w.l(_printf_percent.o)
    0x000002b4   0x00000006   Code   RO          670    .ARM.Collect$$_printf_percent$$00000009  c_w.l(_printf_d.o)
    0x000002ba   0x00000004   Code   RO          798    .ARM.Collect$$_printf_percent$$00000017  c_w.l(_printf_percent_end.o)
    0x000002be   0x00000002   Code   RO          983    .ARM.Collect$$libinit$$00000000  c_w.l(libinit.o)
    0x000002c0   0x00000004   Code   RO          803    .ARM.Collect$$libinit$$00000001  c_w.l(libinit2.o)
    0x000002c4   0x00000000   Code   RO          806    .ARM.Collect$$libinit$$00000004  c_w.l(libinit2.o)
    0x000002c4   0x00000000   Code   RO          809    .ARM.Collect$$libinit$$0000000A  c_w.l(libinit2.o)
    0x000002c4   0x00000000   Code   RO          811    .ARM.Collect$$libinit$$0000000C  c_w.l(libinit2.o)
    0x000002c4   0x00000000   Code   RO          813    .ARM.Collect$$libinit$$0000000E  c_w.l(libinit2.o)
    0x000002c4   0x00000000   Code   RO          816    .ARM.Collect$$libinit$$00000011  c_w.l(libinit2.o)
    0x000002c4   0x00000000   Code   RO          818    .ARM.Collect$$libinit$$00000013  c_w.l(libinit2.o)
    0x000002c4   0x00000000   Code   RO          820    .ARM.Collect$$libinit$$00000015  c_w.l(libinit2.o)
    0x000002c4   0x00000000   Code   RO          822    .ARM.Collect$$libinit$$00000017  c_w.l(libinit2.o)
    0x000002c4   0x00000000   Code   RO          824    .ARM.Collect$$libinit$$00000019  c_w.l(libinit2.o)
    0x000002c4   0x00000000   Code   RO          826    .ARM.Collect$$libinit$$0000001B  c_w.l(libinit2.o)
    0x000002c4   0x00000000   Code   RO          828    .ARM.Collect$$libinit$$0000001D  c_w.l(libinit2.o)
    0x000002c4   0x00000000   Code   RO          830    .ARM.Collect$$libinit$$0000001F  c_w.l(libinit2.o)
    0x000002c4   0x00000000   Code   RO          832    .ARM.Collect$$libinit$$00000021  c_w.l(libinit2.o)
    0x000002c4   0x00000000   Code   RO          834    .ARM.Collect$$libinit$$00000023  c_w.l(libinit2.o)
    0x000002c4   0x00000000   Code   RO          836    .ARM.Collect$$libinit$$00000025  c_w.l(libinit2.o)
    0x000002c4   0x00000000   Code   RO          840    .ARM.Collect$$libinit$$0000002C  c_w.l(libinit2.o)
    0x000002c4   0x00000000   Code   RO          842    .ARM.Collect$$libinit$$0000002E  c_w.l(libinit2.o)
    0x000002c4   0x00000000   Code   RO          844    .ARM.Collect$$libinit$$00000030  c_w.l(libinit2.o)
    0x000002c4   0x00000004   Code   RO          845    .ARM.Collect$$libinit$$00000031  c_w.l(libinit2.o)
    0x000002c8   0x00000000   Code   RO          846    .ARM.Collect$$libinit$$00000032  c_w.l(libinit2.o)
    0x000002c8   0x00000002   Code   RO          847    .ARM.Collect$$libinit$$00000033  c_w.l(libinit2.o)
    0x000002ca   0x00000002   Code   RO         1084    .ARM.Collect$$libshutdown$$00000000  c_w.l(libshutdown.o)
    0x000002cc   0x00000000   Code   RO         1091    .ARM.Collect$$libshutdown$$00000003  c_w.l(libshutdown2.o)
    0x000002cc   0x00000000   Code   RO         1094    .ARM.Collect$$libshutdown$$00000006  c_w.l(libshutdown2.o)
    0x000002cc   0x00000000   Code   RO         1097    .ARM.Collect$$libshutdown$$00000009  c_w.l(libshutdown2.o)
    0x000002cc   0x00000000   Code   RO         1099    .ARM.Collect$$libshutdown$$0000000B  c_w.l(libshutdown2.o)
    0x000002cc   0x00000000   Code   RO         1102    .ARM.Collect$$libshutdown$$0000000E  c_w.l(libshutdown2.o)
    0x000002cc   0x00000002   Code   RO         1103    .ARM.Collect$$libshutdown$$0000000F  c_w.l(libshutdown2.o)
    0x000002ce   0x00000000   Code   RO          791    .ARM.Collect$$rtentry$$00000000  c_w.l(__rtentry.o)
    0x000002ce   0x00000000   Code   RO          862    .ARM.Collect$$rtentry$$00000002  c_w.l(__rtentry2.o)
    0x000002ce   0x00000006   Code   RO          874    .ARM.Collect$$rtentry$$00000004  c_w.l(__rtentry4.o)
    0x000002d4   0x00000000   Code   RO          864    .ARM.Collect$$rtentry$$00000009  c_w.l(__rtentry2.o)
    0x000002d4   0x00000004   Code   RO          865    .ARM.Collect$$rtentry$$0000000A  c_w.l(__rtentry2.o)
    0x000002d8   0x00000000   Code   RO          867    .ARM.Collect$$rtentry$$0000000C  c_w.l(__rtentry2.o)
    0x000002d8   0x00000008   Code   RO          868    .ARM.Collect$$rtentry$$0000000D  c_w.l(__rtentry2.o)
    0x000002e0   0x00000002   Code   RO          999    .ARM.Collect$$rtexit$$00000000  c_w.l(rtexit.o)
    0x000002e2   0x00000000   Code   RO         1049    .ARM.Collect$$rtexit$$00000002  c_w.l(rtexit2.o)
    0x000002e2   0x00000004   Code   RO         1050    .ARM.Collect$$rtexit$$00000003  c_w.l(rtexit2.o)
    0x000002e6   0x00000006   Code   RO         1051    .ARM.Collect$$rtexit$$00000004  c_w.l(rtexit2.o)
    0x000002ec   0x0000004c   Code   RO            4  * .text               startup_mb9bf56x.o
    0x00000338   0x000001d4   Code   RO           12    .text               system_mb9abxxx.o
    0x0000050c   0x000002f0   Code   RO           94    .text               exint.o
    0x000007fc   0x00001a8c   Code   RO          130    .text               mfs.o
    0x00002288   0x0000005c   Code   RO          185    .text               interrupts.o
    0x000022e4   0x000000cc   Code   RO          322    .text               main.o
    0x000023b0   0x00000400   Code   RO          433    .text               wyzbee_spi.o
    0x000027b0   0x000006cc   Code   RO          459    .text               adafruit_ssd1351.o
    0x00002e7c   0x00000bc8   Code   RO          573    .text               adafruit_gfx.o
    0x00003a44   0x00000028   Code   RO          644    .text               c_w.l(noretval__2sprintf.o)
    0x00003a6c   0x00000068   Code   RO          646    .text               c_w.l(__printf.o)
    0x00003ad4   0x00000078   Code   RO          648    .text               c_w.l(_printf_dec.o)
    0x00003b4c   0x00000006   Code   RO          672    .text               c_w.l(heapauxi.o)
    0x00003b52   0x00000002   PAD
    0x00003b54   0x00000024   Code   RO          679    .text               c_w.l(init_aeabi.o)
    0x00003b78   0x000000b2   Code   RO          792    .text               c_w.l(_printf_intcommon.o)
    0x00003c2a   0x00000002   PAD
    0x00003c2c   0x00000030   Code   RO          794    .text               c_w.l(_printf_char_common.o)
    0x00003c5c   0x0000000a   Code   RO          796    .text               c_w.l(_sputc.o)
    0x00003c66   0x0000000e   Code   RO          799    .text               c_w.l(defsig_pvfn_outer.o)
    0x00003c74   0x0000000a   Code   RO          880    .text               c_w.l(defsig_exit.o)
    0x00003c7e   0x00000002   PAD
    0x00003c80   0x00000030   Code   RO          882    .text               c_w.l(defsig_pvfn_inner.o)
    0x00003cb0   0x0000000c   Code   RO          901    .text               c_w.l(sys_exit.o)
    0x00003cbc   0x0000004a   Code   RO          903    .text               c_w.l(sys_stackheap_outer.o)
    0x00003d06   0x0000000c   Code   RO          966    .text               c_w.l(exit.o)
    0x00003d12   0x00000032   Code   RO          972    .text               c_w.l(defsig_general.o)
    0x00003d44   0x0000000e   Code   RO          987    .text               c_w.l(sys_wrch.o)
    0x00003d52   0x00000002   PAD
    0x00003d54   0x00000008   Code   RO          991    .text               c_w.l(libspace.o)
    0x00003d5c   0x00000002   Code   RO          994    .text               c_w.l(use_no_semi.o)
    0x00003d5e   0x00000000   Code   RO          998    .text               c_w.l(indicate_semi.o)
    0x00003d5e   0x00000014   Code   RO          478    i._ZN16Adafruit_SSD13518spiwriteEh  adafruit_ssd1351.o
    0x00003d72   0x00000006   Code   RO          682    i.__cxa_pure_virtual  cpprt_w.l(pure_virt.o)
    0x00003d78   0x0000000a   Code   RO          899    x$fpl$fpinit        fz_wm.l(fpinit.o)
    0x00003d82   0x00000004   Data   RO           96    .constdata          exint.o
    0x00003d86   0x000004fb   Data   RO          576    .constdata          adafruit_gfx.o
    0x00004281   0x00000003   PAD
    0x00004284   0x0000002c   Data   RO          586    .constdata__ZTV12Adafruit_GFX  adafruit_gfx.o
    0x000042b0   0x0000006c   Data   RO          476    .constdata__ZTV16Adafruit_SSD1351  adafruit_ssd1351.o
    0x0000431c   0x00000008   Data   RO          477    .constdata__ZTV16Adafruit_SSD1351  adafruit_ssd1351.o
    0x00004324   0x00000020   Data   RO         1104    Region$$Table       anon$$obj.o
    0x00004344   0x00000004   Data   RO          326    .init_array         main.o
    0x00004348   0x00000000   Data   RO          677    .init_array         c_w.l(init_aeabi.o)


    Execution Region ER_RW (Base: 0x20038000, Size: 0x0000003c, Max: 0xffffffff, ABSOLUTE)

    Base Addr    Size         Type   Attr      Idx    E Section Name        Object

    0x20038000   0x00000005   Data   RW           13    .data               system_mb9abxxx.o
    0x20038005   0x00000003   PAD
    0x20038008   0x00000004   Data   RW           97    .data               exint.o
    0x2003800c   0x00000014   Data   RW          131    .data               mfs.o
    0x20038020   0x0000001c   Data   RW          325    .data               main.o


    Execution Region ER_ZI (Base: 0x2003803c, Size: 0x000002a4, Max: 0xffffffff, ABSOLUTE)

    Base Addr    Size         Type   Attr      Idx    E Section Name        Object

    0x2003803c   0x0000000c   Zero   RW           95    .bss                exint.o
    0x20038048   0x00000038   Zero   RW          324    .bss                main.o
    0x20038080   0x00000060   Zero   RW          992    .bss                c_w.l(libspace.o)
    0x200380e0   0x00000000   Zero   RW            2    HEAP                startup_mb9bf56x.o
    0x200380e0   0x00000200   Zero   RW            1    STACK               startup_mb9bf56x.o


==============================================================================

Image component sizes


      Code (inc. data)   RO Data    RW Data    ZI Data      Debug   Object Name

      3016         10       1319          0          0      15448   adafruit_gfx.o
      1760         32        116          0          0      10290   adafruit_ssd1351.o
       752         32          4          4         12      34126   exint.o
        92         12          0          0          0       1061   interrupts.o
       204         36          4         28         56      16501   main.o
      6796        104          0         20          0      44985   mfs.o
        76         26        576          0        512        852   startup_mb9bf56x.o
       468         64          0          5          0    1256392   system_mb9abxxx.o
      1024         20          0          0          0       7209   wyzbee_spi.o

    ----------------------------------------------------------------------
     14188        336       2054         60        580    1386864   Object Totals
         0          0         32          0          0          0   (incl. Generated)
         0          0          3          3          0          0   (incl. Padding)

    ----------------------------------------------------------------------

      Code (inc. data)   RO Data    RW Data    ZI Data      Debug   Library Member Name

         8          0          0          0          0         68   __main.o
       104          0          0          0          0         84   __printf.o
         0          0          0          0          0          0   __rtentry.o
        12          0          0          0          0          0   __rtentry2.o
         6          0          0          0          0          0   __rtentry4.o
        52          8          0          0          0          0   __scatter.o
        26          0          0          0          0          0   __scatter_copy.o
        28          0          0          0          0          0   __scatter_zi.o
        48          6          0          0          0         96   _printf_char_common.o
         6          0          0          0          0          0   _printf_d.o
       120         16          0          0          0         92   _printf_dec.o
       178          0          0          0          0         88   _printf_intcommon.o
         0          0          0          0          0          0   _printf_percent.o
         4          0          0          0          0          0   _printf_percent_end.o
        10          0          0          0          0         68   _sputc.o
        10          0          0          0          0         68   defsig_exit.o
        50          0          0          0          0         88   defsig_general.o
        48         34          0          0          0         76   defsig_pvfn_inner.o
        14          0          0          0          0         80   defsig_pvfn_outer.o
        12          0          0          0          0         72   exit.o
         6          0          0          0          0        152   heapauxi.o
         0          0          0          0          0          0   indicate_semi.o
        36         10          0          0          0         80   init_aeabi.o
         2          0          0          0          0          0   libinit.o
        10          0          0          0          0          0   libinit2.o
         2          0          0          0          0          0   libshutdown.o
         2          0          0          0          0          0   libshutdown2.o
         8          4          0          0         96         68   libspace.o
        40          6          0          0          0         84   noretval__2sprintf.o
         2          0          0          0          0          0   rtexit.o
        10          0          0          0          0          0   rtexit2.o
        12          4          0          0          0         68   sys_exit.o
        74          0          0          0          0         80   sys_stackheap_outer.o
        14          0          0          0          0         76   sys_wrch.o
         2          0          0          0          0         68   use_no_semi.o
         6          0          0          0          0         68   pure_virt.o
        10          0          0          0          0        116   fpinit.o

    ----------------------------------------------------------------------
       982         88          0          0         96       1740   Library Totals
        10          0          0          0          0          0   (incl. Padding)

    ----------------------------------------------------------------------

      Code (inc. data)   RO Data    RW Data    ZI Data      Debug   Library Name

       956         88          0          0         96       1556   c_w.l
         6          0          0          0          0         68   cpprt_w.l
        10          0          0          0          0        116   fz_wm.l

    ----------------------------------------------------------------------
       982         88          0          0         96       1740   Library Totals

    ----------------------------------------------------------------------

==============================================================================


      Code (inc. data)   RO Data    RW Data    ZI Data      Debug   

     15170        424       2054         60        676    1386272   Grand Totals
     15170        424       2054         60        676    1386272   ELF Image Totals
     15170        424       2054         60          0          0   ROM Totals

==============================================================================

    Total RO  Size (Code + RO Data)                17224 (  16.82kB)
    Total RW  Size (RW Data + ZI Data)               736 (   0.72kB)
    Total ROM Size (Code + RO Data + RW Data)      17284 (  16.88kB)

==============================================================================

