Component: ARM Compiler 5.05 (build 41) Tool: armlink [4d0eb9]

==============================================================================

Section Cross References

    startup_mb9bf56x.o(STACK) refers (Special) to heapauxi.o(.text) for __use_two_region_memory
    startup_mb9bf56x.o(HEAP) refers (Special) to heapauxi.o(.text) for __use_two_region_memory
    startup_mb9bf56x.o(RESET) refers (Special) to heapauxi.o(.text) for __use_two_region_memory
    startup_mb9bf56x.o(RESET) refers to startup_mb9bf56x.o(STACK) for __initial_sp
    startup_mb9bf56x.o(RESET) refers to startup_mb9bf56x.o(.text) for Reset_Handler
    startup_mb9bf56x.o(RESET) refers to interrupts.o(.text) for MFS7_RX_IRQHandler
    startup_mb9bf56x.o(.text) refers (Special) to heapauxi.o(.text) for __use_two_region_memory
    startup_mb9bf56x.o(.text) refers to system_mb9abxxx.o(.text) for SystemInit
    startup_mb9bf56x.o(.text) refers to __main.o(!!!main) for __main
    startup_mb9bf56x.o(.text) refers to startup_mb9bf56x.o(HEAP) for Heap_Mem
    startup_mb9bf56x.o(.text) refers to startup_mb9bf56x.o(STACK) for Stack_Mem
    system_mb9abxxx.o(.text) refers to system_mb9abxxx.o(.data) for SystemCoreClock
    exint.o(.text) refers to exint.o(.constdata) for cau8ExintReferenceLut
    exint.o(.text) refers to exint.o(.bss) for stcExintInternData
    exint.o(.text) refers to exint.o(.data) for stcExintNMIInternData
    mfs.o(.text) refers to mfs.o(.data) for m_astcMfsInstanceDataLut
    mfs_hl.o(.text) refers to mfs_hl.o(.data) for m_astcMfsHlInstanceDataLut
    mfs_hl.o(.text) refers to mfs.o(.text) for Mfs_GetReloadValue
    mfs_hl.o(.text) refers to pdl.o(.text) for PDL_WAIT_LOOP_HOOK
    interrupts.o(.text) refers to exint.o(.text) for Exint_IrqHandler
    interrupts.o(.text) refers to mfs.o(.text) for MfsIrqHandlerRx
    interrupts.o(.text) refers to mfs.o(.data) for m_astcMfsInstanceDataLut
    clk.o(.text) refers to pdl.o(.text) for PDL_WAIT_LOOP_HOOK
    reset.o(.text) refers to reset.o(.data) for stcStoredResetCause
    main.o(.text) refers to _printf_percent.o(.ARM.Collect$$_printf_percent$$00000000) for _printf_percent
    main.o(.text) refers to _printf_f.o(.ARM.Collect$$_printf_percent$$00000003) for _printf_f
    main.o(.text) refers to printf1.o(x$fpl$printf1) for _printf_fp_dec
    main.o(.text) refers to adafruit_ssd1351.o(.text) for Adafruit_SSD1351::Adafruit_SSD1351()
    main.o(.text) refers to adafruit_gfx.o(.text) for Adafruit_GFX::setTextSize(unsigned char)
    main.o(.text) refers to wyzbee_i2c.o(.text) for WyzBeeI2c_Init
    main.o(.text) refers to f2d.o(x$fpl$f2d) for __aeabi_f2d
    main.o(.text) refers to dmul.o(x$fpl$dmul) for __aeabi_dmul
    main.o(.text) refers to ddiv.o(x$fpl$ddiv) for __aeabi_ddiv
    main.o(.text) refers to daddsub_clz.o(x$fpl$dsub) for __aeabi_dsub
    main.o(.text) refers to d2f.o(x$fpl$d2f) for __aeabi_d2f
    main.o(.text) refers to noretval__2sprintf.o(.text) for __2sprintf
    main.o(.text) refers to strcat.o(.text) for strcat
    main.o(.text) refers to dflt_clz.o(x$fpl$dflt) for __aeabi_i2d
    main.o(.text) refers to wyzbee_spi.o(.text) for WyzBeeSpi_Init
    main.o(.text) refers to main.o(.data) for count
    main.o(.text) refers to main.o(.bss) for tft
    main.o(.ARM.exidx) refers to main.o(.text) for .text
    main.o(.init_array) refers to main.o(.text) for __sti___8_main_cpp_tft
    main.o(.init_array) refers to init_aeabi.o(.text) for __cpp_initialize__aeabi_
    wyzbee_spi.o(.text) refers to mfs.o(.text) for Mfs_SetRxEnable
    adafruit_ssd1351.o(.text) refers to adafruit_gfx.o(.text) for Adafruit_GFX::Adafruit_GFX__sub_object(short, short)
    adafruit_ssd1351.o(.text) refers to adafruit_ssd1351.o(i._ZN16Adafruit_SSD13518spiwriteEh) for Adafruit_SSD1351::spiwrite(unsigned char)
    adafruit_ssd1351.o(.text) refers to adafruit_ssd1351.o(.constdata__ZTV16Adafruit_SSD1351) for VTT for Adafruit_SSD1351
    adafruit_ssd1351.o(.ARM.exidx) refers to adafruit_ssd1351.o(.text) for .text
    spi_oled.o(.text) refers to mfs.o(.text) for Mfs_Csio_DeInit
    spi_oled.o(.text) refers to spi_oled.o(.data) for stcMfsCsioCfg_oled
    spi_oled.o(.ARM.exidx) refers to spi_oled.o(.text) for .text
    adafruit_gfx.o(.text) refers to adafruit_gfx.o(.constdata__ZTV12Adafruit_GFX) for vtable for Adafruit_GFX
    adafruit_gfx.o(.text) refers to adafruit_gfx.o(.constdata) for font
    adafruit_gfx.o(.ARM.exidx) refers to adafruit_gfx.o(.text) for .text
    wyzbee_i2c.o(.text) refers to mfs.o(.text) for Mfs_GetESCR
    wyzbee_i2c.o(.text) refers to wyzbee_i2c.o(.data) for I2cStatus
    __2sprintf.o(.text) refers to _printf_char_common.o(.text) for _printf_char_common
    __2sprintf.o(.text) refers to _sputc.o(.text) for _sputc
    noretval__2sprintf.o(.text) refers to _printf_char_common.o(.text) for _printf_char_common
    noretval__2sprintf.o(.text) refers to _sputc.o(.text) for _sputc
[...]
    system_mb9abxxx.c                        0x00000000   Number         0  system_mb9abxxx.o ABSOLUTE
    !!!main                                  0x00000240   Section        8  __main.o(!!!main)
    !!!scatter                               0x00000248   Section       52  __scatter.o(!!!scatter)
    !!handler_copy                           0x0000027c   Section       26  __scatter_copy.o(!!handler_copy)
    !!handler_zi                             0x00000298   Section       28  __scatter_zi.o(!!handler_zi)
    .ARM.Collect$$_printf_percent$$00000000  0x000002b4   Section        0  _printf_percent.o(.ARM.Collect$$_printf_percent$$00000000)
    .ARM.Collect$$_printf_percent$$00000003  0x000002b4   Section        6  _printf_f.o(.ARM.Collect$$_printf_percent$$00000003)
    .ARM.Collect$$_printf_percent$$00000017  0x000002ba   Section        4  _printf_percent_end.o(.ARM.Collect$$_printf_percent$$00000017)
    .ARM.Collect$$libinit$$00000000          0x000002be   Section        2  libinit.o(.ARM.Collect$$libinit$$00000000)
    .ARM.Collect$$libinit$$00000001          0x000002c0   Section        4  libinit2.o(.ARM.Collect$$libinit$$00000001)
    .ARM.Collect$$libinit$$00000004          0x000002c4   Section        0  libinit2.o(.ARM.Collect$$libinit$$00000004)
    .ARM.Collect$$libinit$$0000000A          0x000002c4   Section        0  libinit2.o(.ARM.Collect$$libinit$$0000000A)
    .ARM.Collect$$libinit$$0000000C          0x000002c4   Section        0  libinit2.o(.ARM.Collect$$libinit$$0000000C)
    .ARM.Collect$$libinit$$0000000E          0x000002c4   Section        0  libinit2.o(.ARM.Collect$$libinit$$0000000E)
    .ARM.Collect$$libinit$$0000000F          0x000002c4   Section        6  libinit2.o(.ARM.Collect$$libinit$$0000000F)
    .ARM.Collect$$libinit$$00000011          0x000002ca   Section        0  libinit2.o(.ARM.Collect$$libinit$$00000011)
    .ARM.Collect$$libinit$$00000013          0x000002ca   Section        0  libinit2.o(.ARM.Collect$$libinit$$00000013)
    .ARM.Collect$$libinit$$00000015          0x000002ca   Section        0  libinit2.o(.ARM.Collect$$libinit$$00000015)
    .ARM.Collect$$libinit$$00000016          0x000002ca   Section       10  libinit2.o(.ARM.Collect$$libinit$$00000016)
    .ARM.Collect$$libinit$$00000017          0x000002d4   Section        0  libinit2.o(.ARM.Collect$$libinit$$00000017)
    .ARM.Collect$$libinit$$00000019          0x000002d4   Section        0  libinit2.o(.ARM.Collect$$libinit$$00000019)
    .ARM.Collect$$libinit$$0000001B          0x000002d4   Section        0  libinit2.o(.ARM.Collect$$libinit$$0000001B)
    .ARM.Collect$$libinit$$0000001D          0x000002d4   Section        0  libinit2.o(.ARM.Collect$$libinit$$0000001D)
    .ARM.Collect$$libinit$$0000001F          0x000002d4   Section        0  libinit2.o(.ARM.Collect$$libinit$$0000001F)
    .ARM.Collect$$libinit$$00000021          0x000002d4   Section        0  libinit2.o(.ARM.Collect$$libinit$$00000021)
    .ARM.Collect$$libinit$$00000023          0x000002d4   Section        0  libinit2.o(.ARM.Collect$$libinit$$00000023)
    .ARM.Collect$$libinit$$00000025          0x000002d4   Section        0  libinit2.o(.ARM.Collect$$libinit$$00000025)
    .ARM.Collect$$libinit$$0000002C          0x000002d4   Section        0  libinit2.o(.ARM.Collect$$libinit$$0000002C)
    .ARM.Collect$$libinit$$0000002E          0x000002d4   Section        0  libinit2.o(.ARM.Collect$$libinit$$0000002E)
    .ARM.Collect$$libinit$$00000030          0x000002d4   Section        0  libinit2.o(.ARM.Collect$$libinit$$00000030)
    .ARM.Collect$$libinit$$00000031          0x000002d4   Section        4  libinit2.o(.ARM.Collect$$libinit$$00000031)
    .ARM.Collect$$libinit$$00000032          0x000002d8   Section        0  libinit2.o(.ARM.Collect$$libinit$$00000032)
    .ARM.Collect$$libinit$$00000033          0x000002d8   Section        2  libinit2.o(.ARM.Collect$$libinit$$00000033)
    .ARM.Collect$$libshutdown$$00000000      0x000002da   Section        2  libshutdown.o(.ARM.Collect$$libshutdown$$00000000)
    .ARM.Collect$$libshutdown$$00000003      0x000002dc   Section        0  libshutdown2.o(.ARM.Collect$$libshutdown$$00000003)
    .ARM.Collect$$libshutdown$$00000006      0x000002dc   Section        0  libshutdown2.o(.ARM.Collect$$libshutdown$$00000006)
    .ARM.Collect$$libshutdown$$00000009      0x000002dc   Section        0  libshutdown2.o(.ARM.Collect$$libshutdown$$00000009)
    .ARM.Collect$$libshutdown$$0000000B      0x000002dc   Section        0  libshutdown2.o(.ARM.Collect$$libshutdown$$0000000B)
    .ARM.Collect$$libshutdown$$0000000E      0x000002dc   Section        0  libshutdown2.o(.ARM.Collect$$libshutdown$$0000000E)
    .ARM.Collect$$libshutdown$$0000000F      0x000002dc   Section        2  libshutdown2.o(.ARM.Collect$$libshutdown$$0000000F)
    .ARM.Collect$$rtentry$$00000000          0x000002de   Section        0  __rtentry.o(.ARM.Collect$$rtentry$$00000000)
    .ARM.Collect$$rtentry$$00000002          0x000002de   Section        0  __rtentry2.o(.ARM.Collect$$rtentry$$00000002)
    .ARM.Collect$$rtentry$$00000004          0x000002de   Section        6  __rtentry4.o(.ARM.Collect$$rtentry$$00000004)
    .ARM.Collect$$rtentry$$00000009          0x000002e4   Section        0  __rtentry2.o(.ARM.Collect$$rtentry$$00000009)
    .ARM.Collect$$rtentry$$0000000A          0x000002e4   Section        4  __rtentry2.o(.ARM.Collect$$rtentry$$0000000A)
    .ARM.Collect$$rtentry$$0000000C          0x000002e8   Section        0  __rtentry2.o(.ARM.Collect$$rtentry$$0000000C)
    .ARM.Collect$$rtentry$$0000000D          0x000002e8   Section        8  __rtentry2.o(.ARM.Collect$$rtentry$$0000000D)
    .ARM.Collect$$rtexit$$00000000           0x000002f0   Section        2  rtexit.o(.ARM.Collect$$rtexit$$00000000)
    .ARM.Collect$$rtexit$$00000002           0x000002f2   Section        0  rtexit2.o(.ARM.Collect$$rtexit$$00000002)
    .ARM.Collect$$rtexit$$00000003           0x000002f2   Section        4  rtexit2.o(.ARM.Collect$$rtexit$$00000003)
    .ARM.Collect$$rtexit$$00000004           0x000002f6   Section        6  rtexit2.o(.ARM.Collect$$rtexit$$00000004)
    .text                                    0x000002fc   Section       76  startup_mb9bf56x.o(.text)
    $v0                                      0x000002fc   Number         0  startup_mb9bf56x.o(.text)
    .text                                    0x00000348   Section        0  system_mb9abxxx.o(.text)
    .text                                    0x0000051c   Section        0  exint.o(.text)
    NVIC_SetPriority                         0x0000051d   Thumb Code    32  exint.o(.text)
    ExintGetInternDataIdx                    0x0000053d   Thumb Code    38  exint.o(.text)
    NVIC_EnableIRQ                           0x000007b3   Thumb Code    22  exint.o(.text)
    NVIC_DisableIRQ                          0x000007c9   Thumb Code    18  exint.o(.text)
    NVIC_ClearPendingIRQ                     0x000007db   Thumb Code    18  exint.o(.text)
    .text                                    0x0000080c   Section        0  mfs.o(.text)
    NVIC_SetPriority                         0x0000080d   Thumb Code    32  mfs.o(.text)
    MfsGetInternDataPtr                      0x0000082d   Thumb Code    48  mfs.o(.text)
    NVIC_EnableIRQ                           0x000022bf   Thumb Code    22  mfs.o(.text)
    NVIC_DisableIRQ                          0x000022d5   Thumb Code    18  mfs.o(.text)
    NVIC_ClearPendingIRQ                     0x000022e7   Thumb Code    18  mfs.o(.text)
    .text                                    0x00002300   Section        0  interrupts.o(.text)
    .text                                    0x0000239c   Section        0  main.o(.text)
    __sti___8_main_cpp_tft                   0x00002861   Thumb Code    10  main.o(.text)
    .text                                    0x00002870   Section        0  wyzbee_spi.o(.text)
    .text                                    0x00002c70   Section        0  adafruit_ssd1351.o(.text)
    .text                                    0x0000333c   Section        0  adafruit_gfx.o(.text)
    .text                                    0x00003f04   Section        0  wyzbee_i2c.o(.text)
    WyzBeeI2c_RxIsr                          0x00003f05   Thumb Code   366  wyzbee_i2c.o(.text)
    WyzBeeI2c_TxIsr                          0x00004073   Thumb Code   364  wyzbee_i2c.o(.text)
    WyzBeeI2c_SatusIsr                       0x000041df   Thumb Code    22  wyzbee_i2c.o(.text)
    WyzBeeI2cWaitTxRxComplete                0x0000436d   Thumb Code    54  wyzbee_i2c.o(.text)
    .text                                    0x0000451c   Section        0  noretval__2sprintf.o(.text)
    .text                                    0x00004544   Section        0  __printf_ss_wp.o(.text)
    .text                                    0x000046a4   Section        0  strcat.o(.text)
    .text                                    0x000046bc   Section        0  heapauxi.o(.text)
    .text                                    0x000046c4   Section        0  init_aeabi.o(.text)
    .text                                    0x000046e8   Section        0  _printf_fp_dec.o(.text)
    _fp_digits                               0x000046eb   Thumb Code   428  _printf_fp_dec.o(.text)
    .text                                    0x00004b04   Section        0  _printf_char_common.o(.text)
    _printf_input_char                       0x00004b05   Thumb Code    10  _printf_char_common.o(.text)
    .text                                    0x00004b34   Section        0  _sputc.o(.text)
    .text                                    0x00004b3e   Section        0  defsig_pvfn_outer.o(.text)
    .text                                    0x00004b4c   Section        8  rt_locale_intlibspace.o(.text)
    .text                                    0x00004b54   Section      138  lludiv10.o(.text)
    .text                                    0x00004be0   Section        0  _printf_fp_infnan.o(.text)
    .text                                    0x00004c60   Section        0  bigflt0.o(.text)
    .text                                    0x00004d3c   Section        0  defsig_exit.o(.text)
    .text                                    0x00004d48   Section        0  defsig_pvfn_inner.o(.text)
    .text                                    0x00004d78   Section        0  sys_exit.o(.text)
    .text                                    0x00004d84   Section        8  libspace.o(.text)
    .text                                    0x00004d8c   Section       74  sys_stackheap_outer.o(.text)
    .text                                    0x00004dd6   Section        0  exit.o(.text)
    .text                                    0x00004de2   Section        0  defsig_general.o(.text)
    .text                                    0x00004e14   Section      128  strcmpv7m.o(.text)
    .text                                    0x00004e94   Section        0  sys_wrch.o(.text)
    .text                                    0x00004ea2   Section        2  use_no_semi.o(.text)
    .text                                    0x00004ea4   Section        0  indicate_semi.o(.text)
    CL$$btod_d2e                             0x00004ea4   Section       62  btod.o(CL$$btod_d2e)
    CL$$btod_d2e_denorm_low                  0x00004ee2   Section       70  btod.o(CL$$btod_d2e_denorm_low)
    CL$$btod_d2e_norm_op1                    0x00004f28   Section       96  btod.o(CL$$btod_d2e_norm_op1)
    CL$$btod_div_common                      0x00004f88   Section      824  btod.o(CL$$btod_div_common)
    CL$$btod_e2e                             0x000052c0   Section      198  btod.o(CL$$btod_e2e)
    CL$$btod_ediv                            0x00005386   Section       40  btod.o(CL$$btod_ediv)
    CL$$btod_emul                            0x000053ae   Section       40  btod.o(CL$$btod_emul)
    CL$$btod_mult_common                     0x000053d6   Section      580  btod.o(CL$$btod_mult_common)
    i._ZN16Adafruit_SSD13518spiwriteEh       0x0000561a   Section        0  adafruit_ssd1351.o(i._ZN16Adafruit_SSD13518spiwriteEh)
    i.__ARM_fpclassify                       0x0000562e   Section        0  fpclassify.o(i.__ARM_fpclassify)
    i.__cxa_pure_virtual                     0x0000565e   Section        0  pure_virt.o(i.__cxa_pure_virtual)
    i._is_digit                              0x00005664   Section        0  __printf_wp.o(i._is_digit)
    locale$$code                             0x00005674   Section       44  lc_numeric_c.o(locale$$code)
    x$fpl$d2f                                0x000056a0   Section       98  d2f.o(x$fpl$d2f)
    $v0                                      0x000056a0   Number         0  d2f.o(x$fpl$d2f)
    x$fpl$dadd                               0x00005704   Section      336  daddsub_clz.o(x$fpl$dadd)
    $v0                                      0x00005704   Number         0  daddsub_clz.o(x$fpl$dadd)
    _dadd1                                   0x00005715   Thumb Code     0  daddsub_clz.o(x$fpl$dadd)
    x$fpl$ddiv                               0x00005854   Section      688  ddiv.o(x$fpl$ddiv)
    $v0                                      0x00005854   Number         0  ddiv.o(x$fpl$ddiv)
    ddiv_entry                               0x0000585b   Thumb Code     0  ddiv.o(x$fpl$ddiv)
    x$fpl$dflt                               0x00005b04   Section       46  dflt_clz.o(x$fpl$dflt)
    $v0                                      0x00005b04   Number         0  dflt_clz.o(x$fpl$dflt)
    x$fpl$dmul                               0x00005b34   Section      340  dmul.o(x$fpl$dmul)
    $v0                                      0x00005b34   Number         0  dmul.o(x$fpl$dmul)
    x$fpl$dnaninf                            0x00005c88   Section      156  dnaninf.o(x$fpl$dnaninf)
    $v0                                      0x00005c88   Number         0  dnaninf.o(x$fpl$dnaninf)
    x$fpl$dretinf                            0x00005d24   Section       12  dretinf.o(x$fpl$dretinf)
    $v0                                      0x00005d24   Number         0  dretinf.o(x$fpl$dretinf)
    x$fpl$dsub                               0x00005d30   Section      468  daddsub_clz.o(x$fpl$dsub)
    $v0                                      0x00005d30   Number         0  daddsub_clz.o(x$fpl$dsub)
    _dsub1                                   0x00005d41   Thumb Code     0  daddsub_clz.o(x$fpl$dsub)
    x$fpl$f2d                                0x00005f04   Section       86  f2d.o(x$fpl$f2d)
    $v0                                      0x00005f04   Number         0  f2d.o(x$fpl$f2d)
    x$fpl$fnaninf                            0x00005f5a   Section      140  fnaninf.o(x$fpl$fnaninf)
    $v0                                      0x00005f5a   Number         0  fnaninf.o(x$fpl$fnaninf)
    x$fpl$fpinit                             0x00005fe6   Section       10  fpinit.o(x$fpl$fpinit)
    $v0                                      0x00005fe6   Number         0  fpinit.o(x$fpl$fpinit)
    x$fpl$fretinf                            0x00005ff0   Section       10  fretinf.o(x$fpl$fretinf)
    $v0                                      0x00005ff0   Number         0  fretinf.o(x$fpl$fretinf)
    x$fpl$printf1                            0x00005ffa   Section        4  printf1.o(x$fpl$printf1)
    $v0                                      0x00005ffa   Number         0  printf1.o(x$fpl$printf1)
    .constdata                               0x00005ffe   Section        4  exint.o(.constdata)
    x$fpl$usenofp                            0x00005ffe   Section        0  usenofp.o(x$fpl$usenofp)
    .constdata                               0x00006002   Section     1275  adafruit_gfx.o(.constdata)
    font                                     0x00006002   Data        1275  adafruit_gfx.o(.constdata)
    .constdata                               0x00006500   Section      148  bigflt0.o(.constdata)
    tenpwrs_x                                0x00006500   Data          60  bigflt0.o(.constdata)
    tenpwrs_i                                0x0000653c   Data          64  bigflt0.o(.constdata)
    .constdata__ZTV12Adafruit_GFX            0x00006594   Section       44  adafruit_gfx.o(.constdata__ZTV12Adafruit_GFX)
    .constdata__ZTV16Adafruit_SSD1351        0x000065c0   Section      108  adafruit_ssd1351.o(.constdata__ZTV16Adafruit_SSD1351)
    .constdata__ZTV16Adafruit_SSD1351        0x0000662c   Section        8  adafruit_ssd1351.o(.constdata__ZTV16Adafruit_SSD1351)
    locale$$data                             0x00006654   Section       28  lc_numeric_c.o(locale$$data)
    __lcnum_c_name                           0x00006658   Data           2  lc_numeric_c.o(locale$$data)
    __lcnum_c_start                          0x00006660   Data           0  lc_numeric_c.o(locale$$data)
    __lcnum_c_point                          0x0000666c   Data           0  lc_numeric_c.o(locale$$data)
    __lcnum_c_thousands                      0x0000666e   Data           0  lc_numeric_c.o(locale$$data)
    __lcnum_c_grouping                       0x0000666f   Data           0  lc_numeric_c.o(locale$$data)
    .init_array                              0x00006670   Section        4  main.o(.init_array)
    __lcnum_c_end                            0x00006670   Data           0  lc_numeric_c.o(locale$$data)
    .init_array                              0x00006674   Section        0  init_aeabi.o(.init_array)
    .data                                    0x20038000   Section        5  system_mb9abxxx.o(.data)
    u8IoRegisterRead                         0x20038004   Data           1  system_mb9abxxx.o(.data)
    .data                                    0x20038008   Section        4  exint.o(.data)
    .data                                    0x2003800c   Section       40  mfs.o(.data)
    .data                                    0x20038034   Section       68  main.o(.data)
    count                                    0x20038074   Data           4  main.o(.data)
    .data                                    0x20038078   Section       14  wyzbee_i2c.o(.data)
    I2cStatus                                0x20038078   Data           1  wyzbee_i2c.o(.data)
    GlobalBuf                                0x2003807c   Data           4  wyzbee_i2c.o(.data)
    GlobalBufLen                             0x20038080   Data           2  wyzbee_i2c.o(.data)
    RxBufIndex                               0x20038082   Data           2  wyzbee_i2c.o(.data)
    TxBufIndex                               0x20038084   Data           2  wyzbee_i2c.o(.data)
    .bss                                     0x20038088   Section       12  exint.o(.bss)
    .bss                                     0x20038094   Section       56  main.o(.bss)
    .bss                                     0x200380cc   Section       96  libspace.o(.bss)
    HEAP                                     0x20038130   Section        0  startup_mb9bf56x.o(HEAP)
    STACK                                    0x20038130   Section      512  startup_mb9bf56x.o(STACK)
    Heap_Mem                                 0x20038130   Data           0  startup_mb9bf56x.o(HEAP)
    Stack_Mem                                0x20038130   Data         512  startup_mb9bf56x.o(STACK)
    __initial_sp                             0x20038330   Data           0  startup_mb9bf56x.o(STACK)

    Global Symbols

    Symbol Name                              Value     Ov Type        Size  Object(Section)

    BuildAttributes$$THM_ISAv4$E$P$D$K$B$S$7EM$VFPi3$EXTD16$VFPS$VFMA$PE$A:L22UL41UL21$X:L11$S22US41US21$IEEE1$IW$USESV6$~STKCKD$USESV7$~SHL$OTIME$ROPI$IEEEJ$EBA8$UX$STANDARDLIB$REQ8$PRES8$EABIv2 0x00000000   Number         0  anon$$obj.o ABSOLUTE
    __ARM_use_no_argv                        0x00000000   Number         0  main.o ABSOLUTE
    __Vectors                                0x00000000   Data           4  startup_mb9bf56x.o(RESET)
    _printf_flags                            0x00000000   Number         0  printf_stubs.o ABSOLUTE
    _printf_return_value                     0x00000000   Number         0  printf_stubs.o ABSOLUTE
    _printf_sizespec                         0x00000000   Number         0  printf_stubs.o ABSOLUTE
    _printf_widthprec                        0x00000000   Number         0  printf_stubs.o ABSOLUTE
    __ARM::default_unexpected_handler()       - Undefined Weak Reference
    __ARM_exceptions_buffer_required          - Undefined Weak Reference
    __ARM_exceptions_init                     - Undefined Weak Reference
    __alloca_initialize                       - Undefined Weak Reference
    __arm_preinit_                            - Undefined Weak Reference
    __cxa_finalize                            - Undefined Weak Reference
    __sigvec_lookup                           - Undefined Weak Reference
    __user_heap_extent                        - Undefined Weak Reference
    _atexit_init                              - Undefined Weak Reference
    _call_atexit_fns                          - Undefined Weak Reference
    _clock_init                               - Undefined Weak Reference
    _fp_trap_init                             - Undefined Weak Reference
    _fp_trap_shutdown                         - Undefined Weak Reference
    _get_lc_collate                           - Undefined Weak Reference
    _get_lc_ctype                             - Undefined Weak Reference
    _get_lc_monetary                          - Undefined Weak Reference
    _get_lc_time                              - Undefined Weak Reference
    _getenv_init                              - Undefined Weak Reference
    _handle_redirection                       - Undefined Weak Reference
    _initio                                   - Undefined Weak Reference
    _mutex_acquire                            - Undefined Weak Reference
    _mutex_free                               - Undefined Weak Reference
    _mutex_release                            - Undefined Weak Reference
    _printf_post_padding                      - Undefined Weak Reference
    _printf_pre_padding                       - Undefined Weak Reference
    _rand_init                                - Undefined Weak Reference
    _signal_finish                            - Undefined Weak Reference
    _signal_init                              - Undefined Weak Reference
    _terminateio                              - Undefined Weak Reference
    __Vectors_End                            0x00000240   Data           0  startup_mb9bf56x.o(RESET)
    __Vectors_Size                           0x00000240   Number         0  startup_mb9bf56x.o ABSOLUTE
    __main                                   0x00000241   Thumb Code     8  __main.o(!!!main)
    __scatterload                            0x00000249   Thumb Code     0  __scatter.o(!!!scatter)
    __scatterload_rt2                        0x00000249   Thumb Code    44  __scatter.o(!!!scatter)
    __scatterload_rt2_thumb_only             0x00000249   Thumb Code     0  __scatter.o(!!!scatter)
    __scatterload_null                       0x00000257   Thumb Code     0  __scatter.o(!!!scatter)
    __scatterload_copy                       0x0000027d   Thumb Code    26  __scatter_copy.o(!!handler_copy)
    __scatterload_zeroinit                   0x00000299   Thumb Code    28  __scatter_zi.o(!!handler_zi)
    _printf_f                                0x000002b5   Thumb Code     0  _printf_f.o(.ARM.Collect$$_printf_percent$$00000003)
    _printf_percent                          0x000002b5   Thumb Code     0  _printf_percent.o(.ARM.Collect$$_printf_percent$$00000000)
    _printf_percent_end                      0x000002bb   Thumb Code     0  _printf_percent_end.o(.ARM.Collect$$_printf_percent$$00000017)
    __rt_lib_init                            0x000002bf   Thumb Code     0  libinit.o(.ARM.Collect$$libinit$$00000000)
    __rt_lib_init_fp_1                       0x000002c1   Thumb Code     0  libinit2.o(.ARM.Collect$$libinit$$00000001)
    __rt_lib_init_heap_1                     0x000002c5   Thumb Code     0  libinit2.o(.ARM.Collect$$libinit$$0000000A)
    __rt_lib_init_lc_common                  0x000002c5   Thumb Code     0  libinit2.o(.ARM.Collect$$libinit$$0000000F)
    __rt_lib_init_preinit_1                  0x000002c5   Thumb Code     0  libinit2.o(.ARM.Collect$$libinit$$00000004)
    __rt_lib_init_rand_1                     0x000002c5   Thumb Code     0  libinit2.o(.ARM.Collect$$libinit$$0000000E)
    __rt_lib_init_user_alloc_1               0x000002c5   Thumb Code     0  libinit2.o(.ARM.Collect$$libinit$$0000000C)
    __rt_lib_init_lc_collate_1               0x000002cb   Thumb Code     0  libinit2.o(.ARM.Collect$$libinit$$00000011)
    __rt_lib_init_lc_ctype_1                 0x000002cb   Thumb Code     0  libinit2.o(.ARM.Collect$$libinit$$00000013)
    __rt_lib_init_lc_monetary_1              0x000002cb   Thumb Code     0  libinit2.o(.ARM.Collect$$libinit$$00000015)
    __rt_lib_init_lc_numeric_2               0x000002cb   Thumb Code     0  libinit2.o(.ARM.Collect$$libinit$$00000016)
    __rt_lib_init_alloca_1                   0x000002d5   Thumb Code     0  libinit2.o(.ARM.Collect$$libinit$$0000002E)
    __rt_lib_init_argv_1                     0x000002d5   Thumb Code     0  libinit2.o(.ARM.Collect$$libinit$$0000002C)
    __rt_lib_init_atexit_1                   0x000002d5   Thumb Code     0  libinit2.o(.ARM.Collect$$libinit$$0000001B)
    __rt_lib_init_clock_1                    0x000002d5   Thumb Code     0  libinit2.o(.ARM.Collect$$libinit$$00000021)
    __rt_lib_init_cpp_2                      0x000002d5   Thumb Code     0  libinit2.o(.ARM.Collect$$libinit$$00000031)
    __rt_lib_init_exceptions_1               0x000002d5   Thumb Code     0  libinit2.o(.ARM.Collect$$libinit$$00000030)
    __rt_lib_init_fp_trap_1                  0x000002d5   Thumb Code     0  libinit2.o(.ARM.Collect$$libinit$$0000001F)
    __rt_lib_init_getenv_1                   0x000002d5   Thumb Code     0  libinit2.o(.ARM.Collect$$libinit$$00000023)
    __rt_lib_init_lc_numeric_1               0x000002d5   Thumb Code     0  libinit2.o(.ARM.Collect$$libinit$$00000017)
    __rt_lib_init_lc_time_1                  0x000002d5   Thumb Code     0  libinit2.o(.ARM.Collect$$libinit$$00000019)
    __rt_lib_init_signal_1                   0x000002d5   Thumb Code     0  libinit2.o(.ARM.Collect$$libinit$$0000001D)
    __rt_lib_init_stdio_1                    0x000002d5   Thumb Code     0  libinit2.o(.ARM.Collect$$libinit$$00000025)
    __rt_lib_init_cpp_1                      0x000002d9   Thumb Code     0  libinit2.o(.ARM.Collect$$libinit$$00000032)
    __rt_lib_init_return                     0x000002d9   Thumb Code     0  libinit2.o(.ARM.Collect$$libinit$$00000033)
    __rt_lib_shutdown                        0x000002db   Thumb Code     0  libshutdown.o(.ARM.Collect$$libshutdown$$00000000)
    __rt_lib_shutdown_fp_trap_1              0x000002dd   Thumb Code     0  libshutdown2.o(.ARM.Collect$$libshutdown$$00000006)
    __rt_lib_shutdown_heap_1                 0x000002dd   Thumb Code     0  libshutdown2.o(.ARM.Collect$$libshutdown$$0000000E)
    __rt_lib_shutdown_return                 0x000002dd   Thumb Code     0  libshutdown2.o(.ARM.Collect$$libshutdown$$0000000F)
    __rt_lib_shutdown_signal_1               0x000002dd   Thumb Code     0  libshutdown2.o(.ARM.Collect$$libshutdown$$00000009)
    __rt_lib_shutdown_stdio_1                0x000002dd   Thumb Code     0  libshutdown2.o(.ARM.Collect$$libshutdown$$00000003)
    __rt_lib_shutdown_user_alloc_1           0x000002dd   Thumb Code     0  libshutdown2.o(.ARM.Collect$$libshutdown$$0000000B)
    __rt_entry                               0x000002df   Thumb Code     0  __rtentry.o(.ARM.Collect$$rtentry$$00000000)
    __rt_entry_presh_1                       0x000002df   Thumb Code     0  __rtentry2.o(.ARM.Collect$$rtentry$$00000002)
    __rt_entry_sh                            0x000002df   Thumb Code     0  __rtentry4.o(.ARM.Collect$$rtentry$$00000004)
    __rt_entry_li                            0x000002e5   Thumb Code     0  __rtentry2.o(.ARM.Collect$$rtentry$$0000000A)
    __rt_entry_postsh_1                      0x000002e5   Thumb Code     0  __rtentry2.o(.ARM.Collect$$rtentry$$00000009)
    __rt_entry_main                          0x000002e9   Thumb Code     0  __rtentry2.o(.ARM.Collect$$rtentry$$0000000D)
    __rt_entry_postli_1                      0x000002e9   Thumb Code     0  __rtentry2.o(.ARM.Collect$$rtentry$$0000000C)
    __rt_exit                                0x000002f1   Thumb Code     0  rtexit.o(.ARM.Collect$$rtexit$$00000000)
    __rt_exit_ls                             0x000002f3   Thumb Code     0  rtexit2.o(.ARM.Collect$$rtexit$$00000003)
    __rt_exit_prels_1                        0x000002f3   Thumb Code     0  rtexit2.o(.ARM.Collect$$rtexit$$00000002)
    __rt_exit_exit                           0x000002f7   Thumb Code     0  rtexit2.o(.ARM.Collect$$rtexit$$00000004)
    Reset_Handler                            0x000002fd   Thumb Code    20  startup_mb9bf56x.o(.text)
    NMI_Handler                              0x00000311   Thumb Code     2  startup_mb9bf56x.o(.text)
    HardFault_Handler                        0x00000313   Thumb Code     2  startup_mb9bf56x.o(.text)
    MemManage_Handler                        0x00000315   Thumb Code     2  startup_mb9bf56x.o(.text)
    BusFault_Handler                         0x00000317   Thumb Code     2  startup_mb9bf56x.o(.text)
    UsageFault_Handler                       0x00000319   Thumb Code     2  startup_mb9bf56x.o(.text)
    SVC_Handler                              0x0000031b   Thumb Code     2  startup_mb9bf56x.o(.text)
    DebugMon_Handler                         0x0000031d   Thumb Code     2  startup_mb9bf56x.o(.text)
    PendSV_Handler                           0x0000031f   Thumb Code     2  startup_mb9bf56x.o(.text)
    SysTick_Handler                          0x00000321   Thumb Code     2  startup_mb9bf56x.o(.text)
    ADC0_IRQHandler                          0x00000323   Thumb Code     0  startup_mb9bf56x.o(.text)
    ADC1_IRQHandler                          0x00000323   Thumb Code     0  startup_mb9bf56x.o(.text)
    ADC2_IRQHandler                          0x00000323   Thumb Code     0  startup_mb9bf56x.o(.text)
    BT0_IRQHandler                           0x00000323   Thumb Code     0  startup_mb9bf56x.o(.text)
    BT10_IRQHandler                          0x00000323   Thumb Code     0  startup_mb9bf56x.o(.text)
    BT11_IRQHandler                          0x00000323   Thumb Code     0  startup_mb9bf56x.o(.text)
    BT12_15_IRQHandler                       0x00000323   Thumb Code     0  startup_mb9bf56x.o(.text)
    BT1_IRQHandler                           0x00000323   Thumb Code     0  startup_mb9bf56x.o(.text)
    BT2_IRQHandler                           0x00000323   Thumb Code     0  startup_mb9bf56x.o(.text)
    BT3_IRQHandler                           0x00000323   Thumb Code     0  startup_mb9bf56x.o(.text)
    BT4_IRQHandler                           0x00000323   Thumb Code     0  startup_mb9bf56x.o(.text)
    BT5_IRQHandler                           0x00000323   Thumb Code     0  startup_mb9bf56x.o(.text)
    BT6_IRQHandler                           0x00000323   Thumb Code     0  startup_mb9bf56x.o(.text)
    BT7_IRQHandler                           0x00000323   Thumb Code     0  startup_mb9bf56x.o(.text)
    BT8_IRQHandler                           0x00000323   Thumb Code     0  startup_mb9bf56x.o(.text)
    BT9_IRQHandler                           0x00000323   Thumb Code     0  startup_mb9bf56x.o(.text)
    CAN0_IRQHandler                          0x00000323   Thumb Code     0  startup_mb9bf56x.o(.text)
    CAN1_IRQHandler                          0x00000323   Thumb Code     0  startup_mb9bf56x.o(.text)
    CSV_IRQHandler                           0x00000323   Thumb Code     0  startup_mb9bf56x.o(.text)
    DMAC0_IRQHandler                         0x00000323   Thumb Code     0  startup_mb9bf56x.o(.text)
    DMAC1_IRQHandler                         0x00000323   Thumb Code     0  startup_mb9bf56x.o(.text)
    DMAC2_IRQHandler                         0x00000323   Thumb Code     0  startup_mb9bf56x.o(.text)
    DMAC3_IRQHandler                         0x00000323   Thumb Code     0  startup_mb9bf56x.o(.text)
    DMAC4_IRQHandler                         0x00000323   Thumb Code     0  startup_mb9bf56x.o(.text)
    DMAC5_IRQHandler                         0x00000323   Thumb Code     0  startup_mb9bf56x.o(.text)
    DMAC6_IRQHandler                         0x00000323   Thumb Code     0  startup_mb9bf56x.o(.text)
    DMAC7_IRQHandler                         0x00000323   Thumb Code     0  startup_mb9bf56x.o(.text)
    DSTC_IRQHandler                          0x00000323   Thumb Code     0  startup_mb9bf56x.o(.text)
    DT1_2_IRAHandler                         0x00000323   Thumb Code     0  startup_mb9bf56x.o(.text)
    Dummy                                    0x00000323   Thumb Code     0  startup_mb9bf56x.o(.text)
    ETHER0_IRQHandler                        0x00000323   Thumb Code     0  startup_mb9bf56x.o(.text)
    EXINT0_IRQHandler                        0x00000323   Thumb Code     0  startup_mb9bf56x.o(.text)
    EXINT16_17_18_19_IRQHandler              0x00000323   Thumb Code     0  startup_mb9bf56x.o(.text)
    EXINT1_IRQHandler                        0x00000323   Thumb Code     0  startup_mb9bf56x.o(.text)
    EXINT20_21_22_23_IRQHandler              0x00000323   Thumb Code     0  startup_mb9bf56x.o(.text)
    EXINT24_25_26_27_IRQHandler              0x00000323   Thumb Code     0  startup_mb9bf56x.o(.text)
    EXINT28_29_30_31_IRQHandler              0x00000323   Thumb Code     0  startup_mb9bf56x.o(.text)
    EXINT2_IRQHandler                        0x00000323   Thumb Code     0  startup_mb9bf56x.o(.text)
    EXINT3_IRQHandler                        0x00000323   Thumb Code     0  startup_mb9bf56x.o(.text)
    EXINT4_IRQHandler                        0x00000323   Thumb Code     0  startup_mb9bf56x.o(.text)
    EXINT5_IRQHandler                        0x00000323   Thumb Code     0  startup_mb9bf56x.o(.text)
    EXINT6_IRQHandler                        0x00000323   Thumb Code     0  startup_mb9bf56x.o(.text)
    EXINT7_IRQHandler                        0x00000323   Thumb Code     0  startup_mb9bf56x.o(.text)
    EXTBUS_ERR_Handler                       0x00000323   Thumb Code     0  startup_mb9bf56x.o(.text)
    EXTINT10_IRQHandler                      0x00000323   Thumb Code     0  startup_mb9bf56x.o(.text)
    EXTINT11_IRQHandler                      0x00000323   Thumb Code     0  startup_mb9bf56x.o(.text)
    EXTINT12_IRQHandler                      0x00000323   Thumb Code     0  startup_mb9bf56x.o(.text)
    EXTINT13_IRQHandler                      0x00000323   Thumb Code     0  startup_mb9bf56x.o(.text)
    EXTINT14_IRQHandler                      0x00000323   Thumb Code     0  startup_mb9bf56x.o(.text)
    EXTINT15_IRQHandler                      0x00000323   Thumb Code     0  startup_mb9bf56x.o(.text)
    EXTINT8_IRQHandler                       0x00000323   Thumb Code     0  startup_mb9bf56x.o(.text)
    EXTINT9_IRQHandler                       0x00000323   Thumb Code     0  startup_mb9bf56x.o(.text)
    FLASHIF_IRQHandler                       0x00000323   Thumb Code     0  startup_mb9bf56x.o(.text)
    FRT0_PEAK_IRQHandler                     0x00000323   Thumb Code     0  startup_mb9bf56x.o(.text)
    FRT0_ZERO_IRQHandler                     0x00000323   Thumb Code     0  startup_mb9bf56x.o(.text)
    FRT1_PEAK_IRQHandler                     0x00000323   Thumb Code     0  startup_mb9bf56x.o(.text)
    FRT1_ZERO_IRQHandler                     0x00000323   Thumb Code     0  startup_mb9bf56x.o(.text)
    FRT2_PEAK_IRQHandler                     0x00000323   Thumb Code     0  startup_mb9bf56x.o(.text)
    FRT2_ZERO_IRQHandler                     0x00000323   Thumb Code     0  startup_mb9bf56x.o(.text)
    ICU0_IRQHandler                          0x00000323   Thumb Code     0  startup_mb9bf56x.o(.text)
    ICU1_IRQHandler                          0x00000323   Thumb Code     0  startup_mb9bf56x.o(.text)
    ICU2_IRQHandler                          0x00000323   Thumb Code     0  startup_mb9bf56x.o(.text)
    IRQ003SEL_IRQHandler                     0x00000323   Thumb Code     0  startup_mb9bf56x.o(.text)
    IRQ004SEL_IRQHandler                     0x00000323   Thumb Code     0  startup_mb9bf56x.o(.text)
    IRQ005SEL_IRQHandler                     0x00000323   Thumb Code     0  startup_mb9bf56x.o(.text)
    IRQ006SEL_IRQHandler                     0x00000323   Thumb Code     0  startup_mb9bf56x.o(.text)
    IRQ007SEL_IRQHandler                     0x00000323   Thumb Code     0  startup_mb9bf56x.o(.text)
    IRQ008SEL_IRQHandler                     0x00000323   Thumb Code     0  startup_mb9bf56x.o(.text)
    IRQ009SEL_IRQHandler                     0x00000323   Thumb Code     0  startup_mb9bf56x.o(.text)
    IRQ010SEL_IRQHandler                     0x00000323   Thumb Code     0  startup_mb9bf56x.o(.text)
    LVD_IRQHandler                           0x00000323   Thumb Code     0  startup_mb9bf56x.o(.text)
    MFS0_RX_IRQHandler                       0x00000323   Thumb Code     0  startup_mb9bf56x.o(.text)
    MFS0_TX_IRQHandler                       0x00000323   Thumb Code     0  startup_mb9bf56x.o(.text)
    MFS10_RX_IRQHandler                      0x00000323   Thumb Code     0  startup_mb9bf56x.o(.text)
    MFS10_TX_IRQHandler                      0x00000323   Thumb Code     0  startup_mb9bf56x.o(.text)
    MFS11_RX_IRQHandler                      0x00000323   Thumb Code     0  startup_mb9bf56x.o(.text)
    MFS11_TX_IRQHandler                      0x00000323   Thumb Code     0  startup_mb9bf56x.o(.text)
    MFS12_RX_IRQHandler                      0x00000323   Thumb Code     0  startup_mb9bf56x.o(.text)
    MFS12_TX_IRQHandler                      0x00000323   Thumb Code     0  startup_mb9bf56x.o(.text)
    MFS13_RX_IRQHandler                      0x00000323   Thumb Code     0  startup_mb9bf56x.o(.text)
    MFS13_TX_IRQHandler                      0x00000323   Thumb Code     0  startup_mb9bf56x.o(.text)
    MFS14_RX_IRQHandler                      0x00000323   Thumb Code     0  startup_mb9bf56x.o(.text)
    MFS14_TX_IRQHandler                      0x00000323   Thumb Code     0  startup_mb9bf56x.o(.text)
    MFS15_RX_IRQHandler                      0x00000323   Thumb Code     0  startup_mb9bf56x.o(.text)
    MFS15_TX_IRQHandler                      0x00000323   Thumb Code     0  startup_mb9bf56x.o(.text)
    MFS1_RX_IRQHandler                       0x00000323   Thumb Code     0  startup_mb9bf56x.o(.text)
    MFS1_TX_IRQHandler                       0x00000323   Thumb Code     0  startup_mb9bf56x.o(.text)
    MFS2_RX_IRQHandler                       0x00000323   Thumb Code     0  startup_mb9bf56x.o(.text)
    MFS2_TX_IRQHandler                       0x00000323   Thumb Code     0  startup_mb9bf56x.o(.text)
    MFS3_RX_IRQHandler                       0x00000323   Thumb Code     0  startup_mb9bf56x.o(.text)
    MFS3_TX_IRQHandler                       0x00000323   Thumb Code     0  startup_mb9bf56x.o(.text)
    MFS4_RX_IRQHandler                       0x00000323   Thumb Code     0  startup_mb9bf56x.o(.text)
    MFS4_TX_IRQHandler                       0x00000323   Thumb Code     0  startup_mb9bf56x.o(.text)
    MFS5_RX_IRQHandler                       0x00000323   Thumb Code     0  startup_mb9bf56x.o(.text)
    MFS5_TX_IRQHandler                       0x00000323   Thumb Code     0  startup_mb9bf56x.o(.text)
    MFS6_RX_IRQHandler                       0x00000323   Thumb Code     0  startup_mb9bf56x.o(.text)
    MFS6_TX_IRQHandler                       0x00000323   Thumb Code     0  startup_mb9bf56x.o(.text)
    MFS8_RX_IRQHandler                       0x00000323   Thumb Code     0  startup_mb9bf56x.o(.text)
    MFS8_TX_IRQHandler                       0x00000323   Thumb Code     0  startup_mb9bf56x.o(.text)
    MFS9_RX_IRQHandler                       0x00000323   Thumb Code     0  startup_mb9bf56x.o(.text)
    MFS9_TX_IRQHandler                       0x00000323   Thumb Code     0  startup_mb9bf56x.o(.text)
    OCU0_IRQHandler                          0x00000323   Thumb Code     0  startup_mb9bf56x.o(.text)
    OCU1_IRQHandler                          0x00000323   Thumb Code     0  startup_mb9bf56x.o(.text)
    OCU2_IRQHandler                          0x00000323   Thumb Code     0  startup_mb9bf56x.o(.text)
    PPG00_02_04_IRQHandler                   0x00000323   Thumb Code     0  startup_mb9bf56x.o(.text)
    PPG08_10_12_IRQHandler                   0x00000323   Thumb Code     0  startup_mb9bf56x.o(.text)
    PPG16_18_20_IRQHandler                   0x00000323   Thumb Code     0  startup_mb9bf56x.o(.text)
    QPRC0_IRQHandler                         0x00000323   Thumb Code     0  startup_mb9bf56x.o(.text)
    QPRC1_IRQHandler                         0x00000323   Thumb Code     0  startup_mb9bf56x.o(.text)
    QPRC2_IRQHandler                         0x00000323   Thumb Code     0  startup_mb9bf56x.o(.text)
    QPRC3_IRQHandler                         0x00000323   Thumb Code     0  startup_mb9bf56x.o(.text)
    RTC_IRQHandler                           0x00000323   Thumb Code     0  startup_mb9bf56x.o(.text)
    SD_IRQHandler                            0x00000323   Thumb Code     0  startup_mb9bf56x.o(.text)
    SWDT_IRQHandler                          0x00000323   Thumb Code     0  startup_mb9bf56x.o(.text)
    TIM_IRQHandler                           0x00000323   Thumb Code     0  startup_mb9bf56x.o(.text)
    USB0_HOST_IRQHandler                     0x00000323   Thumb Code     0  startup_mb9bf56x.o(.text)
    USB0_IRQHandler                          0x00000323   Thumb Code     0  startup_mb9bf56x.o(.text)
    USB1_HOST_IRQHandler                     0x00000323   Thumb Code     0  startup_mb9bf56x.o(.text)
    USB1_IRQHandler                          0x00000323   Thumb Code     0  startup_mb9bf56x.o(.text)
    WC_IRQHandler                            0x00000323   Thumb Code     0  startup_mb9bf56x.o(.text)
    WFG0_DTIF0_IRQHandler                    0x00000323   Thumb Code     0  startup_mb9bf56x.o(.text)
    WFG1_DTIF1_IRQHandler                    0x00000323   Thumb Code     0  startup_mb9bf56x.o(.text)
    WFG2_DTIF2_IRQHandler                    0x00000323   Thumb Code     0  startup_mb9bf56x.o(.text)
    __user_initial_stackheap                 0x00000325   Thumb Code     0  startup_mb9bf56x.o(.text)
    SystemCoreClockUpdate                    0x00000349   Thumb Code   178  system_mb9abxxx.o(.text)
    SystemInit                               0x000003fb   Thumb Code   240  system_mb9abxxx.o(.text)
    Exint_IrqHandler                         0x00000563   Thumb Code    44  exint.o(.text)
    ExintNMIrqHandler                        0x0000058f   Thumb Code    32  exint.o(.text)
    Exint_Init                               0x000005af   Thumb Code   288  exint.o(.text)
    Exint_DeInit                             0x000006cf   Thumb Code    54  exint.o(.text)
    Exint_EnableChannel                      0x00000705   Thumb Code    42  exint.o(.text)
    Exint_DisableChannel                     0x0000072f   Thumb Code    28  exint.o(.text)
    Exint_Nmi_Init                           0x0000074b   Thumb Code    52  exint.o(.text)
    Exint_Nmi_DeInit                         0x0000077f   Thumb Code    52  exint.o(.text)
    Mfs_InitTxIrq                            0x0000085d   Thumb Code    60  mfs.o(.text)
    Mfs_InitRxIrq                            0x00000899   Thumb Code    60  mfs.o(.text)
    Mfs_DeInitIrq                            0x000008d5   Thumb Code   100  mfs.o(.text)
    MfsIrqHandlerRx                          0x00000939   Thumb Code    24  mfs.o(.text)
    MfsIrqHandlerTx                          0x00000951   Thumb Code    24  mfs.o(.text)
    MfsIrqHandlerStatus                      0x00000969   Thumb Code    24  mfs.o(.text)
    Mfs_GetBusClock                          0x00000981   Thumb Code   194  mfs.o(.text)
    Mfs_GetReloadValue                       0x00000a43   Thumb Code    26  mfs.o(.text)
    Mfs_Uart_SetBaudRate                     0x00000a5d   Thumb Code    50  mfs.o(.text)
    Mfs_Uart_Init                            0x00000a8f   Thumb Code   548  mfs.o(.text)
    Mfs_Uart_DeInit                          0x00000cb3   Thumb Code    96  mfs.o(.text)
    Mfs_Csio_SetBaudRate                     0x00000d13   Thumb Code    50  mfs.o(.text)
    Mfs_Csio_Init                            0x00000d45   Thumb Code   712  mfs.o(.text)
    Mfs_Csio_DeInit                          0x0000100d   Thumb Code    94  mfs.o(.text)
    Mfs_Csio_SetSckOutEnable                 0x0000106b   Thumb Code    46  mfs.o(.text)
    Mfs_Csio_ReadData32                      0x00001099   Thumb Code    22  mfs.o(.text)
    Mfs_Csio_WriteData32                     0x000010af   Thumb Code    26  mfs.o(.text)
    Mfs_Csio_SetChipSelectErrEnable          0x000010c9   Thumb Code    48  mfs.o(.text)
    Mfs_Csio_SetChipSelectErrIntEnable       0x000010f9   Thumb Code    48  mfs.o(.text)
    Mfs_Csio_GetStatus                       0x00001129   Thumb Code    28  mfs.o(.text)
    Mfs_Csio_ClrChipSelectErr                0x00001145   Thumb Code    30  mfs.o(.text)
    Mfs_Csio_ClrTimerIntReq                  0x00001163   Thumb Code    30  mfs.o(.text)
    Mfs_Csio_SetSerialTimerIntEnable         0x00001181   Thumb Code    46  mfs.o(.text)
    Mfs_Csio_SetSyncTransEnable              0x000011af   Thumb Code    46  mfs.o(.text)
    Mfs_Csio_SetTimerPrescale                0x000011dd   Thumb Code    32  mfs.o(.text)
    Mfs_Csio_SetSerialTimerEnable            0x000011fd   Thumb Code    46  mfs.o(.text)
    Mfs_Csio_GetSerialTimer                  0x0000122b   Thumb Code    22  mfs.o(.text)
    Mfs_Csio_SetCmpVal4SerialTimer           0x00001241   Thumb Code    26  mfs.o(.text)
    Mfs_Csio_SetCsHold                       0x0000125b   Thumb Code    48  mfs.o(.text)
    Mfs_Csio_SetCsTimingPrescale             0x0000128b   Thumb Code    32  mfs.o(.text)
    Mfs_Csio_SetCsInActiveLevel              0x000012ab   Thumb Code    46  mfs.o(.text)
    Mfs_Csio_SetChipSelectEnable             0x000012d9   Thumb Code    46  mfs.o(.text)
    Mfs_Csio_SetChipSelectOutEnable          0x00001307   Thumb Code    46  mfs.o(.text)
    Mfs_Csio_SetCsTimingConfig               0x00001335   Thumb Code    38  mfs.o(.text)
    Mfs_Csio_SetTxLength                     0x0000135b   Thumb Code    28  mfs.o(.text)
    Mfs_I2c_GetReloadValue                   0x00001377   Thumb Code    26  mfs.o(.text)
    Mfs_I2c_SetBaudRate                      0x00001391   Thumb Code    46  mfs.o(.text)
    Mfs_I2c_Init                             0x000013bf   Thumb Code   458  mfs.o(.text)
    Mfs_I2c_DeInit                           0x00001589   Thumb Code    76  mfs.o(.text)
    Mfs_I2c_SetTxIntEnable                   0x000015d5   Thumb Code    46  mfs.o(.text)
    Mfs_I2c_SetRxIntEnable                   0x00001603   Thumb Code    46  mfs.o(.text)
    Mfs_I2c_SetAckEnable                     0x00001631   Thumb Code    46  mfs.o(.text)
    Mfs_I2c_SetWaitSelect                    0x0000165f   Thumb Code    48  mfs.o(.text)
    Mfs_I2c_SetCondDetIntEnable              0x0000168f   Thumb Code    46  mfs.o(.text)
    Mfs_I2c_SetIntEnable                     0x000016bd   Thumb Code    46  mfs.o(.text)
    Mfs_I2c_GetBusErrStatus                  0x000016eb   Thumb Code    28  mfs.o(.text)
    Mfs_I2c_GetIntStatus                     0x00001707   Thumb Code    28  mfs.o(.text)
    Mfs_I2c_ClearIntStatus                   0x00001723   Thumb Code    30  mfs.o(.text)
    Mfs_I2c_SetTransmitEmpty                 0x00001741   Thumb Code    30  mfs.o(.text)
    Mfs_I2c_SetDmaModeEnable                 0x0000175f   Thumb Code    46  mfs.o(.text)
    Mfs_I2c_SetNoizeFilter                   0x0000178d   Thumb Code    30  mfs.o(.text)
    Mfs_I2c_SetSdaOutLevel                   0x000017ab   Thumb Code    46  mfs.o(.text)
    Mfs_I2c_SetSclOutLevel                   0x000017d9   Thumb Code    46  mfs.o(.text)
    Mfs_I2c_SetSerlalOutEnable               0x00001807   Thumb Code    58  mfs.o(.text)
    Mfs_I2c_SetBusErrorControlEnable         0x00001841   Thumb Code    46  mfs.o(.text)
    Mfs_I2c_SetI2cEnable                     0x0000186f   Thumb Code    78  mfs.o(.text)
    Mfs_I2c_SetSlvAddrEnable                 0x000018bd   Thumb Code    78  mfs.o(.text)
    Mfs_Lin_SetBaudRate                      0x0000190b   Thumb Code    16  mfs.o(.text)
    Mfs_Lin_Init                             0x0000191b   Thumb Code   464  mfs.o(.text)
    Mfs_Lin_DeInit                           0x00001aeb   Thumb Code    16  mfs.o(.text)
    Mfs_Lin_SetBreak                         0x00001afb   Thumb Code    32  mfs.o(.text)
    Mfs_Lin_ClearBreakDetFlag                0x00001b1b   Thumb Code    30  mfs.o(.text)
    Mfs_Lin_SetBreakDetIntEnable             0x00001b39   Thumb Code    46  mfs.o(.text)
    Mfs_Lin_SetBreakConfig                   0x00001b67   Thumb Code   190  mfs.o(.text)
    Mfs_SetSerialOutputEnable                0x00001c25   Thumb Code    46  mfs.o(.text)
    Mfs_SetWakeUpControlEnable               0x00001c53   Thumb Code    46  mfs.o(.text)
    Mfs_SoftwareReset                        0x00001c81   Thumb Code    32  mfs.o(.text)
    Mfs_SetRxIntEnable                       0x00001ca1   Thumb Code    46  mfs.o(.text)
    Mfs_SetTxIntEnable                       0x00001ccf   Thumb Code    46  mfs.o(.text)
    Mfs_SetTxBusIdleIntEnable                0x00001cfd   Thumb Code    46  mfs.o(.text)
    Mfs_SetTxFifoIntEnable                   0x00001d2b   Thumb Code    46  mfs.o(.text)
    Mfs_SetRxEnable                          0x00001d59   Thumb Code    46  mfs.o(.text)
    Mfs_SetTxEnable                          0x00001d87   Thumb Code    46  mfs.o(.text)
    Mfs_GetStatus                            0x00001db5   Thumb Code    28  mfs.o(.text)
    Mfs_ErrorClear                           0x00001dd1   Thumb Code    32  mfs.o(.text)
    Mfs_ReadData                             0x00001df1   Thumb Code    22  mfs.o(.text)
    Mfs_WriteData                            0x00001e07   Thumb Code    26  mfs.o(.text)
    Mfs_ConfigFifo                           0x00001e21   Thumb Code    74  mfs.o(.text)
    Mfs_GetTxFifoReqStatus                   0x00001e6b   Thumb Code    28  mfs.o(.text)
    Mfs_ClrTxFifoReqStatus                   0x00001e87   Thumb Code    30  mfs.o(.text)
    Mfs_ResetFifo                            0x00001ea5   Thumb Code    62  mfs.o(.text)
    Mfs_SetFifoEnable                        0x00001ee3   Thumb Code    92  mfs.o(.text)
    Mfs_GetFifoBytes                         0x00001f3f   Thumb Code    44  mfs.o(.text)
    Mfs_SetSMR                               0x00001f6b   Thumb Code    26  mfs.o(.text)
    Mfs_GetSMR                               0x00001f85   Thumb Code    22  mfs.o(.text)
    Mfs_SetSCR                               0x00001f9b   Thumb Code    26  mfs.o(.text)
    Mfs_GetSCR                               0x00001fb5   Thumb Code    22  mfs.o(.text)
    Mfs_SetESCR                              0x00001fcb   Thumb Code    26  mfs.o(.text)
    Mfs_GetESCR                              0x00001fe5   Thumb Code    22  mfs.o(.text)
    Mfs_SetBGR                               0x00001ffb   Thumb Code    26  mfs.o(.text)
    Mfs_GetBGR                               0x00002015   Thumb Code    22  mfs.o(.text)
    Mfs_SetFCR1                              0x0000202b   Thumb Code    26  mfs.o(.text)
    Mfs_GetFCR1                              0x00002045   Thumb Code    22  mfs.o(.text)
    Mfs_SetFCR0                              0x0000205b   Thumb Code    26  mfs.o(.text)
    Mfs_GetFCR0                              0x00002075   Thumb Code    22  mfs.o(.text)
    Mfs_SetSCSTR10                           0x0000208b   Thumb Code    26  mfs.o(.text)
    Mfs_GetSCSTR10                           0x000020a5   Thumb Code    22  mfs.o(.text)
    Mfs_SetSCSTR32                           0x000020bb   Thumb Code    26  mfs.o(.text)
    Mfs_GetSCSTR32                           0x000020d5   Thumb Code    22  mfs.o(.text)
    Mfs_SetSACSR                             0x000020eb   Thumb Code    26  mfs.o(.text)
    Mfs_GetSACSR                             0x00002105   Thumb Code    22  mfs.o(.text)
    Mfs_GetSTMCR                             0x0000211b   Thumb Code    22  mfs.o(.text)
    Mfs_SetSCSCR                             0x00002131   Thumb Code    26  mfs.o(.text)
    Mfs_GetSCSCR                             0x0000214b   Thumb Code    22  mfs.o(.text)
    Mfs_SetTBYTE0                            0x00002161   Thumb Code    28  mfs.o(.text)
    Mfs_GetTBYTE0                            0x0000217d   Thumb Code    24  mfs.o(.text)
    Mfs_SetISBA                              0x00002195   Thumb Code    26  mfs.o(.text)
    Mfs_GetISBA                              0x000021af   Thumb Code    22  mfs.o(.text)
    Mfs_SetISMK                              0x000021c5   Thumb Code    26  mfs.o(.text)
    Mfs_GetISMK                              0x000021df   Thumb Code    22  mfs.o(.text)
    Mfs_GetNFCR                              0x000021f5   Thumb Code    22  mfs.o(.text)
    Mfs_SetEIBCR                             0x0000220b   Thumb Code    30  mfs.o(.text)
    Mfs_GetEIBCR                             0x00002229   Thumb Code    22  mfs.o(.text)
    Mfs_SetTxIntCallBack                     0x0000223f   Thumb Code    32  mfs.o(.text)
    Mfs_SetRxIntCallBack                     0x0000225f   Thumb Code    32  mfs.o(.text)
    Mfs_SetStsIntCallBack                    0x0000227f   Thumb Code    32  mfs.o(.text)
    Mfs_SetUpperLayerHandle                  0x0000229f   Thumb Code    32  mfs.o(.text)
    IRQ018_Handler                           0x00002301   Thumb Code    10  interrupts.o(.text)
    IRQ054_Handler                           0x0000230b   Thumb Code    10  interrupts.o(.text)
    IRQ057_Handler                           0x00002315   Thumb Code    10  interrupts.o(.text)
    IRQ068_Handler                           0x0000231f   Thumb Code    12  interrupts.o(.text)
    IRQ069_Handler                           0x0000232b   Thumb Code    38  interrupts.o(.text)
    MFS7_RX_IRQHandler                       0x00002351   Thumb Code    14  interrupts.o(.text)
    MFS7_TX_IRQHandler                       0x0000235f   Thumb Code    44  interrupts.o(.text)
    writeToScreen(char*, int)                0x0000239d   Thumb Code   100  main.o(.text)
    readTemp()                               0x00002401   Thumb Code   260  main.o(.text)
    readHum()                                0x00002505   Thumb Code   206  main.o(.text)
    acceleration()                           0x000025d3   Thumb Code   428  main.o(.text)
    main                                     0x0000277f   Thumb Code   226  main.o(.text)
    WyzBeeSpi_RxEnable                       0x00002871   Thumb Code    26  wyzbee_spi.o(.text)
    WyzBeeSpi_TxEnable                       0x0000288b   Thumb Code    26  wyzbee_spi.o(.text)
    WyzBeeSpi_Init                           0x000028a5   Thumb Code   242  wyzbee_spi.o(.text)
    WyzBeeSpi_CsDisable                      0x00002997   Thumb Code    16  wyzbee_spi.o(.text)
    WyzBeeSpi_Write                          0x000029a7   Thumb Code    32  wyzbee_spi.o(.text)
    WyzBeeSpi_CsEnable                       0x000029c7   Thumb Code    14  wyzbee_spi.o(.text)
    WyzBeeSpi_SyncSend                       0x000029d5   Thumb Code    84  wyzbee_spi.o(.text)
    WyzBeeSpi_Read                           0x00002a29   Thumb Code    18  wyzbee_spi.o(.text)
    WyzBeeSpi_SyncSendRecv                   0x00002a3b   Thumb Code   208  wyzbee_spi.o(.text)
    WyzBeeSpi_SyncRecv                       0x00002b0b   Thumb Code   132  wyzbee_spi.o(.text)
    WyzBeeSpi_DeInit                         0x00002b8f   Thumb Code    50  wyzbee_spi.o(.text)
    WyzBeeSpi_TxIntrEnable                   0x00002bc1   Thumb Code    26  wyzbee_spi.o(.text)
    WyzBeeSpi_TxIntrDisable                  0x00002bdb   Thumb Code    26  wyzbee_spi.o(.text)
    WyzBeeSpi_RxIntrEnable                   0x00002bf5   Thumb Code    26  wyzbee_spi.o(.text)
    WyzBeeSpi_RxIntrDisable                  0x00002c0f   Thumb Code    26  wyzbee_spi.o(.text)
    WyzBeeSpi_RxDisable                      0x00002c29   Thumb Code    26  wyzbee_spi.o(.text)
    WyzBeeSpi_TxDisable                      0x00002c43   Thumb Code    46  wyzbee_spi.o(.text)
    delayMicroseconds(unsigned)              0x00002c71   Thumb Code    16  adafruit_ssd1351.o(.text)
    delay(unsigned)                          0x00002c81   Thumb Code    16  adafruit_ssd1351.o(.text)
    Adafruit_SSD1351::Adafruit_SSD1351__sub_object() 0x00002c91   Thumb Code    58  adafruit_ssd1351.o(.text)
    Adafruit_SSD1351::Adafruit_SSD1351()     0x00002ccb   Thumb Code    14  adafruit_ssd1351.o(.text)
    Adafruit_SSD1351::Color565(unsigned char, unsigned char, unsigned char) 0x00002cd9   Thumb Code    28  adafruit_ssd1351.o(.text)
    Adafruit_SSD1351::writeCommand(unsigned char) 0x00002cf5   Thumb Code    22  adafruit_ssd1351.o(.text)
    Adafruit_SSD1351::writeData(unsigned char) 0x00002d0b   Thumb Code    22  adafruit_ssd1351.o(.text)
    Adafruit_SSD1351::goTo(int, int)         0x00002d21   Thumb Code    78  adafruit_ssd1351.o(.text)
    Adafruit_SSD1351::drawPixel(short, short, unsigned short) 0x00002d6f   Thumb Code    78  adafruit_ssd1351.o(.text)
    thunk{v:0,-12} to Adafruit_SSD1351::drawPixel(short, short, unsigned short) 0x00002dbd   Thumb Code    36  adafruit_ssd1351.o(.text)
    Adafruit_SSD1351::fillRect(unsigned short, unsigned short, unsigned short, unsigned short, unsigned short) 0x00002de1   Thumb Code   162  adafruit_ssd1351.o(.text)
    Adafruit_SSD1351::drawFastHLine(short, short, short, unsigned short) 0x00002e83   Thumb Code   142  adafruit_ssd1351.o(.text)
    thunk{v:0,-24} to Adafruit_SSD1351::drawFastHLine(short, short, short, unsigned short) 0x00002f11   Thumb Code   156  adafruit_ssd1351.o(.text)
    Adafruit_SSD1351::drawFastVLine(short, short, short, unsigned short) 0x00002fad   Thumb Code   142  adafruit_ssd1351.o(.text)
    thunk{v:0,-20} to Adafruit_SSD1351::drawFastVLine(short, short, short, unsigned short) 0x0000303b   Thumb Code   170  adafruit_ssd1351.o(.text)
    Adafruit_SSD1351::fillScreen(unsigned short) 0x000030e5   Thumb Code    26  adafruit_ssd1351.o(.text)
    thunk{v:0,-36} to Adafruit_SSD1351::fillScreen(unsigned short) 0x000030ff   Thumb Code    24  adafruit_ssd1351.o(.text)
    Adafruit_SSD1351::invert(unsigned char)  0x00003117   Thumb Code    28  adafruit_ssd1351.o(.text)
    Adafruit_SSD1351::begin()                0x00003133   Thumb Code   502  adafruit_ssd1351.o(.text)
    Adafruit_GFX::Adafruit_GFX__sub_object(short, short) 0x0000333d   Thumb Code    42  adafruit_gfx.o(.text)
    Adafruit_GFX::drawLine(short, short, short, short, unsigned short) 0x00003367   Thumb Code   220  adafruit_gfx.o(.text)
    Adafruit_GFX::drawFastVLine(short, short, short, unsigned short) 0x00003443   Thumb Code    46  adafruit_gfx.o(.text)
    Adafruit_GFX::drawFastHLine(short, short, short, unsigned short) 0x00003471   Thumb Code    44  adafruit_gfx.o(.text)
    Adafruit_GFX::drawRect(short, short, short, short, unsigned short) 0x0000349d   Thumb Code   104  adafruit_gfx.o(.text)
    Adafruit_GFX::fillRect(short, short, short, short, unsigned short) 0x00003505   Thumb Code    54  adafruit_gfx.o(.text)
    Adafruit_GFX::fillScreen(unsigned short) 0x0000353b   Thumb Code    32  adafruit_gfx.o(.text)
    Adafruit_GFX::invertDisplay(unsigned char) 0x0000355b   Thumb Code     2  adafruit_gfx.o(.text)
    Adafruit_GFX::drawCircle(short, short, short, unsigned short) 0x0000355d   Thumb Code   356  adafruit_gfx.o(.text)
    Adafruit_GFX::drawCircleHelper(short, short, short, unsigned char, unsigned short) 0x000036c1   Thumb Code   306  adafruit_gfx.o(.text)
    Adafruit_GFX::fillCircleHelper(short, short, short, unsigned char, short, unsigned short) 0x000037f3   Thumb Code   246  adafruit_gfx.o(.text)
    Adafruit_GFX::fillCircle(short, short, short, unsigned short) 0x000038e9   Thumb Code    64  adafruit_gfx.o(.text)
    Adafruit_GFX::drawTriangle(short, short, short, short, short, short, unsigned short) 0x00003929   Thumb Code    86  adafruit_gfx.o(.text)
    Adafruit_GFX::fillTriangle(short, short, short, short, short, short, unsigned short) 0x0000397f   Thumb Code   428  adafruit_gfx.o(.text)
    Adafruit_GFX::drawRoundRect(short, short, short, short, short, unsigned short) 0x00003b2b   Thumb Code   258  adafruit_gfx.o(.text)
    Adafruit_GFX::fillRoundRect(short, short, short, short, short, unsigned short) 0x00003c2d   Thumb Code   126  adafruit_gfx.o(.text)
    Adafruit_GFX::drawBitmap(short, short, const unsigned char*, short, short, unsigned short) 0x00003cab   Thumb Code   110  adafruit_gfx.o(.text)
    Adafruit_GFX::drawChar(short, short, unsigned char, unsigned short, unsigned short, unsigned char) 0x00003d19   Thumb Code   256  adafruit_gfx.o(.text)
    Adafruit_GFX::setCursor(short, short)    0x00003e19   Thumb Code     6  adafruit_gfx.o(.text)
    Adafruit_GFX::setTextColor(unsigned short) 0x00003e1f   Thumb Code     6  adafruit_gfx.o(.text)
    Adafruit_GFX::setTextColor(unsigned short, unsigned short) 0x00003e25   Thumb Code     6  adafruit_gfx.o(.text)
    Adafruit_GFX::setTextSize(unsigned char) 0x00003e2b   Thumb Code    14  adafruit_gfx.o(.text)
    Adafruit_GFX::setTextWrap(unsigned char) 0x00003e39   Thumb Code     4  adafruit_gfx.o(.text)
    Adafruit_GFX::setRotation(unsigned char) 0x00003e3d   Thumb Code    52  adafruit_gfx.o(.text)
    Adafruit_GFX::write(unsigned char)       0x00003e71   Thumb Code   120  adafruit_gfx.o(.text)
    Adafruit_GFX::height()                   0x00003ee9   Thumb Code     8  adafruit_gfx.o(.text)
    Adafruit_GFX::width()                    0x00003ef1   Thumb Code     8  adafruit_gfx.o(.text)
    Adafruit_GFX::getRotation()              0x00003ef9   Thumb Code     6  adafruit_gfx.o(.text)
    WyzBeeI2c_Init                           0x000041f5   Thumb Code   300  wyzbee_i2c.o(.text)
    WyzBeeI2c_DeInit                         0x00004321   Thumb Code    76  wyzbee_i2c.o(.text)
    WyzBeeI2c_Write                          0x000043a3   Thumb Code   176  wyzbee_i2c.o(.text)
    WyzBeeI2c_Read                           0x00004453   Thumb Code   166  wyzbee_i2c.o(.text)
    __2sprintf                               0x0000451d   Thumb Code    34  noretval__2sprintf.o(.text)
    __printf                                 0x00004545   Thumb Code   352  __printf_ss_wp.o(.text)
    strcat                                   0x000046a5   Thumb Code    24  strcat.o(.text)
    __use_two_region_memory                  0x000046bd   Thumb Code     2  heapauxi.o(.text)
    __rt_heap_escrow                         0x000046bf   Thumb Code     2  heapauxi.o(.text)
    __rt_heap_expand                         0x000046c1   Thumb Code     2  heapauxi.o(.text)
    __cpp_initialize__aeabi_                 0x000046c5   Thumb Code    26  init_aeabi.o(.text)
    __lib_sel_fp_printf                      0x000046e9   Thumb Code     2  _printf_fp_dec.o(.text)
    _printf_fp_dec_real                      0x00004897   Thumb Code   620  _printf_fp_dec.o(.text)
    _printf_char_common                      0x00004b0f   Thumb Code    32  _printf_char_common.o(.text)
    _sputc                                   0x00004b35   Thumb Code    10  _sputc.o(.text)
    __rt_SIGPVFN                             0x00004b3f   Thumb Code    14  defsig_pvfn_outer.o(.text)
    __rt_locale                              0x00004b4d   Thumb Code     8  rt_locale_intlibspace.o(.text)
    _ll_udiv10                               0x00004b55   Thumb Code   138  lludiv10.o(.text)
    _printf_fp_infnan                        0x00004be1   Thumb Code   112  _printf_fp_infnan.o(.text)
    _btod_etento                             0x00004c61   Thumb Code   216  bigflt0.o(.text)
    __sig_exit                               0x00004d3d   Thumb Code    10  defsig_exit.o(.text)
    __rt_SIGPVFN_inner                       0x00004d49   Thumb Code    14  defsig_pvfn_inner.o(.text)
    _sys_exit                                0x00004d79   Thumb Code     8  sys_exit.o(.text)
    __user_libspace                          0x00004d85   Thumb Code     8  libspace.o(.text)
    __user_perproc_libspace                  0x00004d85   Thumb Code     0  libspace.o(.text)
    __user_perthread_libspace                0x00004d85   Thumb Code     0  libspace.o(.text)
    __user_setup_stackheap                   0x00004d8d   Thumb Code    74  sys_stackheap_outer.o(.text)
    exit                                     0x00004dd7   Thumb Code    12  exit.o(.text)
    __default_signal_display                 0x00004de3   Thumb Code    50  defsig_general.o(.text)
    strcmp                                   0x00004e15   Thumb Code   128  strcmpv7m.o(.text)
    _ttywrch                                 0x00004e95   Thumb Code    14  sys_wrch.o(.text)
    __I$use$semihosting                      0x00004ea3   Thumb Code     0  use_no_semi.o(.text)
    __use_no_semihosting_swi                 0x00004ea3   Thumb Code     2  use_no_semi.o(.text)
    __semihosting_library_function           0x00004ea5   Thumb Code     0  indicate_semi.o(.text)
    _btod_d2e                                0x00004ea5   Thumb Code    62  btod.o(CL$$btod_d2e)
    _d2e_denorm_low                          0x00004ee3   Thumb Code    70  btod.o(CL$$btod_d2e_denorm_low)
    _d2e_norm_op1                            0x00004f29   Thumb Code    96  btod.o(CL$$btod_d2e_norm_op1)
    __btod_div_common                        0x00004f89   Thumb Code   696  btod.o(CL$$btod_div_common)
    _e2e                                     0x000052c1   Thumb Code   198  btod.o(CL$$btod_e2e)
    _btod_ediv                               0x00005387   Thumb Code    40  btod.o(CL$$btod_ediv)
    _btod_emul                               0x000053af   Thumb Code    40  btod.o(CL$$btod_emul)
    __btod_mult_common                       0x000053d7   Thumb Code   580  btod.o(CL$$btod_mult_common)
    Adafruit_SSD1351::spiwrite(unsigned char) 0x0000561b   Thumb Code    20  adafruit_ssd1351.o(i._ZN16Adafruit_SSD13518spiwriteEh)
    __ARM_fpclassify                         0x0000562f   Thumb Code    48  fpclassify.o(i.__ARM_fpclassify)
    __cxa_pure_virtual                       0x0000565f   Thumb Code     6  pure_virt.o(i.__cxa_pure_virtual)
    _is_digit                                0x00005665   Thumb Code    14  __printf_wp.o(i._is_digit)
    _get_lc_numeric                          0x00005675   Thumb Code    44  lc_numeric_c.o(locale$$code)
    __aeabi_d2f                              0x000056a1   Thumb Code     0  d2f.o(x$fpl$d2f)
    _d2f                                     0x000056a1   Thumb Code    98  d2f.o(x$fpl$d2f)
    __aeabi_dadd                             0x00005705   Thumb Code     0  daddsub_clz.o(x$fpl$dadd)
    _dadd                                    0x00005705   Thumb Code   332  daddsub_clz.o(x$fpl$dadd)
    __aeabi_ddiv                             0x00005855   Thumb Code     0  ddiv.o(x$fpl$ddiv)
    _ddiv                                    0x00005855   Thumb Code   552  ddiv.o(x$fpl$ddiv)
    __aeabi_i2d                              0x00005b05   Thumb Code     0  dflt_clz.o(x$fpl$dflt)
    _dflt                                    0x00005b05   Thumb Code    46  dflt_clz.o(x$fpl$dflt)
    __aeabi_dmul                             0x00005b35   Thumb Code     0  dmul.o(x$fpl$dmul)
    _dmul                                    0x00005b35   Thumb Code   332  dmul.o(x$fpl$dmul)
    __fpl_dnaninf                            0x00005c89   Thumb Code   156  dnaninf.o(x$fpl$dnaninf)
    __fpl_dretinf                            0x00005d25   Thumb Code    12  dretinf.o(x$fpl$dretinf)
    __aeabi_dsub                             0x00005d31   Thumb Code     0  daddsub_clz.o(x$fpl$dsub)
    _dsub                                    0x00005d31   Thumb Code   464  daddsub_clz.o(x$fpl$dsub)
    __aeabi_f2d                              0x00005f05   Thumb Code     0  f2d.o(x$fpl$f2d)
    _f2d                                     0x00005f05   Thumb Code    86  f2d.o(x$fpl$f2d)
    __fpl_fnaninf                            0x00005f5b   Thumb Code   140  fnaninf.o(x$fpl$fnaninf)
    _fp_init                                 0x00005fe7   Thumb Code    10  fpinit.o(x$fpl$fpinit)
    __fplib_config_fpu_vfp                   0x00005fef   Thumb Code     0  fpinit.o(x$fpl$fpinit)
    __fplib_config_pureend_doubles           0x00005fef   Thumb Code     0  fpinit.o(x$fpl$fpinit)
    __fpl_fretinf                            0x00005ff1   Thumb Code    10  fretinf.o(x$fpl$fretinf)
    _printf_fp_dec                           0x00005ffb   Thumb Code     4  printf1.o(x$fpl$printf1)
    __I$use$fp                               0x00005ffe   Number         0  usenofp.o(x$fpl$usenofp)
    cau8ExintReferenceLut                    0x00005ffe   Data           4  exint.o(.constdata)
    vtable for Adafruit_GFX                  0x00006594   Data          44  adafruit_gfx.o(.constdata__ZTV12Adafruit_GFX)
    vtable for Adafruit_SSD1351              0x000065c0   Data         108  adafruit_ssd1351.o(.constdata__ZTV16Adafruit_SSD1351)
    VTT for Adafruit_SSD1351                 0x0000662c   Data           8  adafruit_ssd1351.o(.constdata__ZTV16Adafruit_SSD1351)
    Region$$Table$$Base                      0x00006634   Number         0  anon$$obj.o(Region$$Table)
    Region$$Table$$Limit                     0x00006654   Number         0  anon$$obj.o(Region$$Table)
    SHT$$INIT_ARRAY$$Base                    0x00006670   Number         0  main.o(.init_array)
    SHT$$INIT_ARRAY$$Limit                   0x00006674   Number         0  init_aeabi.o(.init_array)
    SystemCoreClock                          0x20038000   Data           4  system_mb9abxxx.o(.data)
    stcExintNMIInternData                    0x20038008   Data           4  exint.o(.data)
    m_astcMfsInstanceDataLut                 0x2003800c   Data          40  mfs.o(.data)
    config_stc                               0x20038034   Data          20  main.o(.data)
    config                                   0x20038048   Data           8  main.o(.data)
    temp_code                                0x20038050   Data           4  main.o(.data)
    hum_code                                 0x20038054   Data           4  main.o(.data)
    temp                                     0x20038058   Data           4  main.o(.data)
    humidity                                 0x2003805c   Data           4  main.o(.data)
    accel1_code                              0x20038060   Data           2  main.o(.data)
    accel2_code                              0x20038062   Data           2  main.o(.data)
    accel3_code                              0x20038064   Data           2  main.o(.data)
    accel1                                   0x20038068   Data           4  main.o(.data)
    accel2                                   0x2003806c   Data           4  main.o(.data)
    accel3                                   0x20038070   Data           4  main.o(.data)
    stcExintInternData                       0x20038088   Data          12  exint.o(.bss)
    tft                                      0x20038094   Data          56  main.o(.bss)
    __libspace_start                         0x200380cc   Data          96  libspace.o(.bss)
    __temporary_stack_top$libspace           0x2003812c   Data           0  libspace.o(.bss)



==============================================================================

Memory Map of the image

  Image Entry point : 0x000002fd

  Load Region LR_1 (Base: 0x00000000, Size: 0x000066fc, Max: 0xffffffff, ABSOLUTE)

    Execution Region ER_RO (Base: 0x00000000, Size: 0x00006674, Max: 0xffffffff, ABSOLUTE)

    Base Addr    Size         Type   Attr      Idx    E Section Name        Object

    0x00000000   0x00000240   Data   RO            3    RESET               startup_mb9bf56x.o
    0x00000240   0x00000008   Code   RO          759  * !!!main             c_w.l(__main.o)
    0x00000248   0x00000034   Code   RO         1267    !!!scatter          c_w.l(__scatter.o)
    0x0000027c   0x0000001a   Code   RO         1269    !!handler_copy      c_w.l(__scatter_copy.o)
    0x00000296   0x00000002   PAD
    0x00000298   0x0000001c   Code   RO         1271    !!handler_zi        c_w.l(__scatter_zi.o)
    0x000002b4   0x00000000   Code   RO          754    .ARM.Collect$$_printf_percent$$00000000  c_w.l(_printf_percent.o)
    0x000002b4   0x00000006   Code   RO          753    .ARM.Collect$$_printf_percent$$00000003  c_w.l(_printf_f.o)
    0x000002ba   0x00000004   Code   RO          907    .ARM.Collect$$_printf_percent$$00000017  c_w.l(_printf_percent_end.o)
    0x000002be   0x00000002   Code   RO         1147    .ARM.Collect$$libinit$$00000000  c_w.l(libinit.o)
    0x000002c0   0x00000004   Code   RO          912    .ARM.Collect$$libinit$$00000001  c_w.l(libinit2.o)
    0x000002c4   0x00000000   Code   RO          915    .ARM.Collect$$libinit$$00000004  c_w.l(libinit2.o)
    0x000002c4   0x00000000   Code   RO          918    .ARM.Collect$$libinit$$0000000A  c_w.l(libinit2.o)
    0x000002c4   0x00000000   Code   RO          920    .ARM.Collect$$libinit$$0000000C  c_w.l(libinit2.o)
    0x000002c4   0x00000000   Code   RO          922    .ARM.Collect$$libinit$$0000000E  c_w.l(libinit2.o)
    0x000002c4   0x00000006   Code   RO          923    .ARM.Collect$$libinit$$0000000F  c_w.l(libinit2.o)
    0x000002ca   0x00000000   Code   RO          925    .ARM.Collect$$libinit$$00000011  c_w.l(libinit2.o)
    0x000002ca   0x00000000   Code   RO          927    .ARM.Collect$$libinit$$00000013  c_w.l(libinit2.o)
    0x000002ca   0x00000000   Code   RO          929    .ARM.Collect$$libinit$$00000015  c_w.l(libinit2.o)
    0x000002ca   0x0000000a   Code   RO          930    .ARM.Collect$$libinit$$00000016  c_w.l(libinit2.o)
    0x000002d4   0x00000000   Code   RO          931    .ARM.Collect$$libinit$$00000017  c_w.l(libinit2.o)
    0x000002d4   0x00000000   Code   RO          933    .ARM.Collect$$libinit$$00000019  c_w.l(libinit2.o)
    0x000002d4   0x00000000   Code   RO          935    .ARM.Collect$$libinit$$0000001B  c_w.l(libinit2.o)
    0x000002d4   0x00000000   Code   RO          937    .ARM.Collect$$libinit$$0000001D  c_w.l(libinit2.o)
    0x000002d4   0x00000000   Code   RO          939    .ARM.Collect$$libinit$$0000001F  c_w.l(libinit2.o)
    0x000002d4   0x00000000   Code   RO          941    .ARM.Collect$$libinit$$00000021  c_w.l(libinit2.o)
    0x000002d4   0x00000000   Code   RO          943    .ARM.Collect$$libinit$$00000023  c_w.l(libinit2.o)
    0x000002d4   0x00000000   Code   RO          945    .ARM.Collect$$libinit$$00000025  c_w.l(libinit2.o)
    0x000002d4   0x00000000   Code   RO          949    .ARM.Collect$$libinit$$0000002C  c_w.l(libinit2.o)
    0x000002d4   0x00000000   Code   RO          951    .ARM.Collect$$libinit$$0000002E  c_w.l(libinit2.o)
    0x000002d4   0x00000000   Code   RO          953    .ARM.Collect$$libinit$$00000030  c_w.l(libinit2.o)
    0x000002d4   0x00000004   Code   RO          954    .ARM.Collect$$libinit$$00000031  c_w.l(libinit2.o)
    0x000002d8   0x00000000   Code   RO          955    .ARM.Collect$$libinit$$00000032  c_w.l(libinit2.o)
    0x000002d8   0x00000002   Code   RO          956    .ARM.Collect$$libinit$$00000033  c_w.l(libinit2.o)
    0x000002da   0x00000002   Code   RO         1245    .ARM.Collect$$libshutdown$$00000000  c_w.l(libshutdown.o)
    0x000002dc   0x00000000   Code   RO         1252    .ARM.Collect$$libshutdown$$00000003  c_w.l(libshutdown2.o)
    0x000002dc   0x00000000   Code   RO         1255    .ARM.Collect$$libshutdown$$00000006  c_w.l(libshutdown2.o)
    0x000002dc   0x00000000   Code   RO         1258    .ARM.Collect$$libshutdown$$00000009  c_w.l(libshutdown2.o)
    0x000002dc   0x00000000   Code   RO         1260    .ARM.Collect$$libshutdown$$0000000B  c_w.l(libshutdown2.o)
    0x000002dc   0x00000000   Code   RO         1263    .ARM.Collect$$libshutdown$$0000000E  c_w.l(libshutdown2.o)
    0x000002dc   0x00000002   Code   RO         1264    .ARM.Collect$$libshutdown$$0000000F  c_w.l(libshutdown2.o)
    0x000002de   0x00000000   Code   RO          900    .ARM.Collect$$rtentry$$00000000  c_w.l(__rtentry.o)
    0x000002de   0x00000000   Code   RO          980    .ARM.Collect$$rtentry$$00000002  c_w.l(__rtentry2.o)
    0x000002de   0x00000006   Code   RO          992    .ARM.Collect$$rtentry$$00000004  c_w.l(__rtentry4.o)
    0x000002e4   0x00000000   Code   RO          982    .ARM.Collect$$rtentry$$00000009  c_w.l(__rtentry2.o)
    0x000002e4   0x00000004   Code   RO          983    .ARM.Collect$$rtentry$$0000000A  c_w.l(__rtentry2.o)
    0x000002e8   0x00000000   Code   RO          985    .ARM.Collect$$rtentry$$0000000C  c_w.l(__rtentry2.o)
    0x000002e8   0x00000008   Code   RO          986    .ARM.Collect$$rtentry$$0000000D  c_w.l(__rtentry2.o)
    0x000002f0   0x00000002   Code   RO         1160    .ARM.Collect$$rtexit$$00000000  c_w.l(rtexit.o)
    0x000002f2   0x00000000   Code   RO         1210    .ARM.Collect$$rtexit$$00000002  c_w.l(rtexit2.o)
    0x000002f2   0x00000004   Code   RO         1211    .ARM.Collect$$rtexit$$00000003  c_w.l(rtexit2.o)
    0x000002f6   0x00000006   Code   RO         1212    .ARM.Collect$$rtexit$$00000004  c_w.l(rtexit2.o)
    0x000002fc   0x0000004c   Code   RO            4  * .text               startup_mb9bf56x.o
    0x00000348   0x000001d4   Code   RO           12    .text               system_mb9abxxx.o
    0x0000051c   0x000002f0   Code   RO          100    .text               exint.o
    0x0000080c   0x00001af4   Code   RO          136    .text               mfs.o
    0x00002300   0x0000009c   Code   RO          191    .text               interrupts.o
    0x0000239c   0x000004d4   Code   RO          343    .text               main.o
    0x00002870   0x00000400   Code   RO          469    .text               wyzbee_spi.o
    0x00002c70   0x000006cc   Code   RO          495    .text               adafruit_ssd1351.o
    0x0000333c   0x00000bc8   Code   RO          652    .text               adafruit_gfx.o
    0x00003f04   0x00000618   Code   RO          682    .text               wyzbee_i2c.o
    0x0000451c   0x00000028   Code   RO          729    .text               c_w.l(noretval__2sprintf.o)
    0x00004544   0x00000160   Code   RO          748    .text               c_w.l(__printf_ss_wp.o)
    0x000046a4   0x00000018   Code   RO          755    .text               c_w.l(strcat.o)
    0x000046bc   0x00000006   Code   RO          757    .text               c_w.l(heapauxi.o)
    0x000046c2   0x00000002   PAD
    0x000046c4   0x00000024   Code   RO          764    .text               c_w.l(init_aeabi.o)
    0x000046e8   0x0000041a   Code   RO          901    .text               c_w.l(_printf_fp_dec.o)
    0x00004b02   0x00000002   PAD
    0x00004b04   0x00000030   Code   RO          903    .text               c_w.l(_printf_char_common.o)
    0x00004b34   0x0000000a   Code   RO          905    .text               c_w.l(_sputc.o)
    0x00004b3e   0x0000000e   Code   RO          908    .text               c_w.l(defsig_pvfn_outer.o)
    0x00004b4c   0x00000008   Code   RO          999    .text               c_w.l(rt_locale_intlibspace.o)
    0x00004b54   0x0000008a   Code   RO         1001    .text               c_w.l(lludiv10.o)
    0x00004bde   0x00000002   PAD
    0x00004be0   0x00000080   Code   RO         1003    .text               c_w.l(_printf_fp_infnan.o)
    0x00004c60   0x000000dc   Code   RO         1007    .text               c_w.l(bigflt0.o)
    0x00004d3c   0x0000000a   Code   RO         1035    .text               c_w.l(defsig_exit.o)
    0x00004d46   0x00000002   PAD
    0x00004d48   0x00000030   Code   RO         1037    .text               c_w.l(defsig_pvfn_inner.o)
    0x00004d78   0x0000000c   Code   RO         1060    .text               c_w.l(sys_exit.o)
    0x00004d84   0x00000008   Code   RO         1062    .text               c_w.l(libspace.o)
    0x00004d8c   0x0000004a   Code   RO         1065    .text               c_w.l(sys_stackheap_outer.o)
    0x00004dd6   0x0000000c   Code   RO         1128    .text               c_w.l(exit.o)
    0x00004de2   0x00000032   Code   RO         1134    .text               c_w.l(defsig_general.o)
    0x00004e14   0x00000080   Code   RO         1136    .text               c_w.l(strcmpv7m.o)
    0x00004e94   0x0000000e   Code   RO         1151    .text               c_w.l(sys_wrch.o)
    0x00004ea2   0x00000002   Code   RO         1155    .text               c_w.l(use_no_semi.o)
    0x00004ea4   0x00000000   Code   RO         1159    .text               c_w.l(indicate_semi.o)
    0x00004ea4   0x0000003e   Code   RO         1010    CL$$btod_d2e        c_w.l(btod.o)
    0x00004ee2   0x00000046   Code   RO         1012    CL$$btod_d2e_denorm_low  c_w.l(btod.o)
    0x00004f28   0x00000060   Code   RO         1011    CL$$btod_d2e_norm_op1  c_w.l(btod.o)
    0x00004f88   0x00000338   Code   RO         1020    CL$$btod_div_common  c_w.l(btod.o)
    0x000052c0   0x000000c6   Code   RO         1017    CL$$btod_e2e        c_w.l(btod.o)
    0x00005386   0x00000028   Code   RO         1014    CL$$btod_ediv       c_w.l(btod.o)
    0x000053ae   0x00000028   Code   RO         1013    CL$$btod_emul       c_w.l(btod.o)
    0x000053d6   0x00000244   Code   RO         1019    CL$$btod_mult_common  c_w.l(btod.o)
    0x0000561a   0x00000014   Code   RO          514    i._ZN16Adafruit_SSD13518spiwriteEh  adafruit_ssd1351.o
    0x0000562e   0x00000030   Code   RO         1058    i.__ARM_fpclassify  m_wm.l(fpclassify.o)
    0x0000565e   0x00000006   Code   RO          767    i.__cxa_pure_virtual  cpprt_w.l(pure_virt.o)
    0x00005664   0x0000000e   Code   RO          743    i._is_digit         c_w.l(__printf_wp.o)
    0x00005672   0x00000002   PAD
    0x00005674   0x0000002c   Code   RO         1033    locale$$code        c_w.l(lc_numeric_c.o)
    0x000056a0   0x00000062   Code   RO          876    x$fpl$d2f           fz_wm.l(d2f.o)
    0x00005702   0x00000002   PAD
    0x00005704   0x00000150   Code   RO          878    x$fpl$dadd          fz_wm.l(daddsub_clz.o)
    0x00005854   0x000002b0   Code   RO          885    x$fpl$ddiv          fz_wm.l(ddiv.o)
    0x00005b04   0x0000002e   Code   RO          889    x$fpl$dflt          fz_wm.l(dflt_clz.o)
    0x00005b32   0x00000002   PAD
    0x00005b34   0x00000154   Code   RO          894    x$fpl$dmul          fz_wm.l(dmul.o)
    0x00005c88   0x0000009c   Code   RO          970    x$fpl$dnaninf       fz_wm.l(dnaninf.o)
    0x00005d24   0x0000000c   Code   RO          972    x$fpl$dretinf       fz_wm.l(dretinf.o)
    0x00005d30   0x000001d4   Code   RO          880    x$fpl$dsub          fz_wm.l(daddsub_clz.o)
    0x00005f04   0x00000056   Code   RO          896    x$fpl$f2d           fz_wm.l(f2d.o)
    0x00005f5a   0x0000008c   Code   RO          974    x$fpl$fnaninf       fz_wm.l(fnaninf.o)
    0x00005fe6   0x0000000a   Code   RO         1054    x$fpl$fpinit        fz_wm.l(fpinit.o)
    0x00005ff0   0x0000000a   Code   RO          976    x$fpl$fretinf       fz_wm.l(fretinf.o)
    0x00005ffa   0x00000004   Code   RO          898    x$fpl$printf1       fz_wm.l(printf1.o)
    0x00005ffe   0x00000000   Code   RO          978    x$fpl$usenofp       fz_wm.l(usenofp.o)
    0x00005ffe   0x00000004   Data   RO          102    .constdata          exint.o
    0x00006002   0x000004fb   Data   RO          655    .constdata          adafruit_gfx.o
    0x000064fd   0x00000003   PAD
    0x00006500   0x00000094   Data   RO         1008    .constdata          c_w.l(bigflt0.o)
    0x00006594   0x0000002c   Data   RO          665    .constdata__ZTV12Adafruit_GFX  adafruit_gfx.o
    0x000065c0   0x0000006c   Data   RO          512    .constdata__ZTV16Adafruit_SSD1351  adafruit_ssd1351.o
    0x0000662c   0x00000008   Data   RO          513    .constdata__ZTV16Adafruit_SSD1351  adafruit_ssd1351.o
    0x00006634   0x00000020   Data   RO         1265    Region$$Table       anon$$obj.o
    0x00006654   0x0000001c   Data   RO         1032    locale$$data        c_w.l(lc_numeric_c.o)
    0x00006670   0x00000004   Data   RO          347    .init_array         main.o
    0x00006674   0x00000000   Data   RO          762    .init_array         c_w.l(init_aeabi.o)


    Execution Region ER_RW (Base: 0x20038000, Size: 0x00000088, Max: 0xffffffff, ABSOLUTE)

    Base Addr    Size         Type   Attr      Idx    E Section Name        Object

    0x20038000   0x00000005   Data   RW           13    .data               system_mb9abxxx.o
    0x20038005   0x00000003   PAD
    0x20038008   0x00000004   Data   RW          103    .data               exint.o
    0x2003800c   0x00000028   Data   RW          137    .data               mfs.o
    0x20038034   0x00000044   Data   RW          346    .data               main.o
    0x20038078   0x0000000e   Data   RW          683    .data               wyzbee_i2c.o


    Execution Region ER_ZI (Base: 0x20038088, Size: 0x000002a8, Max: 0xffffffff, ABSOLUTE)

    Base Addr    Size         Type   Attr      Idx    E Section Name        Object

    0x20038088   0x0000000c   Zero   RW          101    .bss                exint.o
    0x20038094   0x00000038   Zero   RW          345    .bss                main.o
    0x200380cc   0x00000060   Zero   RW         1063    .bss                c_w.l(libspace.o)
    0x2003812c   0x00000004   PAD
    0x20038130   0x00000000   Zero   RW            2    HEAP                startup_mb9bf56x.o
    0x20038130   0x00000200   Zero   RW            1    STACK               startup_mb9bf56x.o


==============================================================================

Image component sizes


      Code (inc. data)   RO Data    RW Data    ZI Data      Debug   Object Name

      3016         10       1319          0          0      15508   adafruit_gfx.o
      1760         32        116          0          0      14322   adafruit_ssd1351.o
       752         32          4          4         12      34174   exint.o
       156         18          0          0          0       1383   interrupts.o
      1236        210          4         68         56      15173   main.o
      6900        110          0         40          0      45137   mfs.o
        76         26        576          0        512        864   startup_mb9bf56x.o
       468         64          0          5          0    1256476   system_mb9abxxx.o
      1560         84          0         14          0      16356   wyzbee_i2c.o
      1024         20          0          0          0       7257   wyzbee_spi.o

    ----------------------------------------------------------------------
     16948        606       2054        136        580    1406650   Object Totals
         0          0         32          0          0          0   (incl. Generated)
         0          0          3          5          0          0   (incl. Padding)

    ----------------------------------------------------------------------

      Code (inc. data)   RO Data    RW Data    ZI Data      Debug   Library Member Name

         8          0          0          0          0         68   __main.o
       352          0          0          0          0         88   __printf_ss_wp.o
        14          0          0          0          0         68   __printf_wp.o
         0          0          0          0          0          0   __rtentry.o
        12          0          0          0          0          0   __rtentry2.o
         6          0          0          0          0          0   __rtentry4.o
        52          8          0          0          0          0   __scatter.o
        26          0          0          0          0          0   __scatter_copy.o
        28          0          0          0          0          0   __scatter_zi.o
        48          6          0          0          0         96   _printf_char_common.o
         6          0          0          0          0          0   _printf_f.o
      1050          0          0          0          0        216   _printf_fp_dec.o
       128         16          0          0          0         84   _printf_fp_infnan.o
         0          0          0          0          0          0   _printf_percent.o
         4          0          0          0          0          0   _printf_percent_end.o
        10          0          0          0          0         68   _sputc.o
       220          4        148          0          0         96   bigflt0.o
      1910        128          0          0          0        672   btod.o
        10          0          0          0          0         68   defsig_exit.o
        50          0          0          0          0         88   defsig_general.o
        48         34          0          0          0         76   defsig_pvfn_inner.o
        14          0          0          0          0         80   defsig_pvfn_outer.o
        12          0          0          0          0         72   exit.o
         6          0          0          0          0        152   heapauxi.o
         0          0          0          0          0          0   indicate_semi.o
        36         10          0          0          0         80   init_aeabi.o
        44         10         28          0          0         76   lc_numeric_c.o
         2          0          0          0          0          0   libinit.o
        26          0          0          0          0          0   libinit2.o
         2          0          0          0          0          0   libshutdown.o
         2          0          0          0          0          0   libshutdown2.o
         8          4          0          0         96         68   libspace.o
       138          0          0          0          0         80   lludiv10.o
        40          6          0          0          0         84   noretval__2sprintf.o
         8          4          0          0          0         68   rt_locale_intlibspace.o
         2          0          0          0          0          0   rtexit.o
        10          0          0          0          0          0   rtexit2.o
        24          0          0          0          0         68   strcat.o
       128          0          0          0          0         68   strcmpv7m.o
        12          4          0          0          0         68   sys_exit.o
        74          0          0          0          0         80   sys_stackheap_outer.o
        14          0          0          0          0         76   sys_wrch.o
         2          0          0          0          0         68   use_no_semi.o
         6          0          0          0          0         68   pure_virt.o
        98          4          0          0          0        140   d2f.o
       804         16          0          0          0        368   daddsub_clz.o
       688        140          0          0          0        256   ddiv.o
        46          0          0          0          0        116   dflt_clz.o
       340         12          0          0          0        152   dmul.o
       156          4          0          0          0        140   dnaninf.o
        12          0          0          0          0        116   dretinf.o
        86          4          0          0          0        132   f2d.o
       140          4          0          0          0        132   fnaninf.o
        10          0          0          0          0        116   fpinit.o
        10          0          0          0          0        116   fretinf.o
         4          0          0          0          0        116   printf1.o
         0          0          0          0          0          0   usenofp.o
        48          0          0          0          0        124   fpclassify.o

    ----------------------------------------------------------------------
      7050        418        176          0        100       4968   Library Totals
        16          0          0          0          4          0   (incl. Padding)

    ----------------------------------------------------------------------

      Code (inc. data)   RO Data    RW Data    ZI Data      Debug   Library Name

      4586        234        176          0         96       2876   c_w.l
         6          0          0          0          0         68   cpprt_w.l
      2394        184          0          0          0       1900   fz_wm.l
        48          0          0          0          0        124   m_wm.l

    ----------------------------------------------------------------------
      7050        418        176          0        100       4968   Library Totals

    ----------------------------------------------------------------------

==============================================================================


      Code (inc. data)   RO Data    RW Data    ZI Data      Debug   

     23998       1024       2230        136        680    1407054   Grand Totals
     23998       1024       2230        136        680    1407054   ELF Image Totals
     23998       1024       2230        136          0          0   ROM Totals

==============================================================================

    Total RO  Size (Code + RO Data)                26228 (  25.61kB)
    Total RW  Size (RW Data + ZI Data)               816 (   0.80kB)
    Total ROM Size (Code + RO Data + RW Data)      26364 (  25.75kB)

==============================================================================

