ARM Linker, 5.03 [Build 76] [MDK-ARM Lite]

==============================================================================

Section Cross References

    startup_mb9bf56x.o(STACK) refers (Special) to heapauxi.o(.text) for __use_two_region_memory
    startup_mb9bf56x.o(HEAP) refers (Special) to heapauxi.o(.text) for __use_two_region_memory
    startup_mb9bf56x.o(RESET) refers (Special) to heapauxi.o(.text) for __use_two_region_memory
    startup_mb9bf56x.o(RESET) refers to startup_mb9bf56x.o(STACK) for __initial_sp
    startup_mb9bf56x.o(RESET) refers to startup_mb9bf56x.o(.text) for Reset_Handler
    startup_mb9bf56x.o(RESET) refers to interrupts.o(.text) for MFS4_RX_IRQHandler
    startup_mb9bf56x.o(.text) refers (Special) to heapauxi.o(.text) for __use_two_region_memory
    startup_mb9bf56x.o(.text) refers to system_mb9abxxx.o(.text) for SystemInit
    startup_mb9bf56x.o(.text) refers to __main.o(!!!main) for __main
    startup_mb9bf56x.o(.text) refers to startup_mb9bf56x.o(HEAP) for Heap_Mem
    startup_mb9bf56x.o(.text) refers to startup_mb9bf56x.o(STACK) for Stack_Mem
    mfs.o(.text) refers to mfs.o(.data) for m_astcMfsInstanceDataLut
    mfs_hl.o(.text) refers to mfs_hl.o(.data) for m_astcMfsHlInstanceDataLut
    mfs_hl.o(.text) refers to mfs.o(.text) for Mfs_GetReloadValue
    mfs_hl.o(.text) refers to pdl.o(.text) for PDL_WAIT_LOOP_HOOK
    interrupts.o(.text) refers to mfs.o(.text) for MfsIrqHandlerRx
    interrupts.o(.text) refers to mfs.o(.data) for m_astcMfsInstanceDataLut
    system_mb9abxxx.o(.text) refers to system_mb9abxxx.o(.data) for SystemCoreClock
    wyzbee_spi.o(.text) refers to mfs.o(.text) for Mfs_SetRxEnable
    main.o(.text) refers to wyzbee_spi.o(.text) for WyzBeeSpi_Write
    main.o(.text) refers to rt_memclr.o(.text) for __aeabi_memclr
    main.o(.text) refers to strcpy.o(.text) for strcpy
    main.o(.text) refers to main.o(.data) for data
    main.o(.text) refers to main.o(.bss) for DummyTxBuf
    main.o(.data) refers to main.o(.text) for MyTxCallBack
    rt_memclr.o(.text) refers to rt_memclr_w.o(.text) for _memset_w
    __main.o(!!!main) refers to rtentry.o(.ARM.Collect$$rtentry$$00000000) for __rt_entry
    rtentry.o(.ARM.Collect$$rtentry$$00000000) refers (Special) to rtentry2.o(.ARM.Collect$$rtentry$$0000000A) for __rt_entry_li
    rtentry.o(.ARM.Collect$$rtentry$$00000000) refers (Special) to rtentry2.o(.ARM.Collect$$rtentry$$0000000D) for __rt_entry_main
    rtentry.o(.ARM.Collect$$rtentry$$00000000) refers (Special) to rtentry2.o(.ARM.Collect$$rtentry$$0000000C) for __rt_entry_postli_1
    rtentry.o(.ARM.Collect$$rtentry$$00000000) refers (Special) to rtentry2.o(.ARM.Collect$$rtentry$$00000009) for __rt_entry_postsh_1
    rtentry.o(.ARM.Collect$$rtentry$$00000000) refers (Special) to rtentry2.o(.ARM.Collect$$rtentry$$00000002) for __rt_entry_presh_1
    rtentry.o(.ARM.Collect$$rtentry$$00000000) refers (Special) to rtentry4.o(.ARM.Collect$$rtentry$$00000004) for __rt_entry_sh
    rtentry2.o(.ARM.Collect$$rtentry$$00000008) refers to boardinit2.o(.text) for _platform_post_stackheap_init
    rtentry2.o(.ARM.Collect$$rtentry$$0000000A) refers to libinit.o(.ARM.Collect$$libinit$$00000000) for __rt_lib_init
    rtentry2.o(.ARM.Collect$$rtentry$$0000000B) refers to boardinit3.o(.text) for _platform_post_lib_init
    rtentry2.o(.ARM.Collect$$rtentry$$0000000D) refers to main.o(.text) for main
    rtentry2.o(.ARM.Collect$$rtentry$$0000000D) refers to exit.o(.text) for exit
    rtentry2.o(.ARM.exidx) refers to rtentry2.o(.ARM.Collect$$rtentry$$00000001) for .ARM.Collect$$rtentry$$00000001
    rtentry2.o(.ARM.exidx) refers to rtentry2.o(.ARM.Collect$$rtentry$$00000008) for .ARM.Collect$$rtentry$$00000008
    rtentry2.o(.ARM.exidx) refers to rtentry2.o(.ARM.Collect$$rtentry$$0000000A) for .ARM.Collect$$rtentry$$0000000A
    rtentry2.o(.ARM.exidx) refers to rtentry2.o(.ARM.Collect$$rtentry$$0000000B) for .ARM.Collect$$rtentry$$0000000B
    rtentry2.o(.ARM.exidx) refers to rtentry2.o(.ARM.Collect$$rtentry$$0000000D) for .ARM.Collect$$rtentry$$0000000D
    rtentry4.o(.ARM.Collect$$rtentry$$00000004) refers to sys_stackheap_outer.o(.text) for __user_setup_stackheap
    rtentry4.o(.ARM.exidx) refers to rtentry4.o(.ARM.Collect$$rtentry$$00000004) for .ARM.Collect$$rtentry$$00000004
    sys_stackheap_outer.o(.text) refers to libspace.o(.text) for __user_perproc_libspace
    sys_stackheap_outer.o(.text) refers to startup_mb9bf56x.o(.text) for __user_initial_stackheap
    exit.o(.text) refers to rtexit.o(.ARM.Collect$$rtexit$$00000000) for __rt_exit
    libinit.o(.ARM.Collect$$libinit$$00000000) refers (Special) to libinit2.o(.ARM.Collect$$libinit$$0000002C) for __rt_lib_init_alloca_1
    libinit.o(.ARM.Collect$$libinit$$00000000) refers (Special) to libinit2.o(.ARM.Collect$$libinit$$0000002A) for __rt_lib_init_argv_1
    libinit.o(.ARM.Collect$$libinit$$00000000) refers (Special) to libinit2.o(.ARM.Collect$$libinit$$00000019) for __rt_lib_init_atexit_1
    libinit.o(.ARM.Collect$$libinit$$00000000) refers (Special) to libinit2.o(.ARM.Collect$$libinit$$0000001F) for __rt_lib_init_clock_1
    libinit.o(.ARM.Collect$$libinit$$00000000) refers (Special) to libinit2.o(.ARM.Collect$$libinit$$00000030) for __rt_lib_init_cpp_1
    libinit.o(.ARM.Collect$$libinit$$00000000) refers (Special) to libinit2.o(.ARM.Collect$$libinit$$0000002E) for __rt_lib_init_exceptions_1
    libinit.o(.ARM.Collect$$libinit$$00000000) refers (Special) to libinit2.o(.ARM.Collect$$libinit$$00000001) for __rt_lib_init_fp_1
    libinit.o(.ARM.Collect$$libinit$$00000000) refers (Special) to libinit2.o(.ARM.Collect$$libinit$$0000001D) for __rt_lib_init_fp_trap_1
    libinit.o(.ARM.Collect$$libinit$$00000000) refers (Special) to libinit2.o(.ARM.Collect$$libinit$$00000021) for __rt_lib_init_getenv_1
    libinit.o(.ARM.Collect$$libinit$$00000000) refers (Special) to libinit2.o(.ARM.Collect$$libinit$$00000008) for __rt_lib_init_heap_1
    libinit.o(.ARM.Collect$$libinit$$00000000) refers (Special) to libinit2.o(.ARM.Collect$$libinit$$0000000F) for __rt_lib_init_lc_collate_1
    libinit.o(.ARM.Collect$$libinit$$00000000) refers (Special) to libinit2.o(.ARM.Collect$$libinit$$00000011) for __rt_lib_init_lc_ctype_1
    libinit.o(.ARM.Collect$$libinit$$00000000) refers (Special) to libinit2.o(.ARM.Collect$$libinit$$00000013) for __rt_lib_init_lc_monetary_1
    libinit.o(.ARM.Collect$$libinit$$00000000) refers (Special) to libinit2.o(.ARM.Collect$$libinit$$00000015) for __rt_lib_init_lc_numeric_1
    libinit.o(.ARM.Collect$$libinit$$00000000) refers (Special) to libinit2.o(.ARM.Collect$$libinit$$00000017) for __rt_lib_init_lc_time_1
    libinit.o(.ARM.Collect$$libinit$$00000000) refers (Special) to libinit2.o(.ARM.Collect$$libinit$$0000000C) for __rt_lib_init_rand_1
    libinit.o(.ARM.Collect$$libinit$$00000000) refers (Special) to libinit2.o(.ARM.Collect$$libinit$$00000031) for __rt_lib_init_return
    libinit.o(.ARM.Collect$$libinit$$00000000) refers (Special) to libinit2.o(.ARM.Collect$$libinit$$0000001B) for __rt_lib_init_signal_1
    libinit.o(.ARM.Collect$$libinit$$00000000) refers (Special) to libinit2.o(.ARM.Collect$$libinit$$00000023) for __rt_lib_init_stdio_1
    libinit.o(.ARM.Collect$$libinit$$00000000) refers (Special) to libinit2.o(.ARM.Collect$$libinit$$0000000A) for __rt_lib_init_user_alloc_1
    libspace.o(.text) refers to libspace.o(.bss) for __libspace_start
    rtexit.o(.ARM.Collect$$rtexit$$00000000) refers (Special) to rtexit2.o(.ARM.Collect$$rtexit$$00000004) for __rt_exit_exit
    rtexit.o(.ARM.Collect$$rtexit$$00000000) refers (Special) to rtexit2.o(.ARM.Collect$$rtexit$$00000003) for __rt_exit_ls
    rtexit.o(.ARM.Collect$$rtexit$$00000000) refers (Special) to rtexit2.o(.ARM.Collect$$rtexit$$00000002) for __rt_exit_prels_1
    rtexit.o(.ARM.exidx) refers (Special) to rtexit2.o(.ARM.Collect$$rtexit$$00000004) for __rt_exit_exit
    rtexit.o(.ARM.exidx) refers (Special) to rtexit2.o(.ARM.Collect$$rtexit$$00000003) for __rt_exit_ls
    rtexit.o(.ARM.exidx) refers (Special) to rtexit2.o(.ARM.Collect$$rtexit$$00000002) for __rt_exit_prels_1
    rtexit.o(.ARM.exidx) refers to rtexit.o(.ARM.Collect$$rtexit$$00000000) for .ARM.Collect$$rtexit$$00000000
    libinit2.o(.ARM.Collect$$libinit$$00000001) refers to fpinit.o(x$fpl$fpinit) for _fp_init
    libinit2.o(.ARM.Collect$$libinit$$0000000E) refers to libinit2.o(.ARM.Collect$$libinit$$0000000D) for .ARM.Collect$$libinit$$0000000D
    libinit2.o(.ARM.Collect$$libinit$$00000010) refers to libinit2.o(.ARM.Collect$$libinit$$0000000D) for .ARM.Collect$$libinit$$0000000D
    libinit2.o(.ARM.Collect$$libinit$$00000012) refers to libinit2.o(.ARM.Collect$$libinit$$0000000D) for .ARM.Collect$$libinit$$0000000D
    libinit2.o(.ARM.Collect$$libinit$$00000014) refers to libinit2.o(.ARM.Collect$$libinit$$0000000D) for .ARM.Collect$$libinit$$0000000D
    libinit2.o(.ARM.Collect$$libinit$$00000016) refers to libinit2.o(.ARM.Collect$$libinit$$0000000D) for .ARM.Collect$$libinit$$0000000D
    libinit2.o(.ARM.Collect$$libinit$$00000024) refers to argv_veneer.o(.emb_text) for __ARM_argv_veneer
    libinit2.o(.ARM.Collect$$libinit$$00000025) refers to argv_veneer.o(.emb_text) for __ARM_argv_veneer
    rtexit2.o(.ARM.Collect$$rtexit$$00000003) refers to libshutdown.o(.ARM.Collect$$libshutdown$$00000000) for __rt_lib_shutdown
    rtexit2.o(.ARM.Collect$$rtexit$$00000004) refers to sys_exit.o(.text) for _sys_exit
    rtexit2.o(.ARM.exidx) refers to rtexit2.o(.ARM.Collect$$rtexit$$00000001) for .ARM.Collect$$rtexit$$00000001
    rtexit2.o(.ARM.exidx) refers to rtexit2.o(.ARM.Collect$$rtexit$$00000003) for .ARM.Collect$$rtexit$$00000003
    rtexit2.o(.ARM.exidx) refers to rtexit2.o(.ARM.Collect$$rtexit$$00000004) for .ARM.Collect$$rtexit$$00000004
    argv_veneer.o(.emb_text) refers to no_argv.o(.text) for __ARM_get_argv
    sys_exit.o(.text) refers (Special) to use_no_semi.o(.text) for __I$use$semihosting
    sys_exit.o(.text) refers (Special) to indicate_semi.o(.text) for __semihosting_library_function
    _get_argv_nomalloc.o(.text) refers (Special) to hrguard.o(.text) for __heap_region$guard
    _get_argv_nomalloc.o(.text) refers to defsig_rtmem_outer.o(.text) for __rt_SIGRTMEM
    _get_argv_nomalloc.o(.text) refers to sys_command.o(.text) for _sys_command_string
    libshutdown.o(.ARM.Collect$$libshutdown$$00000000) refers (Special) to libshutdown2.o(.ARM.Collect$$libshutdown$$00000006) for __rt_lib_shutdown_fp_trap_1
    libshutdown.o(.ARM.Collect$$libshutdown$$00000000) refers (Special) to libshutdown2.o(.ARM.Collect$$libshutdown$$0000000E) for __rt_lib_shutdown_heap_1
    libshutdown.o(.ARM.Collect$$libshutdown$$00000000) refers (Special) to libshutdown2.o(.ARM.Collect$$libshutdown$$0000000F) for __rt_lib_shutdown_return
    libshutdown.o(.ARM.Collect$$libshutdown$$00000000) refers (Special) to libshutdown2.o(.ARM.Collect$$libshutdown$$00000009) for __rt_lib_shutdown_signal_1
    libshutdown.o(.ARM.Collect$$libshutdown$$00000000) refers (Special) to libshutdown2.o(.ARM.Collect$$libshutdown$$00000003) for __rt_lib_shutdown_stdio_1
    libshutdown.o(.ARM.Collect$$libshutdown$$00000000) refers (Special) to libshutdown2.o(.ARM.Collect$$libshutdown$$0000000B) for __rt_lib_shutdown_user_alloc_1
    sys_command.o(.text) refers (Special) to use_no_semi.o(.text) for __I$use$semihosting
    sys_command.o(.text) refers (Special) to indicate_semi.o(.text) for __semihosting_library_function
    defsig_rtmem_outer.o(.text) refers to defsig_rtmem_inner.o(.text) for __rt_SIGRTMEM_inner
    defsig_rtmem_outer.o(.text) refers to defsig_exit.o(.text) for __sig_exit
    defsig_rtmem_formal.o(.text) refers to rt_raise.o(.text) for __rt_raise
    rt_raise.o(.text) refers to __raise.o(.text) for __raise
    rt_raise.o(.text) refers to sys_exit.o(.text) for _sys_exit
    defsig_exit.o(.text) refers to sys_exit.o(.text) for _sys_exit
    defsig_rtmem_inner.o(.text) refers to defsig_general.o(.text) for __default_signal_display
    __raise.o(.text) refers to defsig.o(CL$$defsig) for __default_signal_handler
    defsig_general.o(.text) refers to sys_wrch.o(.text) for _ttywrch
    sys_wrch.o(.text) refers (Special) to use_no_semi.o(.text) for __I$use$semihosting
    sys_wrch.o(.text) refers (Special) to indicate_semi.o(.text) for __semihosting_library_function
    defsig.o(CL$$defsig) refers to defsig_rtmem_inner.o(.text) for __rt_SIGRTMEM_inner
    defsig_abrt_inner.o(.text) refers to defsig_general.o(.text) for __default_signal_display
    defsig_fpe_inner.o(.text) refers to defsig_general.o(.text) for __default_signal_display
    defsig_rtred_inner.o(.text) refers to defsig_general.o(.text) for __default_signal_display
    defsig_stak_inner.o(.text) refers to defsig_general.o(.text) for __default_signal_display
    defsig_pvfn_inner.o(.text) refers to defsig_general.o(.text) for __default_signal_display
    defsig_cppl_inner.o(.text) refers to defsig_general.o(.text) for __default_signal_display
    defsig_segv_inner.o(.text) refers to defsig_general.o(.text) for __default_signal_display
    defsig_other.o(.text) refers to defsig_general.o(.text) for __default_signal_display


==============================================================================

Removing Unused input sections from the image.

    Removing mfs.o(.rev16_text), (4 bytes).
    Removing mfs.o(.revsh_text), (4 bytes).
    Removing mfs_hl.o(.rev16_text), (4 bytes).
    Removing mfs_hl.o(.revsh_text), (4 bytes).
    Removing mfs_hl.o(.text), (15800 bytes).
    Removing mfs_hl.o(.data), (72 bytes).
    Removing interrupts.o(.rev16_text), (4 bytes).
    Removing interrupts.o(.revsh_text), (4 bytes).
    Removing pdl.o(.rev16_text), (4 bytes).
    Removing pdl.o(.revsh_text), (4 bytes).
    Removing pdl.o(.text), (20 bytes).
    Removing system_mb9abxxx.o(.rev16_text), (4 bytes).
    Removing system_mb9abxxx.o(.revsh_text), (4 bytes).
    Removing wyzbee_spi.o(.rev16_text), (4 bytes).
    Removing wyzbee_spi.o(.revsh_text), (4 bytes).
    Removing main.o(.rev16_text), (4 bytes).
    Removing main.o(.revsh_text), (4 bytes).

17 unused section(s) (total 15948 bytes) removed from the image.

==============================================================================

Image Symbol Table

    Local Symbols

    Symbol Name                              Value     Ov Type        Size  Object(Section)

    RESET                                    0x00000000   Section      576  startup_mb9bf56x.o(RESET)
    ../clib/angel/boardlib.s                 0x00000000   Number         0  boardinit3.o ABSOLUTE
    ../clib/angel/boardlib.s                 0x00000000   Number         0  boardinit2.o ABSOLUTE
    ../clib/angel/boardlib.s                 0x00000000   Number         0  boardshut.o ABSOLUTE
    ../clib/angel/boardlib.s                 0x00000000   Number         0  boardinit1.o ABSOLUTE
    ../clib/angel/handlers.s                 0x00000000   Number         0  __scatter_zi.o ABSOLUTE
    ../clib/angel/handlers.s                 0x00000000   Number         0  __scatter_copy.o ABSOLUTE
    ../clib/angel/kernel.s                   0x00000000   Number         0  rtexit2.o ABSOLUTE
    ../clib/angel/kernel.s                   0x00000000   Number         0  rtexit.o ABSOLUTE
    ../clib/angel/kernel.s                   0x00000000   Number         0  rtentry2.o ABSOLUTE
    ../clib/angel/kernel.s                   0x00000000   Number         0  rtentry.o ABSOLUTE
    ../clib/angel/kernel.s                   0x00000000   Number         0  rtentry4.o ABSOLUTE
    ../clib/angel/rt.s                       0x00000000   Number         0  rt_raise.o ABSOLUTE
    ../clib/angel/scatter.s                  0x00000000   Number         0  __scatter.o ABSOLUTE
    ../clib/angel/startup.s                  0x00000000   Number         0  __main.o ABSOLUTE
    ../clib/angel/sys.s                      0x00000000   Number         0  libspace.o ABSOLUTE
    ../clib/angel/sys.s                      0x00000000   Number         0  indicate_semi.o ABSOLUTE
    ../clib/angel/sys.s                      0x00000000   Number         0  use_no_semi.o ABSOLUTE
    ../clib/angel/sys.s                      0x00000000   Number         0  sys_stackheap_outer.o ABSOLUTE
    ../clib/angel/sysapp.c                   0x00000000   Number         0  sys_exit.o ABSOLUTE
    ../clib/angel/sysapp.c                   0x00000000   Number         0  sys_command.o ABSOLUTE
    ../clib/angel/sysapp.c                   0x00000000   Number         0  sys_wrch.o ABSOLUTE
    ../clib/armsys.c                         0x00000000   Number         0  argv_veneer.o ABSOLUTE
    ../clib/armsys.c                         0x00000000   Number         0  _get_argv_nomalloc.o ABSOLUTE
    ../clib/armsys.c                         0x00000000   Number         0  no_argv.o ABSOLUTE
    ../clib/armsys.c                         0x00000000   Number         0  argv_veneer.o ABSOLUTE
    ../clib/heapalloc.c                      0x00000000   Number         0  hrguard.o ABSOLUTE
    ../clib/heapaux.c                        0x00000000   Number         0  heapauxi.o ABSOLUTE
    ../clib/libinit.s                        0x00000000   Number         0  libinit2.o ABSOLUTE
    ../clib/libinit.s                        0x00000000   Number         0  libinit.o ABSOLUTE
    ../clib/libinit.s                        0x00000000   Number         0  libshutdown2.o ABSOLUTE
    ../clib/libinit.s                        0x00000000   Number         0  libshutdown.o ABSOLUTE
    ../clib/memcpset.s                       0x00000000   Number         0  rt_memclr_w.o ABSOLUTE
    ../clib/memcpset.s                       0x00000000   Number         0  rt_memclr.o ABSOLUTE
    ../clib/signal.c                         0x00000000   Number         0  defsig_abrt_inner.o ABSOLUTE
    ../clib/signal.c                         0x00000000   Number         0  defsig_pvfn_inner.o ABSOLUTE
    ../clib/signal.c                         0x00000000   Number         0  __raise.o ABSOLUTE
    ../clib/signal.c                         0x00000000   Number         0  defsig_exit.o ABSOLUTE
    ../clib/signal.c                         0x00000000   Number         0  defsig_rtmem_formal.o ABSOLUTE
    ../clib/signal.c                         0x00000000   Number         0  defsig_rtmem_outer.o ABSOLUTE
    ../clib/signal.c                         0x00000000   Number         0  defsig_other.o ABSOLUTE
    ../clib/signal.c                         0x00000000   Number         0  defsig_general.o ABSOLUTE
    ../clib/signal.c                         0x00000000   Number         0  defsig_segv_inner.o ABSOLUTE
    ../clib/signal.c                         0x00000000   Number         0  defsig_cppl_inner.o ABSOLUTE
    ../clib/signal.c                         0x00000000   Number         0  defsig_stak_inner.o ABSOLUTE
    ../clib/signal.c                         0x00000000   Number         0  defsig_rtred_inner.o ABSOLUTE
    ../clib/signal.c                         0x00000000   Number         0  defsig_fpe_inner.o ABSOLUTE
    ../clib/signal.c                         0x00000000   Number         0  defsig_rtmem_inner.o ABSOLUTE
    ../clib/signal.s                         0x00000000   Number         0  defsig.o ABSOLUTE
    ../clib/stdlib.c                         0x00000000   Number         0  exit.o ABSOLUTE
    ../clib/string.c                         0x00000000   Number         0  strcpy.o ABSOLUTE
    ../fplib/fpinit.s                        0x00000000   Number         0  fpinit.o ABSOLUTE
    WyzBee_SPI\WyzBee_spi.c                  0x00000000   Number         0  wyzbee_spi.o ABSOLUTE
    WyzBee_SPI\\WyzBee_spi.c                 0x00000000   Number         0  wyzbee_spi.o ABSOLUTE
    common\\interrupts.c                     0x00000000   Number         0  interrupts.o ABSOLUTE
    common\\pdl.c                            0x00000000   Number         0  pdl.o ABSOLUTE
    common\interrupts.c                      0x00000000   Number         0  interrupts.o ABSOLUTE
    common\pdl.c                             0x00000000   Number         0  pdl.o ABSOLUTE
    dc.s                                     0x00000000   Number         0  dc.o ABSOLUTE
    lib\\src\\mfs.c                          0x00000000   Number         0  mfs.o ABSOLUTE
    lib\\src\\mfs_hl.c                       0x00000000   Number         0  mfs_hl.o ABSOLUTE
    lib\src\mfs.c                            0x00000000   Number         0  mfs.o ABSOLUTE
    lib\src\mfs_hl.c                         0x00000000   Number         0  mfs_hl.o ABSOLUTE
    main.c                                   0x00000000   Number         0  main.o ABSOLUTE
    main.c                                   0x00000000   Number         0  main.o ABSOLUTE
    startup_mb9bf56x.s                       0x00000000   Number         0  startup_mb9bf56x.o ABSOLUTE
    system_mb9abxxx.c                        0x00000000   Number         0  system_mb9abxxx.o ABSOLUTE
    system_mb9abxxx.c                        0x00000000   Number         0  system_mb9abxxx.o ABSOLUTE
    !!!main                                  0x00000240   Section        8  __main.o(!!!main)
    !!!scatter                               0x00000248   Section       52  __scatter.o(!!!scatter)
    !!handler_copy                           0x0000027c   Section       26  __scatter_copy.o(!!handler_copy)
    !!handler_zi                             0x00000298   Section       28  __scatter_zi.o(!!handler_zi)
    .ARM.Collect$$libinit$$00000000          0x000002b4   Section        2  libinit.o(.ARM.Collect$$libinit$$00000000)
    .ARM.Collect$$libinit$$00000001          0x000002b6   Section        4  libinit2.o(.ARM.Collect$$libinit$$00000001)
    .ARM.Collect$$libinit$$00000008          0x000002ba   Section        0  libinit2.o(.ARM.Collect$$libinit$$00000008)
    .ARM.Collect$$libinit$$0000000A          0x000002ba   Section        0  libinit2.o(.ARM.Collect$$libinit$$0000000A)
    .ARM.Collect$$libinit$$0000000C          0x000002ba   Section        0  libinit2.o(.ARM.Collect$$libinit$$0000000C)
    .ARM.Collect$$libinit$$0000000F          0x000002ba   Section        0  libinit2.o(.ARM.Collect$$libinit$$0000000F)
    .ARM.Collect$$libinit$$00000011          0x000002ba   Section        0  libinit2.o(.ARM.Collect$$libinit$$00000011)
    .ARM.Collect$$libinit$$00000013          0x000002ba   Section        0  libinit2.o(.ARM.Collect$$libinit$$00000013)
    .ARM.Collect$$libinit$$00000015          0x000002ba   Section        0  libinit2.o(.ARM.Collect$$libinit$$00000015)
    .ARM.Collect$$libinit$$00000017          0x000002ba   Section        0  libinit2.o(.ARM.Collect$$libinit$$00000017)
    .ARM.Collect$$libinit$$00000019          0x000002ba   Section        0  libinit2.o(.ARM.Collect$$libinit$$00000019)
    .ARM.Collect$$libinit$$0000001B          0x000002ba   Section        0  libinit2.o(.ARM.Collect$$libinit$$0000001B)
    .ARM.Collect$$libinit$$0000001D          0x000002ba   Section        0  libinit2.o(.ARM.Collect$$libinit$$0000001D)
    .ARM.Collect$$libinit$$0000001F          0x000002ba   Section        0  libinit2.o(.ARM.Collect$$libinit$$0000001F)
    .ARM.Collect$$libinit$$00000021          0x000002ba   Section        0  libinit2.o(.ARM.Collect$$libinit$$00000021)
    .ARM.Collect$$libinit$$00000023          0x000002ba   Section        0  libinit2.o(.ARM.Collect$$libinit$$00000023)
    .ARM.Collect$$libinit$$0000002A          0x000002ba   Section        0  libinit2.o(.ARM.Collect$$libinit$$0000002A)
    .ARM.Collect$$libinit$$0000002C          0x000002ba   Section        0  libinit2.o(.ARM.Collect$$libinit$$0000002C)
    .ARM.Collect$$libinit$$0000002E          0x000002ba   Section        0  libinit2.o(.ARM.Collect$$libinit$$0000002E)
    .ARM.Collect$$libinit$$00000030          0x000002ba   Section        0  libinit2.o(.ARM.Collect$$libinit$$00000030)
    .ARM.Collect$$libinit$$00000031          0x000002ba   Section        2  libinit2.o(.ARM.Collect$$libinit$$00000031)
    .ARM.Collect$$libshutdown$$00000000      0x000002bc   Section        2  libshutdown.o(.ARM.Collect$$libshutdown$$00000000)
    .ARM.Collect$$libshutdown$$00000003      0x000002be   Section        0  libshutdown2.o(.ARM.Collect$$libshutdown$$00000003)
    .ARM.Collect$$libshutdown$$00000006      0x000002be   Section        0  libshutdown2.o(.ARM.Collect$$libshutdown$$00000006)
    .ARM.Collect$$libshutdown$$00000009      0x000002be   Section        0  libshutdown2.o(.ARM.Collect$$libshutdown$$00000009)
    .ARM.Collect$$libshutdown$$0000000B      0x000002be   Section        0  libshutdown2.o(.ARM.Collect$$libshutdown$$0000000B)
    .ARM.Collect$$libshutdown$$0000000E      0x000002be   Section        0  libshutdown2.o(.ARM.Collect$$libshutdown$$0000000E)
    .ARM.Collect$$libshutdown$$0000000F      0x000002be   Section        2  libshutdown2.o(.ARM.Collect$$libshutdown$$0000000F)
    .ARM.Collect$$rtentry$$00000000          0x000002c0   Section        0  rtentry.o(.ARM.Collect$$rtentry$$00000000)
    .ARM.Collect$$rtentry$$00000002          0x000002c0   Section        0  rtentry2.o(.ARM.Collect$$rtentry$$00000002)
    .ARM.Collect$$rtentry$$00000004          0x000002c0   Section        6  rtentry4.o(.ARM.Collect$$rtentry$$00000004)
    .ARM.Collect$$rtentry$$00000009          0x000002c6   Section        0  rtentry2.o(.ARM.Collect$$rtentry$$00000009)
    .ARM.Collect$$rtentry$$0000000A          0x000002c6   Section        4  rtentry2.o(.ARM.Collect$$rtentry$$0000000A)
    .ARM.Collect$$rtentry$$0000000C          0x000002ca   Section        0  rtentry2.o(.ARM.Collect$$rtentry$$0000000C)
    .ARM.Collect$$rtentry$$0000000D          0x000002ca   Section        8  rtentry2.o(.ARM.Collect$$rtentry$$0000000D)
    .ARM.Collect$$rtexit$$00000000           0x000002d2   Section        2  rtexit.o(.ARM.Collect$$rtexit$$00000000)
    .ARM.Collect$$rtexit$$00000002           0x000002d4   Section        0  rtexit2.o(.ARM.Collect$$rtexit$$00000002)
    .ARM.Collect$$rtexit$$00000003           0x000002d4   Section        4  rtexit2.o(.ARM.Collect$$rtexit$$00000003)
    .ARM.Collect$$rtexit$$00000004           0x000002d8   Section        6  rtexit2.o(.ARM.Collect$$rtexit$$00000004)
    .text                                    0x000002e0   Section       76  startup_mb9bf56x.o(.text)
    $v0                                      0x000002e0   Number         0  startup_mb9bf56x.o(.text)
    .text                                    0x0000032c   Section        0  mfs.o(.text)
    NVIC_SetPriority                         0x0000032d   Thumb Code    32  mfs.o(.text)
    MfsGetInternDataPtr                      0x0000034d   Thumb Code    48  mfs.o(.text)
    NVIC_EnableIRQ                           0x00001d8b   Thumb Code    24  mfs.o(.text)
    NVIC_DisableIRQ                          0x00001da3   Thumb Code    18  mfs.o(.text)
    NVIC_ClearPendingIRQ                     0x00001db5   Thumb Code    18  mfs.o(.text)
    .text                                    0x00001dd0   Section        0  interrupts.o(.text)
    .text                                    0x00001e10   Section        0  system_mb9abxxx.o(.text)
    .text                                    0x00001ff4   Section        0  wyzbee_spi.o(.text)
    .text                                    0x000023fc   Section        0  main.o(.text)
    MyTxCallBack                             0x000023fd   Thumb Code    10  main.o(.text)
    MyRxCallBack                             0x00002407   Thumb Code    12  main.o(.text)
    .text                                    0x0000245c   Section        0  strcpy.o(.text)
    .text                                    0x000024a4   Section       68  rt_memclr.o(.text)
    .text                                    0x000024e8   Section        0  heapauxi.o(.text)
    .text                                    0x000024ee   Section       78  rt_memclr_w.o(.text)
    .text                                    0x0000253c   Section       74  sys_stackheap_outer.o(.text)
    .text                                    0x00002586   Section        0  exit.o(.text)
    .text                                    0x00002594   Section        8  libspace.o(.text)
    .text                                    0x0000259c   Section        0  sys_exit.o(.text)
    .text                                    0x000025a8   Section        2  use_no_semi.o(.text)
    .text                                    0x000025aa   Section        0  indicate_semi.o(.text)
    x$fpl$fpinit                             0x000025aa   Section       10  fpinit.o(x$fpl$fpinit)
    $v0                                      0x000025aa   Number         0  fpinit.o(x$fpl$fpinit)
    .data                                    0x20038000   Section       20  mfs.o(.data)
    .data                                    0x20038014   Section        5  system_mb9abxxx.o(.data)
    u8IoRegisterRead                         0x20038018   Data           1  system_mb9abxxx.o(.data)
    .data                                    0x2003801c   Section       29  main.o(.data)
    Tx_status                                0x2003801c   Data           4  main.o(.data)
    Rx_status                                0x20038020   Data           1  main.o(.data)
    .bss                                     0x2003803c   Section       91  main.o(.bss)
    .bss                                     0x20038098   Section       96  libspace.o(.bss)
    HEAP                                     0x200380f8   Section        0  startup_mb9bf56x.o(HEAP)
    STACK                                    0x200380f8   Section      512  startup_mb9bf56x.o(STACK)
    Heap_Mem                                 0x200380f8   Data           0  startup_mb9bf56x.o(HEAP)
    Stack_Mem                                0x200380f8   Data         512  startup_mb9bf56x.o(STACK)
    __initial_sp                             0x200382f8   Data           0  startup_mb9bf56x.o(STACK)

    Global Symbols

    Symbol Name                              Value     Ov Type        Size  Object(Section)

    BuildAttributes$$THM_ISAv4$E$P$D$K$B$S$7EM$VFPi3$EXTD16$VFPS$VFMA$PE$A:L22UL41UL21$X:L11$S22US41US21$IEEE1$IW$USESV6$~STKCKD$USESV7$~SHL$OSPACE$ROPI$EBA8$UX$STANDARDLIB$REQ8$PRES8$EABIv2 0x00000000   Number         0  anon$$obj.o ABSOLUTE
    __ARM_use_no_argv                        0x00000000   Number         0  main.o ABSOLUTE
    __Vectors                                0x00000000   Data           4  startup_mb9bf56x.o(RESET)
    __ARM_exceptions_init                     - Undefined Weak Reference
    __alloca_initialize                       - Undefined Weak Reference
    __cpp_initialize__aeabi_                  - Undefined Weak Reference
    __cxa_finalize                            - Undefined Weak Reference
    __rt_locale                               - Undefined Weak Reference
    __sigvec_lookup                           - Undefined Weak Reference
    _atexit_init                              - Undefined Weak Reference
    _call_atexit_fns                          - Undefined Weak Reference
    _clock_init                               - Undefined Weak Reference
    _fp_trap_init                             - Undefined Weak Reference
    _fp_trap_shutdown                         - Undefined Weak Reference
    _get_lc_collate                           - Undefined Weak Reference
    _get_lc_ctype                             - Undefined Weak Reference
    _get_lc_monetary                          - Undefined Weak Reference
    _get_lc_numeric                           - Undefined Weak Reference
    _get_lc_time                              - Undefined Weak Reference
    _getenv_init                              - Undefined Weak Reference
    _handle_redirection                       - Undefined Weak Reference
    _init_alloc                               - Undefined Weak Reference
    _init_user_alloc                          - Undefined Weak Reference
    _initio                                   - Undefined Weak Reference
    _rand_init                                - Undefined Weak Reference
    _signal_finish                            - Undefined Weak Reference
    _signal_init                              - Undefined Weak Reference
    _terminate_alloc                          - Undefined Weak Reference
    _terminate_user_alloc                     - Undefined Weak Reference
    _terminateio                              - Undefined Weak Reference
    __Vectors_End                            0x00000240   Data           0  startup_mb9bf56x.o(RESET)
    __Vectors_Size                           0x00000240   Number         0  startup_mb9bf56x.o ABSOLUTE
    __main                                   0x00000241   Thumb Code     8  __main.o(!!!main)
    __scatterload                            0x00000249   Thumb Code     0  __scatter.o(!!!scatter)
    __scatterload_rt2                        0x00000249   Thumb Code    44  __scatter.o(!!!scatter)
    __scatterload_rt2_thumb_only             0x00000249   Thumb Code     0  __scatter.o(!!!scatter)
    __scatterload_null                       0x00000257   Thumb Code     0  __scatter.o(!!!scatter)
    __scatterload_copy                       0x0000027d   Thumb Code    26  __scatter_copy.o(!!handler_copy)
    __scatterload_zeroinit                   0x00000299   Thumb Code    28  __scatter_zi.o(!!handler_zi)
    __rt_lib_init                            0x000002b5   Thumb Code     0  libinit.o(.ARM.Collect$$libinit$$00000000)
    __rt_lib_init_fp_1                       0x000002b7   Thumb Code     0  libinit2.o(.ARM.Collect$$libinit$$00000001)
    __rt_lib_init_alloca_1                   0x000002bb   Thumb Code     0  libinit2.o(.ARM.Collect$$libinit$$0000002C)
    __rt_lib_init_argv_1                     0x000002bb   Thumb Code     0  libinit2.o(.ARM.Collect$$libinit$$0000002A)
    __rt_lib_init_atexit_1                   0x000002bb   Thumb Code     0  libinit2.o(.ARM.Collect$$libinit$$00000019)
    __rt_lib_init_clock_1                    0x000002bb   Thumb Code     0  libinit2.o(.ARM.Collect$$libinit$$0000001F)
    __rt_lib_init_cpp_1                      0x000002bb   Thumb Code     0  libinit2.o(.ARM.Collect$$libinit$$00000030)
    __rt_lib_init_exceptions_1               0x000002bb   Thumb Code     0  libinit2.o(.ARM.Collect$$libinit$$0000002E)
    __rt_lib_init_fp_trap_1                  0x000002bb   Thumb Code     0  libinit2.o(.ARM.Collect$$libinit$$0000001D)
    __rt_lib_init_getenv_1                   0x000002bb   Thumb Code     0  libinit2.o(.ARM.Collect$$libinit$$00000021)
    __rt_lib_init_heap_1                     0x000002bb   Thumb Code     0  libinit2.o(.ARM.Collect$$libinit$$00000008)
    __rt_lib_init_lc_collate_1               0x000002bb   Thumb Code     0  libinit2.o(.ARM.Collect$$libinit$$0000000F)
    __rt_lib_init_lc_ctype_1                 0x000002bb   Thumb Code     0  libinit2.o(.ARM.Collect$$libinit$$00000011)
    __rt_lib_init_lc_monetary_1              0x000002bb   Thumb Code     0  libinit2.o(.ARM.Collect$$libinit$$00000013)
    __rt_lib_init_lc_numeric_1               0x000002bb   Thumb Code     0  libinit2.o(.ARM.Collect$$libinit$$00000015)
    __rt_lib_init_lc_time_1                  0x000002bb   Thumb Code     0  libinit2.o(.ARM.Collect$$libinit$$00000017)
    __rt_lib_init_rand_1                     0x000002bb   Thumb Code     0  libinit2.o(.ARM.Collect$$libinit$$0000000C)
    __rt_lib_init_return                     0x000002bb   Thumb Code     0  libinit2.o(.ARM.Collect$$libinit$$00000031)
    __rt_lib_init_signal_1                   0x000002bb   Thumb Code     0  libinit2.o(.ARM.Collect$$libinit$$0000001B)
    __rt_lib_init_stdio_1                    0x000002bb   Thumb Code     0  libinit2.o(.ARM.Collect$$libinit$$00000023)
    __rt_lib_init_user_alloc_1               0x000002bb   Thumb Code     0  libinit2.o(.ARM.Collect$$libinit$$0000000A)
    __rt_lib_shutdown                        0x000002bd   Thumb Code     0  libshutdown.o(.ARM.Collect$$libshutdown$$00000000)
    __rt_lib_shutdown_fp_trap_1              0x000002bf   Thumb Code     0  libshutdown2.o(.ARM.Collect$$libshutdown$$00000006)
    __rt_lib_shutdown_heap_1                 0x000002bf   Thumb Code     0  libshutdown2.o(.ARM.Collect$$libshutdown$$0000000E)
    __rt_lib_shutdown_return                 0x000002bf   Thumb Code     0  libshutdown2.o(.ARM.Collect$$libshutdown$$0000000F)
    __rt_lib_shutdown_signal_1               0x000002bf   Thumb Code     0  libshutdown2.o(.ARM.Collect$$libshutdown$$00000009)
    __rt_lib_shutdown_stdio_1                0x000002bf   Thumb Code     0  libshutdown2.o(.ARM.Collect$$libshutdown$$00000003)
    __rt_lib_shutdown_user_alloc_1           0x000002bf   Thumb Code     0  libshutdown2.o(.ARM.Collect$$libshutdown$$0000000B)
    __rt_entry                               0x000002c1   Thumb Code     0  rtentry.o(.ARM.Collect$$rtentry$$00000000)
    __rt_entry_presh_1                       0x000002c1   Thumb Code     0  rtentry2.o(.ARM.Collect$$rtentry$$00000002)
    __rt_entry_sh                            0x000002c1   Thumb Code     0  rtentry4.o(.ARM.Collect$$rtentry$$00000004)
    __rt_entry_li                            0x000002c7   Thumb Code     0  rtentry2.o(.ARM.Collect$$rtentry$$0000000A)
    __rt_entry_postsh_1                      0x000002c7   Thumb Code     0  rtentry2.o(.ARM.Collect$$rtentry$$00000009)
    __rt_entry_main                          0x000002cb   Thumb Code     0  rtentry2.o(.ARM.Collect$$rtentry$$0000000D)
    __rt_entry_postli_1                      0x000002cb   Thumb Code     0  rtentry2.o(.ARM.Collect$$rtentry$$0000000C)
    __rt_exit                                0x000002d3   Thumb Code     0  rtexit.o(.ARM.Collect$$rtexit$$00000000)
    __rt_exit_ls                             0x000002d5   Thumb Code     0  rtexit2.o(.ARM.Collect$$rtexit$$00000003)
    __rt_exit_prels_1                        0x000002d5   Thumb Code     0  rtexit2.o(.ARM.Collect$$rtexit$$00000002)
    __rt_exit_exit                           0x000002d9   Thumb Code     0  rtexit2.o(.ARM.Collect$$rtexit$$00000004)
    Reset_Handler                            0x000002e1   Thumb Code    20  startup_mb9bf56x.o(.text)
    NMI_Handler                              0x000002f5   Thumb Code     2  startup_mb9bf56x.o(.text)
    HardFault_Handler                        0x000002f7   Thumb Code     2  startup_mb9bf56x.o(.text)
    MemManage_Handler                        0x000002f9   Thumb Code     2  startup_mb9bf56x.o(.text)
    BusFault_Handler                         0x000002fb   Thumb Code     2  startup_mb9bf56x.o(.text)
    UsageFault_Handler                       0x000002fd   Thumb Code     2  startup_mb9bf56x.o(.text)
    SVC_Handler                              0x000002ff   Thumb Code     2  startup_mb9bf56x.o(.text)
    DebugMon_Handler                         0x00000301   Thumb Code     2  startup_mb9bf56x.o(.text)
    PendSV_Handler                           0x00000303   Thumb Code     2  startup_mb9bf56x.o(.text)
    SysTick_Handler                          0x00000305   Thumb Code     2  startup_mb9bf56x.o(.text)
    ADC0_IRQHandler                          0x00000307   Thumb Code     0  startup_mb9bf56x.o(.text)
    ADC1_IRQHandler                          0x00000307   Thumb Code     0  startup_mb9bf56x.o(.text)
    ADC2_IRQHandler                          0x00000307   Thumb Code     0  startup_mb9bf56x.o(.text)
    BT0_IRQHandler                           0x00000307   Thumb Code     0  startup_mb9bf56x.o(.text)
    BT10_IRQHandler                          0x00000307   Thumb Code     0  startup_mb9bf56x.o(.text)
    BT11_IRQHandler                          0x00000307   Thumb Code     0  startup_mb9bf56x.o(.text)
    BT12_15_IRQHandler                       0x00000307   Thumb Code     0  startup_mb9bf56x.o(.text)
    BT1_IRQHandler                           0x00000307   Thumb Code     0  startup_mb9bf56x.o(.text)
    BT2_IRQHandler                           0x00000307   Thumb Code     0  startup_mb9bf56x.o(.text)
    BT3_IRQHandler                           0x00000307   Thumb Code     0  startup_mb9bf56x.o(.text)
    BT4_IRQHandler                           0x00000307   Thumb Code     0  startup_mb9bf56x.o(.text)
    BT5_IRQHandler                           0x00000307   Thumb Code     0  startup_mb9bf56x.o(.text)
    BT6_IRQHandler                           0x00000307   Thumb Code     0  startup_mb9bf56x.o(.text)
    BT7_IRQHandler                           0x00000307   Thumb Code     0  startup_mb9bf56x.o(.text)
    BT8_IRQHandler                           0x00000307   Thumb Code     0  startup_mb9bf56x.o(.text)
    BT9_IRQHandler                           0x00000307   Thumb Code     0  startup_mb9bf56x.o(.text)
    CAN0_IRQHandler                          0x00000307   Thumb Code     0  startup_mb9bf56x.o(.text)
    CAN1_IRQHandler                          0x00000307   Thumb Code     0  startup_mb9bf56x.o(.text)
    CSV_IRQHandler                           0x00000307   Thumb Code     0  startup_mb9bf56x.o(.text)
    DMAC0_IRQHandler                         0x00000307   Thumb Code     0  startup_mb9bf56x.o(.text)
    DMAC1_IRQHandler                         0x00000307   Thumb Code     0  startup_mb9bf56x.o(.text)
    DMAC2_IRQHandler                         0x00000307   Thumb Code     0  startup_mb9bf56x.o(.text)
    DMAC3_IRQHandler                         0x00000307   Thumb Code     0  startup_mb9bf56x.o(.text)
    DMAC4_IRQHandler                         0x00000307   Thumb Code     0  startup_mb9bf56x.o(.text)
    DMAC5_IRQHandler                         0x00000307   Thumb Code     0  startup_mb9bf56x.o(.text)
    DMAC6_IRQHandler                         0x00000307   Thumb Code     0  startup_mb9bf56x.o(.text)
    DMAC7_IRQHandler                         0x00000307   Thumb Code     0  startup_mb9bf56x.o(.text)
    DSTC_IRQHandler                          0x00000307   Thumb Code     0  startup_mb9bf56x.o(.text)
    DT1_2_IRAHandler                         0x00000307   Thumb Code     0  startup_mb9bf56x.o(.text)
    Dummy                                    0x00000307   Thumb Code     0  startup_mb9bf56x.o(.text)
    ETHER0_IRQHandler                        0x00000307   Thumb Code     0  startup_mb9bf56x.o(.text)
    EXINT0_IRQHandler                        0x00000307   Thumb Code     0  startup_mb9bf56x.o(.text)
    EXINT16_17_18_19_IRQHandler              0x00000307   Thumb Code     0  startup_mb9bf56x.o(.text)
    EXINT1_IRQHandler                        0x00000307   Thumb Code     0  startup_mb9bf56x.o(.text)
    EXINT20_21_22_23_IRQHandler              0x00000307   Thumb Code     0  startup_mb9bf56x.o(.text)
    EXINT24_25_26_27_IRQHandler              0x00000307   Thumb Code     0  startup_mb9bf56x.o(.text)
    EXINT28_29_30_31_IRQHandler              0x00000307   Thumb Code     0  startup_mb9bf56x.o(.text)
    EXINT2_IRQHandler                        0x00000307   Thumb Code     0  startup_mb9bf56x.o(.text)
    EXINT3_IRQHandler                        0x00000307   Thumb Code     0  startup_mb9bf56x.o(.text)
    EXINT4_IRQHandler                        0x00000307   Thumb Code     0  startup_mb9bf56x.o(.text)
    EXINT5_IRQHandler                        0x00000307   Thumb Code     0  startup_mb9bf56x.o(.text)
    EXINT6_IRQHandler                        0x00000307   Thumb Code     0  startup_mb9bf56x.o(.text)
    EXINT7_IRQHandler                        0x00000307   Thumb Code     0  startup_mb9bf56x.o(.text)
    EXTBUS_ERR_Handler                       0x00000307   Thumb Code     0  startup_mb9bf56x.o(.text)
    EXTINT10_IRQHandler                      0x00000307   Thumb Code     0  startup_mb9bf56x.o(.text)
    EXTINT11_IRQHandler                      0x00000307   Thumb Code     0  startup_mb9bf56x.o(.text)
    EXTINT12_IRQHandler                      0x00000307   Thumb Code     0  startup_mb9bf56x.o(.text)
    EXTINT13_IRQHandler                      0x00000307   Thumb Code     0  startup_mb9bf56x.o(.text)
    EXTINT14_IRQHandler                      0x00000307   Thumb Code     0  startup_mb9bf56x.o(.text)
    EXTINT15_IRQHandler                      0x00000307   Thumb Code     0  startup_mb9bf56x.o(.text)
    EXTINT8_IRQHandler                       0x00000307   Thumb Code     0  startup_mb9bf56x.o(.text)
    EXTINT9_IRQHandler                       0x00000307   Thumb Code     0  startup_mb9bf56x.o(.text)
    FLASHIF_IRQHandler                       0x00000307   Thumb Code     0  startup_mb9bf56x.o(.text)
    FRT0_PEAK_IRQHandler                     0x00000307   Thumb Code     0  startup_mb9bf56x.o(.text)
    FRT0_ZERO_IRQHandler                     0x00000307   Thumb Code     0  startup_mb9bf56x.o(.text)
    FRT1_PEAK_IRQHandler                     0x00000307   Thumb Code     0  startup_mb9bf56x.o(.text)
    FRT1_ZERO_IRQHandler                     0x00000307   Thumb Code     0  startup_mb9bf56x.o(.text)
    FRT2_PEAK_IRQHandler                     0x00000307   Thumb Code     0  startup_mb9bf56x.o(.text)
    FRT2_ZERO_IRQHandler                     0x00000307   Thumb Code     0  startup_mb9bf56x.o(.text)
    ICU0_IRQHandler                          0x00000307   Thumb Code     0  startup_mb9bf56x.o(.text)
    ICU1_IRQHandler                          0x00000307   Thumb Code     0  startup_mb9bf56x.o(.text)
    ICU2_IRQHandler                          0x00000307   Thumb Code     0  startup_mb9bf56x.o(.text)
    IRQ003SEL_IRQHandler                     0x00000307   Thumb Code     0  startup_mb9bf56x.o(.text)
    IRQ004SEL_IRQHandler                     0x00000307   Thumb Code     0  startup_mb9bf56x.o(.text)
    IRQ005SEL_IRQHandler                     0x00000307   Thumb Code     0  startup_mb9bf56x.o(.text)
    IRQ006SEL_IRQHandler                     0x00000307   Thumb Code     0  startup_mb9bf56x.o(.text)
    IRQ007SEL_IRQHandler                     0x00000307   Thumb Code     0  startup_mb9bf56x.o(.text)
    IRQ008SEL_IRQHandler                     0x00000307   Thumb Code     0  startup_mb9bf56x.o(.text)
    IRQ009SEL_IRQHandler                     0x00000307   Thumb Code     0  startup_mb9bf56x.o(.text)
    IRQ010SEL_IRQHandler                     0x00000307   Thumb Code     0  startup_mb9bf56x.o(.text)
    LVD_IRQHandler                           0x00000307   Thumb Code     0  startup_mb9bf56x.o(.text)
    MFS0_RX_IRQHandler                       0x00000307   Thumb Code     0  startup_mb9bf56x.o(.text)
    MFS0_TX_IRQHandler                       0x00000307   Thumb Code     0  startup_mb9bf56x.o(.text)
    MFS10_RX_IRQHandler                      0x00000307   Thumb Code     0  startup_mb9bf56x.o(.text)
    MFS10_TX_IRQHandler                      0x00000307   Thumb Code     0  startup_mb9bf56x.o(.text)
    MFS11_RX_IRQHandler                      0x00000307   Thumb Code     0  startup_mb9bf56x.o(.text)
    MFS11_TX_IRQHandler                      0x00000307   Thumb Code     0  startup_mb9bf56x.o(.text)
    MFS12_RX_IRQHandler                      0x00000307   Thumb Code     0  startup_mb9bf56x.o(.text)
    MFS12_TX_IRQHandler                      0x00000307   Thumb Code     0  startup_mb9bf56x.o(.text)
    MFS13_RX_IRQHandler                      0x00000307   Thumb Code     0  startup_mb9bf56x.o(.text)
    MFS13_TX_IRQHandler                      0x00000307   Thumb Code     0  startup_mb9bf56x.o(.text)
    MFS14_RX_IRQHandler                      0x00000307   Thumb Code     0  startup_mb9bf56x.o(.text)
    MFS14_TX_IRQHandler                      0x00000307   Thumb Code     0  startup_mb9bf56x.o(.text)
    MFS15_RX_IRQHandler                      0x00000307   Thumb Code     0  startup_mb9bf56x.o(.text)
    MFS15_TX_IRQHandler                      0x00000307   Thumb Code     0  startup_mb9bf56x.o(.text)
    MFS1_RX_IRQHandler                       0x00000307   Thumb Code     0  startup_mb9bf56x.o(.text)
    MFS1_TX_IRQHandler                       0x00000307   Thumb Code     0  startup_mb9bf56x.o(.text)
    MFS2_RX_IRQHandler                       0x00000307   Thumb Code     0  startup_mb9bf56x.o(.text)
    MFS2_TX_IRQHandler                       0x00000307   Thumb Code     0  startup_mb9bf56x.o(.text)
    MFS3_RX_IRQHandler                       0x00000307   Thumb Code     0  startup_mb9bf56x.o(.text)
    MFS3_TX_IRQHandler                       0x00000307   Thumb Code     0  startup_mb9bf56x.o(.text)
    MFS5_RX_IRQHandler                       0x00000307   Thumb Code     0  startup_mb9bf56x.o(.text)
    MFS5_TX_IRQHandler                       0x00000307   Thumb Code     0  startup_mb9bf56x.o(.text)
    MFS6_RX_IRQHandler                       0x00000307   Thumb Code     0  startup_mb9bf56x.o(.text)
    MFS6_TX_IRQHandler                       0x00000307   Thumb Code     0  startup_mb9bf56x.o(.text)
    MFS7_RX_IRQHandler                       0x00000307   Thumb Code     0  startup_mb9bf56x.o(.text)
    MFS7_TX_IRQHandler                       0x00000307   Thumb Code     0  startup_mb9bf56x.o(.text)
    MFS8_RX_IRQHandler                       0x00000307   Thumb Code     0  startup_mb9bf56x.o(.text)
    MFS8_TX_IRQHandler                       0x00000307   Thumb Code     0  startup_mb9bf56x.o(.text)
    MFS9_RX_IRQHandler                       0x00000307   Thumb Code     0  startup_mb9bf56x.o(.text)
    MFS9_TX_IRQHandler                       0x00000307   Thumb Code     0  startup_mb9bf56x.o(.text)
    OCU0_IRQHandler                          0x00000307   Thumb Code     0  startup_mb9bf56x.o(.text)
    OCU1_IRQHandler                          0x00000307   Thumb Code     0  startup_mb9bf56x.o(.text)
    OCU2_IRQHandler                          0x00000307   Thumb Code     0  startup_mb9bf56x.o(.text)
    PPG00_02_04_IRQHandler                   0x00000307   Thumb Code     0  startup_mb9bf56x.o(.text)
    PPG08_10_12_IRQHandler                   0x00000307   Thumb Code     0  startup_mb9bf56x.o(.text)
    PPG16_18_20_IRQHandler                   0x00000307   Thumb Code     0  startup_mb9bf56x.o(.text)
    QPRC0_IRQHandler                         0x00000307   Thumb Code     0  startup_mb9bf56x.o(.text)
    QPRC1_IRQHandler                         0x00000307   Thumb Code     0  startup_mb9bf56x.o(.text)
    QPRC2_IRQHandler                         0x00000307   Thumb Code     0  startup_mb9bf56x.o(.text)
    QPRC3_IRQHandler                         0x00000307   Thumb Code     0  startup_mb9bf56x.o(.text)
    RTC_IRQHandler                           0x00000307   Thumb Code     0  startup_mb9bf56x.o(.text)
    SD_IRQHandler                            0x00000307   Thumb Code     0  startup_mb9bf56x.o(.text)
    SWDT_IRQHandler                          0x00000307   Thumb Code     0  startup_mb9bf56x.o(.text)
    TIM_IRQHandler                           0x00000307   Thumb Code     0  startup_mb9bf56x.o(.text)
    USB0_HOST_IRQHandler                     0x00000307   Thumb Code     0  startup_mb9bf56x.o(.text)
    USB0_IRQHandler                          0x00000307   Thumb Code     0  startup_mb9bf56x.o(.text)
    USB1_HOST_IRQHandler                     0x00000307   Thumb Code     0  startup_mb9bf56x.o(.text)
    USB1_IRQHandler                          0x00000307   Thumb Code     0  startup_mb9bf56x.o(.text)
    WC_IRQHandler                            0x00000307   Thumb Code     0  startup_mb9bf56x.o(.text)
    WFG0_DTIF0_IRQHandler                    0x00000307   Thumb Code     0  startup_mb9bf56x.o(.text)
    WFG1_DTIF1_IRQHandler                    0x00000307   Thumb Code     0  startup_mb9bf56x.o(.text)
    WFG2_DTIF2_IRQHandler                    0x00000307   Thumb Code     0  startup_mb9bf56x.o(.text)
    __user_initial_stackheap                 0x00000309   Thumb Code     0  startup_mb9bf56x.o(.text)
    Mfs_InitTxIrq                            0x0000037d   Thumb Code    34  mfs.o(.text)
    Mfs_InitRxIrq                            0x0000039f   Thumb Code    34  mfs.o(.text)
    Mfs_DeInitIrq                            0x000003c1   Thumb Code    54  mfs.o(.text)
    MfsIrqHandlerRx                          0x000003f7   Thumb Code    24  mfs.o(.text)
    MfsIrqHandlerTx                          0x0000040f   Thumb Code    24  mfs.o(.text)
    MfsIrqHandlerStatus                      0x00000427   Thumb Code    24  mfs.o(.text)
    Mfs_GetBusClock                          0x0000043f   Thumb Code   196  mfs.o(.text)
    Mfs_GetReloadValue                       0x00000503   Thumb Code    26  mfs.o(.text)
    Mfs_Uart_SetBaudRate                     0x0000051d   Thumb Code    50  mfs.o(.text)
    Mfs_Uart_Init                            0x0000054f   Thumb Code   548  mfs.o(.text)
    Mfs_Uart_DeInit                          0x00000773   Thumb Code    96  mfs.o(.text)
    Mfs_Csio_SetBaudRate                     0x000007d3   Thumb Code    50  mfs.o(.text)
    Mfs_Csio_Init                            0x00000805   Thumb Code   712  mfs.o(.text)
    Mfs_Csio_DeInit                          0x00000acd   Thumb Code    94  mfs.o(.text)
    Mfs_Csio_SetSckOutEnable                 0x00000b2b   Thumb Code    46  mfs.o(.text)
    Mfs_Csio_ReadData32                      0x00000b59   Thumb Code    22  mfs.o(.text)
    Mfs_Csio_WriteData32                     0x00000b6f   Thumb Code    26  mfs.o(.text)
    Mfs_Csio_SetChipSelectErrEnable          0x00000b89   Thumb Code    48  mfs.o(.text)
    Mfs_Csio_SetChipSelectErrIntEnable       0x00000bb9   Thumb Code    48  mfs.o(.text)
    Mfs_Csio_GetStatus                       0x00000be9   Thumb Code    28  mfs.o(.text)
    Mfs_Csio_ClrChipSelectErr                0x00000c05   Thumb Code    30  mfs.o(.text)
    Mfs_Csio_ClrTimerIntReq                  0x00000c23   Thumb Code    30  mfs.o(.text)
    Mfs_Csio_SetSerialTimerIntEnable         0x00000c41   Thumb Code    46  mfs.o(.text)
    Mfs_Csio_SetSyncTransEnable              0x00000c6f   Thumb Code    46  mfs.o(.text)
    Mfs_Csio_SetTimerPrescale                0x00000c9d   Thumb Code    32  mfs.o(.text)
    Mfs_Csio_SetSerialTimerEnable            0x00000cbd   Thumb Code    46  mfs.o(.text)
    Mfs_Csio_GetSerialTimer                  0x00000ceb   Thumb Code    22  mfs.o(.text)
    Mfs_Csio_SetCmpVal4SerialTimer           0x00000d01   Thumb Code    26  mfs.o(.text)
    Mfs_Csio_SetCsHold                       0x00000d1b   Thumb Code    48  mfs.o(.text)
    Mfs_Csio_SetCsTimingPrescale             0x00000d4b   Thumb Code    32  mfs.o(.text)
    Mfs_Csio_SetCsInActiveLevel              0x00000d6b   Thumb Code    46  mfs.o(.text)
    Mfs_Csio_SetChipSelectEnable             0x00000d99   Thumb Code    46  mfs.o(.text)
    Mfs_Csio_SetChipSelectOutEnable          0x00000dc7   Thumb Code    46  mfs.o(.text)
    Mfs_Csio_SetCsTimingConfig               0x00000df5   Thumb Code    38  mfs.o(.text)
    Mfs_Csio_SetTxLength                     0x00000e1b   Thumb Code    28  mfs.o(.text)
    Mfs_I2c_GetReloadValue                   0x00000e37   Thumb Code    26  mfs.o(.text)
    Mfs_I2c_SetBaudRate                      0x00000e51   Thumb Code    46  mfs.o(.text)
    Mfs_I2c_Init                             0x00000e7f   Thumb Code   470  mfs.o(.text)
    Mfs_I2c_DeInit                           0x00001055   Thumb Code    76  mfs.o(.text)
    Mfs_I2c_SetTxIntEnable                   0x000010a1   Thumb Code    46  mfs.o(.text)
    Mfs_I2c_SetRxIntEnable                   0x000010cf   Thumb Code    46  mfs.o(.text)
    Mfs_I2c_SetAckEnable                     0x000010fd   Thumb Code    46  mfs.o(.text)
    Mfs_I2c_SetWaitSelect                    0x0000112b   Thumb Code    48  mfs.o(.text)
    Mfs_I2c_SetCondDetIntEnable              0x0000115b   Thumb Code    46  mfs.o(.text)
    Mfs_I2c_SetIntEnable                     0x00001189   Thumb Code    46  mfs.o(.text)
    Mfs_I2c_GetBusErrStatus                  0x000011b7   Thumb Code    28  mfs.o(.text)
    Mfs_I2c_GetIntStatus                     0x000011d3   Thumb Code    28  mfs.o(.text)
    Mfs_I2c_ClearIntStatus                   0x000011ef   Thumb Code    30  mfs.o(.text)
    Mfs_I2c_SetTransmitEmpty                 0x0000120d   Thumb Code    30  mfs.o(.text)
    Mfs_I2c_SetDmaModeEnable                 0x0000122b   Thumb Code    46  mfs.o(.text)
    Mfs_I2c_SetNoizeFilter                   0x00001259   Thumb Code    30  mfs.o(.text)
    Mfs_I2c_SetSdaOutLevel                   0x00001277   Thumb Code    46  mfs.o(.text)
    Mfs_I2c_SetSclOutLevel                   0x000012a5   Thumb Code    46  mfs.o(.text)
    Mfs_I2c_SetSerlalOutEnable               0x000012d3   Thumb Code    58  mfs.o(.text)
    Mfs_I2c_SetBusErrorControlEnable         0x0000130d   Thumb Code    46  mfs.o(.text)
    Mfs_I2c_SetI2cEnable                     0x0000133b   Thumb Code    78  mfs.o(.text)
    Mfs_I2c_SetSlvAddrEnable                 0x00001389   Thumb Code    78  mfs.o(.text)
    Mfs_Lin_SetBaudRate                      0x000013d7   Thumb Code    16  mfs.o(.text)
    Mfs_Lin_Init                             0x000013e7   Thumb Code   464  mfs.o(.text)
    Mfs_Lin_DeInit                           0x000015b7   Thumb Code    16  mfs.o(.text)
    Mfs_Lin_SetBreak                         0x000015c7   Thumb Code    32  mfs.o(.text)
    Mfs_Lin_ClearBreakDetFlag                0x000015e7   Thumb Code    30  mfs.o(.text)
    Mfs_Lin_SetBreakDetIntEnable             0x00001605   Thumb Code    46  mfs.o(.text)
    Mfs_Lin_SetBreakConfig                   0x00001633   Thumb Code   190  mfs.o(.text)
    Mfs_SetSerialOutputEnable                0x000016f1   Thumb Code    46  mfs.o(.text)
    Mfs_SetWakeUpControlEnable               0x0000171f   Thumb Code    46  mfs.o(.text)
    Mfs_SoftwareReset                        0x0000174d   Thumb Code    32  mfs.o(.text)
    Mfs_SetRxIntEnable                       0x0000176d   Thumb Code    46  mfs.o(.text)
    Mfs_SetTxIntEnable                       0x0000179b   Thumb Code    46  mfs.o(.text)
    Mfs_SetTxBusIdleIntEnable                0x000017c9   Thumb Code    46  mfs.o(.text)
    Mfs_SetTxFifoIntEnable                   0x000017f7   Thumb Code    46  mfs.o(.text)
    Mfs_SetRxEnable                          0x00001825   Thumb Code    46  mfs.o(.text)
    Mfs_SetTxEnable                          0x00001853   Thumb Code    46  mfs.o(.text)
    Mfs_GetStatus                            0x00001881   Thumb Code    28  mfs.o(.text)
    Mfs_ErrorClear                           0x0000189d   Thumb Code    32  mfs.o(.text)
    Mfs_ReadData                             0x000018bd   Thumb Code    22  mfs.o(.text)
    Mfs_WriteData                            0x000018d3   Thumb Code    26  mfs.o(.text)
    Mfs_ConfigFifo                           0x000018ed   Thumb Code    74  mfs.o(.text)
    Mfs_GetTxFifoReqStatus                   0x00001937   Thumb Code    28  mfs.o(.text)
    Mfs_ClrTxFifoReqStatus                   0x00001953   Thumb Code    30  mfs.o(.text)
    Mfs_ResetFifo                            0x00001971   Thumb Code    62  mfs.o(.text)
    Mfs_SetFifoEnable                        0x000019af   Thumb Code    92  mfs.o(.text)
    Mfs_GetFifoBytes                         0x00001a0b   Thumb Code    44  mfs.o(.text)
    Mfs_SetSMR                               0x00001a37   Thumb Code    26  mfs.o(.text)
    Mfs_GetSMR                               0x00001a51   Thumb Code    22  mfs.o(.text)
    Mfs_SetSCR                               0x00001a67   Thumb Code    26  mfs.o(.text)
    Mfs_GetSCR                               0x00001a81   Thumb Code    22  mfs.o(.text)
    Mfs_SetESCR                              0x00001a97   Thumb Code    26  mfs.o(.text)
    Mfs_GetESCR                              0x00001ab1   Thumb Code    22  mfs.o(.text)
    Mfs_SetBGR                               0x00001ac7   Thumb Code    26  mfs.o(.text)
    Mfs_GetBGR                               0x00001ae1   Thumb Code    22  mfs.o(.text)
    Mfs_SetFCR1                              0x00001af7   Thumb Code    26  mfs.o(.text)
    Mfs_GetFCR1                              0x00001b11   Thumb Code    22  mfs.o(.text)
    Mfs_SetFCR0                              0x00001b27   Thumb Code    26  mfs.o(.text)
    Mfs_GetFCR0                              0x00001b41   Thumb Code    22  mfs.o(.text)
    Mfs_SetSCSTR10                           0x00001b57   Thumb Code    26  mfs.o(.text)
    Mfs_GetSCSTR10                           0x00001b71   Thumb Code    22  mfs.o(.text)
    Mfs_SetSCSTR32                           0x00001b87   Thumb Code    26  mfs.o(.text)
    Mfs_GetSCSTR32                           0x00001ba1   Thumb Code    22  mfs.o(.text)
    Mfs_SetSACSR                             0x00001bb7   Thumb Code    26  mfs.o(.text)
    Mfs_GetSACSR                             0x00001bd1   Thumb Code    22  mfs.o(.text)
    Mfs_GetSTMCR                             0x00001be7   Thumb Code    22  mfs.o(.text)
    Mfs_SetSCSCR                             0x00001bfd   Thumb Code    26  mfs.o(.text)
    Mfs_GetSCSCR                             0x00001c17   Thumb Code    22  mfs.o(.text)
    Mfs_SetTBYTE0                            0x00001c2d   Thumb Code    28  mfs.o(.text)
    Mfs_GetTBYTE0                            0x00001c49   Thumb Code    24  mfs.o(.text)
    Mfs_SetISBA                              0x00001c61   Thumb Code    26  mfs.o(.text)
    Mfs_GetISBA                              0x00001c7b   Thumb Code    22  mfs.o(.text)
    Mfs_SetISMK                              0x00001c91   Thumb Code    26  mfs.o(.text)
    Mfs_GetISMK                              0x00001cab   Thumb Code    22  mfs.o(.text)
    Mfs_GetNFCR                              0x00001cc1   Thumb Code    22  mfs.o(.text)
    Mfs_SetEIBCR                             0x00001cd7   Thumb Code    30  mfs.o(.text)
    Mfs_GetEIBCR                             0x00001cf5   Thumb Code    22  mfs.o(.text)
    Mfs_SetTxIntCallBack                     0x00001d0b   Thumb Code    32  mfs.o(.text)
    Mfs_SetRxIntCallBack                     0x00001d2b   Thumb Code    32  mfs.o(.text)
    Mfs_SetStsIntCallBack                    0x00001d4b   Thumb Code    32  mfs.o(.text)
    Mfs_SetUpperLayerHandle                  0x00001d6b   Thumb Code    32  mfs.o(.text)
    MFS4_RX_IRQHandler                       0x00001dd1   Thumb Code    12  interrupts.o(.text)
    MFS4_TX_IRQHandler                       0x00001ddd   Thumb Code    38  interrupts.o(.text)
    SystemCoreClockUpdate                    0x00001e11   Thumb Code   180  system_mb9abxxx.o(.text)
    SystemInit                               0x00001ec5   Thumb Code   242  system_mb9abxxx.o(.text)
    WyzBeeSpi_RxEnable                       0x00001ff5   Thumb Code    26  wyzbee_spi.o(.text)
    WyzBeeSpi_TxEnable                       0x0000200f   Thumb Code    26  wyzbee_spi.o(.text)
    WyzBeeSpi_Init                           0x00002029   Thumb Code   248  wyzbee_spi.o(.text)
    WyzBeeSpi_CsDisable                      0x00002121   Thumb Code    16  wyzbee_spi.o(.text)
    WyzBeeSpi_Write                          0x00002131   Thumb Code    32  wyzbee_spi.o(.text)
    WyzBeeSpi_CsEnable                       0x00002151   Thumb Code    14  wyzbee_spi.o(.text)
    WyzBeeSpi_SyncSend                       0x0000215f   Thumb Code    84  wyzbee_spi.o(.text)
    WyzBeeSpi_Read                           0x000021b3   Thumb Code    18  wyzbee_spi.o(.text)
    WyzBeeSpi_SyncSendRecv                   0x000021c5   Thumb Code   208  wyzbee_spi.o(.text)
    WyzBeeSpi_SyncRecv                       0x00002295   Thumb Code   132  wyzbee_spi.o(.text)
    WyzBeeSpi_DeInit                         0x00002319   Thumb Code    52  wyzbee_spi.o(.text)
    WyzBeeSpi_TxIntrEnable                   0x0000234d   Thumb Code    26  wyzbee_spi.o(.text)
    WyzBeeSpi_TxIntrDisable                  0x00002367   Thumb Code    26  wyzbee_spi.o(.text)
    WyzBeeSpi_RxIntrEnable                   0x00002381   Thumb Code    26  wyzbee_spi.o(.text)
    WyzBeeSpi_RxIntrDisable                  0x0000239b   Thumb Code    26  wyzbee_spi.o(.text)
    WyzBeeSpi_RxDisable                      0x000023b5   Thumb Code    26  wyzbee_spi.o(.text)
    WyzBeeSpi_TxDisable                      0x000023cf   Thumb Code    46  wyzbee_spi.o(.text)
    main                                     0x00002413   Thumb Code    44  main.o(.text)
    strcpy                                   0x0000245d   Thumb Code    72  strcpy.o(.text)
    __aeabi_memclr                           0x000024a5   Thumb Code     0  rt_memclr.o(.text)
    __rt_memclr                              0x000024a5   Thumb Code    68  rt_memclr.o(.text)
    _memset                                  0x000024a9   Thumb Code     0  rt_memclr.o(.text)
    __use_two_region_memory                  0x000024e9   Thumb Code     2  heapauxi.o(.text)
    __rt_heap_escrow$2region                 0x000024eb   Thumb Code     2  heapauxi.o(.text)
    __rt_heap_expand$2region                 0x000024ed   Thumb Code     2  heapauxi.o(.text)
    __aeabi_memclr4                          0x000024ef   Thumb Code     0  rt_memclr_w.o(.text)
    __aeabi_memclr8                          0x000024ef   Thumb Code     0  rt_memclr_w.o(.text)
    __rt_memclr_w                            0x000024ef   Thumb Code    78  rt_memclr_w.o(.text)
    _memset_w                                0x000024f3   Thumb Code     0  rt_memclr_w.o(.text)
    __user_setup_stackheap                   0x0000253d   Thumb Code    74  sys_stackheap_outer.o(.text)
    exit                                     0x00002587   Thumb Code    12  exit.o(.text)
    __user_libspace                          0x00002595   Thumb Code     8  libspace.o(.text)
    __user_perproc_libspace                  0x00002595   Thumb Code     0  libspace.o(.text)
    __user_perthread_libspace                0x00002595   Thumb Code     0  libspace.o(.text)
    _sys_exit                                0x0000259d   Thumb Code     8  sys_exit.o(.text)
    __I$use$semihosting                      0x000025a9   Thumb Code     0  use_no_semi.o(.text)
    __use_no_semihosting_swi                 0x000025a9   Thumb Code     2  use_no_semi.o(.text)
    __semihosting_library_function           0x000025ab   Thumb Code     0  indicate_semi.o(.text)
    _fp_init                                 0x000025ab   Thumb Code    10  fpinit.o(x$fpl$fpinit)
    __fplib_config_fpu_vfp                   0x000025b3   Thumb Code     0  fpinit.o(x$fpl$fpinit)
    __fplib_config_pureend_doubles           0x000025b3   Thumb Code     0  fpinit.o(x$fpl$fpinit)
    Region$$Table$$Base                      0x000025b4   Number         0  anon$$obj.o(Region$$Table)
    Region$$Table$$Limit                     0x000025d4   Number         0  anon$$obj.o(Region$$Table)
    m_astcMfsInstanceDataLut                 0x20038000   Data          20  mfs.o(.data)
    SystemCoreClock                          0x20038014   Data           4  system_mb9abxxx.o(.data)
    config_stc                               0x20038024   Data          20  main.o(.data)
    data                                     0x20038038   Data           1  main.o(.data)
    check_buf                                0x2003803c   Data          23  main.o(.bss)
    DummyTxBuf                               0x20038053   Data          34  main.o(.bss)
    DummyRxBuf                               0x20038075   Data          34  main.o(.bss)
    __libspace_start                         0x20038098   Data          96  libspace.o(.bss)
    __temporary_stack_top$libspace           0x200380f8   Data           0  libspace.o(.bss)



==============================================================================

Memory Map of the image

  Image Entry point : 0x000002e1

  Load Region LR_1 (Base: 0x00000000, Size: 0x00002610, Max: 0xffffffff, ABSOLUTE)

    Execution Region ER_RO (Base: 0x00000000, Size: 0x000025d4, Max: 0xffffffff, ABSOLUTE)

    Base Addr    Size         Type   Attr      Idx    E Section Name        Object

    0x00000000   0x00000240   Data   RO            3    RESET               startup_mb9bf56x.o
    0x00000240   0x00000008   Code   RO          305  * !!!main             c_w.l(__main.o)
    0x00000248   0x00000034   Code   RO          461    !!!scatter          c_w.l(__scatter.o)
    0x0000027c   0x0000001a   Code   RO          463    !!handler_copy      c_w.l(__scatter_copy.o)
    0x00000296   0x00000002   PAD
    0x00000298   0x0000001c   Code   RO          465    !!handler_zi        c_w.l(__scatter_zi.o)
    0x000002b4   0x00000002   Code   RO          334    .ARM.Collect$$libinit$$00000000  c_w.l(libinit.o)
    0x000002b6   0x00000004   Code   RO          340    .ARM.Collect$$libinit$$00000001  c_w.l(libinit2.o)
    0x000002ba   0x00000000   Code   RO          344    .ARM.Collect$$libinit$$00000008  c_w.l(libinit2.o)
    0x000002ba   0x00000000   Code   RO          346    .ARM.Collect$$libinit$$0000000A  c_w.l(libinit2.o)
    0x000002ba   0x00000000   Code   RO          348    .ARM.Collect$$libinit$$0000000C  c_w.l(libinit2.o)
    0x000002ba   0x00000000   Code   RO          351    .ARM.Collect$$libinit$$0000000F  c_w.l(libinit2.o)
    0x000002ba   0x00000000   Code   RO          353    .ARM.Collect$$libinit$$00000011  c_w.l(libinit2.o)
    0x000002ba   0x00000000   Code   RO          355    .ARM.Collect$$libinit$$00000013  c_w.l(libinit2.o)
    0x000002ba   0x00000000   Code   RO          357    .ARM.Collect$$libinit$$00000015  c_w.l(libinit2.o)
    0x000002ba   0x00000000   Code   RO          359    .ARM.Collect$$libinit$$00000017  c_w.l(libinit2.o)
    0x000002ba   0x00000000   Code   RO          361    .ARM.Collect$$libinit$$00000019  c_w.l(libinit2.o)
    0x000002ba   0x00000000   Code   RO          363    .ARM.Collect$$libinit$$0000001B  c_w.l(libinit2.o)
    0x000002ba   0x00000000   Code   RO          365    .ARM.Collect$$libinit$$0000001D  c_w.l(libinit2.o)
    0x000002ba   0x00000000   Code   RO          367    .ARM.Collect$$libinit$$0000001F  c_w.l(libinit2.o)
    0x000002ba   0x00000000   Code   RO          369    .ARM.Collect$$libinit$$00000021  c_w.l(libinit2.o)
    0x000002ba   0x00000000   Code   RO          371    .ARM.Collect$$libinit$$00000023  c_w.l(libinit2.o)
    0x000002ba   0x00000000   Code   RO          375    .ARM.Collect$$libinit$$0000002A  c_w.l(libinit2.o)
    0x000002ba   0x00000000   Code   RO          377    .ARM.Collect$$libinit$$0000002C  c_w.l(libinit2.o)
    0x000002ba   0x00000000   Code   RO          379    .ARM.Collect$$libinit$$0000002E  c_w.l(libinit2.o)
    0x000002ba   0x00000000   Code   RO          381    .ARM.Collect$$libinit$$00000030  c_w.l(libinit2.o)
    0x000002ba   0x00000002   Code   RO          382    .ARM.Collect$$libinit$$00000031  c_w.l(libinit2.o)
    0x000002bc   0x00000002   Code   RO          402    .ARM.Collect$$libshutdown$$00000000  c_w.l(libshutdown.o)
    0x000002be   0x00000000   Code   RO          416    .ARM.Collect$$libshutdown$$00000003  c_w.l(libshutdown2.o)
    0x000002be   0x00000000   Code   RO          419    .ARM.Collect$$libshutdown$$00000006  c_w.l(libshutdown2.o)
    0x000002be   0x00000000   Code   RO          422    .ARM.Collect$$libshutdown$$00000009  c_w.l(libshutdown2.o)
    0x000002be   0x00000000   Code   RO          424    .ARM.Collect$$libshutdown$$0000000B  c_w.l(libshutdown2.o)
    0x000002be   0x00000000   Code   RO          427    .ARM.Collect$$libshutdown$$0000000E  c_w.l(libshutdown2.o)
    0x000002be   0x00000002   Code   RO          428    .ARM.Collect$$libshutdown$$0000000F  c_w.l(libshutdown2.o)
    0x000002c0   0x00000000   Code   RO          307    .ARM.Collect$$rtentry$$00000000  c_w.l(rtentry.o)
    0x000002c0   0x00000000   Code   RO          311    .ARM.Collect$$rtentry$$00000002  c_w.l(rtentry2.o)
    0x000002c0   0x00000006   Code   RO          323    .ARM.Collect$$rtentry$$00000004  c_w.l(rtentry4.o)
    0x000002c6   0x00000000   Code   RO          313    .ARM.Collect$$rtentry$$00000009  c_w.l(rtentry2.o)
    0x000002c6   0x00000004   Code   RO          314    .ARM.Collect$$rtentry$$0000000A  c_w.l(rtentry2.o)
    0x000002ca   0x00000000   Code   RO          316    .ARM.Collect$$rtentry$$0000000C  c_w.l(rtentry2.o)
    0x000002ca   0x00000008   Code   RO          317    .ARM.Collect$$rtentry$$0000000D  c_w.l(rtentry2.o)
    0x000002d2   0x00000002   Code   RO          338    .ARM.Collect$$rtexit$$00000000  c_w.l(rtexit.o)
    0x000002d4   0x00000000   Code   RO          384    .ARM.Collect$$rtexit$$00000002  c_w.l(rtexit2.o)
    0x000002d4   0x00000004   Code   RO          385    .ARM.Collect$$rtexit$$00000003  c_w.l(rtexit2.o)
    0x000002d8   0x00000006   Code   RO          386    .ARM.Collect$$rtexit$$00000004  c_w.l(rtexit2.o)
    0x000002de   0x00000002   PAD
    0x000002e0   0x0000004c   Code   RO            4  * .text               startup_mb9bf56x.o
    0x0000032c   0x00001aa4   Code   RO           12    .text               mfs.o
    0x00001dd0   0x00000040   Code   RO          117    .text               interrupts.o
    0x00001e10   0x000001e4   Code   RO          190    .text               system_mb9abxxx.o
    0x00001ff4   0x00000408   Code   RO          216    .text               wyzbee_spi.o
    0x000023fc   0x00000060   Code   RO          272    .text               main.o
    0x0000245c   0x00000048   Code   RO          299    .text               c_w.l(strcpy.o)
    0x000024a4   0x00000044   Code   RO          301    .text               c_w.l(rt_memclr.o)
    0x000024e8   0x00000006   Code   RO          303    .text               c_w.l(heapauxi.o)
    0x000024ee   0x0000004e   Code   RO          308    .text               c_w.l(rt_memclr_w.o)
    0x0000253c   0x0000004a   Code   RO          325    .text               c_w.l(sys_stackheap_outer.o)
    0x00002586   0x0000000c   Code   RO          327    .text               c_w.l(exit.o)
    0x00002592   0x00000002   PAD
    0x00002594   0x00000008   Code   RO          335    .text               c_w.l(libspace.o)
    0x0000259c   0x0000000c   Code   RO          394    .text               c_w.l(sys_exit.o)
    0x000025a8   0x00000002   Code   RO          405    .text               c_w.l(use_no_semi.o)
    0x000025aa   0x00000000   Code   RO          407    .text               c_w.l(indicate_semi.o)
    0x000025aa   0x0000000a   Code   RO          392    x$fpl$fpinit        fz_wm.l(fpinit.o)
    0x000025b4   0x00000020   Data   RO          459    Region$$Table       anon$$obj.o


    Execution Region ER_RW (Base: 0x20038000, Size: 0x0000003c, Max: 0xffffffff, ABSOLUTE)

    Base Addr    Size         Type   Attr      Idx    E Section Name        Object

    0x20038000   0x00000014   Data   RW           13    .data               mfs.o
    0x20038014   0x00000005   Data   RW          191    .data               system_mb9abxxx.o
    0x20038019   0x00000003   PAD
    0x2003801c   0x0000001d   Data   RW          274    .data               main.o


    Execution Region ER_ZI (Base: 0x2003803c, Size: 0x000002bc, Max: 0xffffffff, ABSOLUTE)

    Base Addr    Size         Type   Attr      Idx    E Section Name        Object

    0x2003803c   0x0000005b   Zero   RW          273    .bss                main.o
    0x20038097   0x00000001   PAD
    0x20038098   0x00000060   Zero   RW          336    .bss                c_w.l(libspace.o)
    0x200380f8   0x00000000   Zero   RW            2    HEAP                startup_mb9bf56x.o
    0x200380f8   0x00000200   Zero   RW            1    STACK               startup_mb9bf56x.o


==============================================================================

Image component sizes


      Code (inc. data)   RO Data    RW Data    ZI Data      Debug   Object Name

        64         14          0          0          0        728   interrupts.o
        96         30          0         29         91       1513   main.o
      6820        112          0         20          0    1316240   mfs.o
        76         26        576          0        512        880   startup_mb9bf56x.o
       484         76          0          5          0       1293   system_mb9abxxx.o
      1032         20          0          0          0    1257868   wyzbee_spi.o

    ----------------------------------------------------------------------
      8572        278        608         60        604    2578522   Object Totals
         0          0         32          0          0          0   (incl. Generated)
         0          0          0          6          1          0   (incl. Padding)

    ----------------------------------------------------------------------

      Code (inc. data)   RO Data    RW Data    ZI Data      Debug   Library Member Name

         8          0          0          0          0         68   __main.o
        52          8          0          0          0          0   __scatter.o
        26          0          0          0          0          0   __scatter_copy.o
        28          0          0          0          0          0   __scatter_zi.o
        12          0          0          0          0         72   exit.o
         6          0          0          0          0        152   heapauxi.o
         0          0          0          0          0          0   indicate_semi.o
         2          0          0          0          0          0   libinit.o
         6          0          0          0          0          0   libinit2.o
         2          0          0          0          0          0   libshutdown.o
         2          0          0          0          0          0   libshutdown2.o
         8          4          0          0         96         68   libspace.o
        68          0          0          0          0         68   rt_memclr.o
        78          0          0          0          0         80   rt_memclr_w.o
         0          0          0          0          0          0   rtentry.o
        12          0          0          0          0          0   rtentry2.o
         6          0          0          0          0          0   rtentry4.o
         2          0          0          0          0          0   rtexit.o
        10          0          0          0          0          0   rtexit2.o
        72          0          0          0          0         80   strcpy.o
        12          4          0          0          0         68   sys_exit.o
        74          0          0          0          0         80   sys_stackheap_outer.o
         2          0          0          0          0         68   use_no_semi.o
        10          0          0          0          0        116   fpinit.o

    ----------------------------------------------------------------------
       504         16          0          0         96        920   Library Totals
         6          0          0          0          0          0   (incl. Padding)

    ----------------------------------------------------------------------

      Code (inc. data)   RO Data    RW Data    ZI Data      Debug   Library Name

       488         16          0          0         96        804   c_w.l
        10          0          0          0          0        116   fz_wm.l

    ----------------------------------------------------------------------
       504         16          0          0         96        920   Library Totals

    ----------------------------------------------------------------------

==============================================================================


      Code (inc. data)   RO Data    RW Data    ZI Data      Debug   

      9076        294        608         60        700    2578426   Grand Totals
      9076        294        608         60        700    2578426   ELF Image Totals
      9076        294        608         60          0          0   ROM Totals

==============================================================================

    Total RO  Size (Code + RO Data)                 9684 (   9.46kB)
    Total RW  Size (RW Data + ZI Data)               760 (   0.74kB)
    Total ROM Size (Code + RO Data + RW Data)       9744 (   9.52kB)

==============================================================================

