Component: ARM Compiler 5.05 (build 41) Tool: armlink [4d0eb9]

==============================================================================

Section Cross References

    startup_mb9bf56x.o(STACK) refers (Special) to heapauxi.o(.text) for __use_two_region_memory
    startup_mb9bf56x.o(HEAP) refers (Special) to heapauxi.o(.text) for __use_two_region_memory
    startup_mb9bf56x.o(RESET) refers (Special) to heapauxi.o(.text) for __use_two_region_memory
    startup_mb9bf56x.o(RESET) refers to startup_mb9bf56x.o(STACK) for __initial_sp
    startup_mb9bf56x.o(RESET) refers to startup_mb9bf56x.o(.text) for Reset_Handler
    startup_mb9bf56x.o(RESET) refers to interrupts.o(.text) for MFS7_RX_IRQHandler
    startup_mb9bf56x.o(.text) refers (Special) to heapauxi.o(.text) for __use_two_region_memory
    startup_mb9bf56x.o(.text) refers to system_mb9abxxx.o(.text) for SystemInit
    startup_mb9bf56x.o(.text) refers to __main.o(!!!main) for __main
    startup_mb9bf56x.o(.text) refers to startup_mb9bf56x.o(HEAP) for Heap_Mem
    startup_mb9bf56x.o(.text) refers to startup_mb9bf56x.o(STACK) for Stack_Mem
    system_mb9abxxx.o(.text) refers to system_mb9abxxx.o(.data) for SystemCoreClock
    interrupts.o(.text) refers to mfs.o(.text) for MfsIrqHandlerRx
    interrupts.o(.text) refers to mfs.o(.data) for m_astcMfsInstanceDataLut
    clk.o(.text) refers to pdl.o(.text) for PDL_WAIT_LOOP_HOOK
    mfs.o(.text) refers to mfs.o(.data) for m_astcMfsInstanceDataLut
    mfs_hl.o(.text) refers to mfs_hl.o(.data) for m_astcMfsHlInstanceDataLut
    mfs_hl.o(.text) refers to mfs.o(.text) for Mfs_GetReloadValue
    mfs_hl.o(.text) refers to pdl.o(.text) for PDL_WAIT_LOOP_HOOK
    reset.o(.text) refers to reset.o(.data) for stcStoredResetCause
    main.o(.text) refers to wyzbee_i2c.o(.text) for WyzBeeI2c_Init
    main.o(.text) refers to f2d.o(x$fpl$f2d) for __aeabi_f2d
    main.o(.text) refers to dmul.o(x$fpl$dmul) for __aeabi_dmul
    main.o(.text) refers to ddiv.o(x$fpl$ddiv) for __aeabi_ddiv
    main.o(.text) refers to daddsub_clz.o(x$fpl$dsub) for __aeabi_dsub
    main.o(.text) refers to d2f.o(x$fpl$d2f) for __aeabi_d2f
    main.o(.text) refers to main.o(.data) for config
    wyzbee_i2c.o(.text) refers to mfs.o(.text) for Mfs_GetESCR
    wyzbee_i2c.o(.text) refers to wyzbee_i2c.o(.data) for I2cStatus
    __main.o(!!!main) refers to __rtentry.o(.ARM.Collect$$rtentry$$00000000) for __rt_entry
    d2f.o(x$fpl$d2f) refers (Special) to usenofp.o(x$fpl$usenofp) for __I$use$fp
    d2f.o(x$fpl$d2f) refers to fretinf.o(x$fpl$fretinf) for __fpl_fretinf
    d2f.o(x$fpl$d2f) refers to dnaninf.o(x$fpl$dnaninf) for __fpl_dnaninf
    daddsub_clz.o(x$fpl$dadd) refers (Special) to usenofp.o(x$fpl$usenofp) for __I$use$fp
    daddsub_clz.o(x$fpl$dadd) refers to daddsub_clz.o(x$fpl$dsub) for _dsub1
    daddsub_clz.o(x$fpl$dadd) refers to dretinf.o(x$fpl$dretinf) for __fpl_dretinf
    daddsub_clz.o(x$fpl$dadd) refers to dnaninf.o(x$fpl$dnaninf) for __fpl_dnaninf
    daddsub_clz.o(x$fpl$drsb) refers (Special) to usenofp.o(x$fpl$usenofp) for __I$use$fp
    daddsub_clz.o(x$fpl$drsb) refers to daddsub_clz.o(x$fpl$dadd) for _dadd1
    daddsub_clz.o(x$fpl$drsb) refers to daddsub_clz.o(x$fpl$dsub) for _dsub1
    daddsub_clz.o(x$fpl$dsub) refers (Special) to usenofp.o(x$fpl$usenofp) for __I$use$fp
    daddsub_clz.o(x$fpl$dsub) refers to daddsub_clz.o(x$fpl$dadd) for _dadd1
    daddsub_clz.o(x$fpl$dsub) refers to dnaninf.o(x$fpl$dnaninf) for __fpl_dnaninf
    ddiv.o(x$fpl$drdiv) refers (Special) to usenofp.o(x$fpl$usenofp) for __I$use$fp
    ddiv.o(x$fpl$drdiv) refers to ddiv.o(x$fpl$ddiv) for ddiv_entry
    ddiv.o(x$fpl$ddiv) refers (Special) to usenofp.o(x$fpl$usenofp) for __I$use$fp
    ddiv.o(x$fpl$ddiv) refers to dretinf.o(x$fpl$dretinf) for __fpl_dretinf
    ddiv.o(x$fpl$ddiv) refers to dnaninf.o(x$fpl$dnaninf) for __fpl_dnaninf
    dmul.o(x$fpl$dmul) refers (Special) to usenofp.o(x$fpl$usenofp) for __I$use$fp
    dmul.o(x$fpl$dmul) refers to dretinf.o(x$fpl$dretinf) for __fpl_dretinf
    dmul.o(x$fpl$dmul) refers to dnaninf.o(x$fpl$dnaninf) for __fpl_dnaninf
    f2d.o(x$fpl$f2d) refers (Special) to usenofp.o(x$fpl$usenofp) for __I$use$fp
    f2d.o(x$fpl$f2d) refers to fnaninf.o(x$fpl$fnaninf) for __fpl_fnaninf
    f2d.o(x$fpl$f2d) refers to dretinf.o(x$fpl$dretinf) for __fpl_dretinf
    __rtentry.o(.ARM.Collect$$rtentry$$00000000) refers (Special) to __rtentry2.o(.ARM.Collect$$rtentry$$0000000A) for __rt_entry_li
    __rtentry.o(.ARM.Collect$$rtentry$$00000000) refers (Special) to __rtentry2.o(.ARM.Collect$$rtentry$$0000000D) for __rt_entry_main
    __rtentry.o(.ARM.Collect$$rtentry$$00000000) refers (Special) to __rtentry2.o(.ARM.Collect$$rtentry$$0000000C) for __rt_entry_postli_1
    __rtentry.o(.ARM.Collect$$rtentry$$00000000) refers (Special) to __rtentry2.o(.ARM.Collect$$rtentry$$00000009) for __rt_entry_postsh_1
    __rtentry.o(.ARM.Collect$$rtentry$$00000000) refers (Special) to __rtentry2.o(.ARM.Collect$$rtentry$$00000002) for __rt_entry_presh_1
    __rtentry.o(.ARM.Collect$$rtentry$$00000000) refers (Special) to __rtentry4.o(.ARM.Collect$$rtentry$$00000004) for __rt_entry_sh
    dnaninf.o(x$fpl$dnaninf) refers (Special) to usenofp.o(x$fpl$usenofp) for __I$use$fp
    dretinf.o(x$fpl$dretinf) refers (Special) to usenofp.o(x$fpl$usenofp) for __I$use$fp
    fnaninf.o(x$fpl$fnaninf) refers (Special) to usenofp.o(x$fpl$usenofp) for __I$use$fp
    fretinf.o(x$fpl$fretinf) refers (Special) to usenofp.o(x$fpl$usenofp) for __I$use$fp
    __rtentry2.o(.ARM.Collect$$rtentry$$00000008) refers to boardinit2.o(.text) for _platform_post_stackheap_init
    __rtentry2.o(.ARM.Collect$$rtentry$$0000000A) refers to libinit.o(.ARM.Collect$$libinit$$00000000) for __rt_lib_init
    __rtentry2.o(.ARM.Collect$$rtentry$$0000000B) refers to boardinit3.o(.text) for _platform_post_lib_init
    __rtentry2.o(.ARM.Collect$$rtentry$$0000000D) refers to main.o(.text) for main
    __rtentry2.o(.ARM.Collect$$rtentry$$0000000D) refers to exit.o(.text) for exit
    __rtentry2.o(.ARM.exidx) refers to __rtentry2.o(.ARM.Collect$$rtentry$$00000001) for .ARM.Collect$$rtentry$$00000001
    __rtentry2.o(.ARM.exidx) refers to __rtentry2.o(.ARM.Collect$$rtentry$$00000008) for .ARM.Collect$$rtentry$$00000008
    __rtentry2.o(.ARM.exidx) refers to __rtentry2.o(.ARM.Collect$$rtentry$$0000000A) for .ARM.Collect$$rtentry$$0000000A
    __rtentry2.o(.ARM.exidx) refers to __rtentry2.o(.ARM.Collect$$rtentry$$0000000B) for .ARM.Collect$$rtentry$$0000000B
    __rtentry2.o(.ARM.exidx) refers to __rtentry2.o(.ARM.Collect$$rtentry$$0000000D) for .ARM.Collect$$rtentry$$0000000D
    __rtentry4.o(.ARM.Collect$$rtentry$$00000004) refers to sys_stackheap_outer.o(.text) for __user_setup_stackheap
    __rtentry4.o(.ARM.exidx) refers to __rtentry4.o(.ARM.Collect$$rtentry$$00000004) for .ARM.Collect$$rtentry$$00000004
    sys_stackheap_outer.o(.text) refers to libspace.o(.text) for __user_perproc_libspace
    sys_stackheap_outer.o(.text) refers to startup_mb9bf56x.o(.text) for __user_initial_stackheap
    exit.o(.text) refers to rtexit.o(.ARM.Collect$$rtexit$$00000000) for __rt_exit
    libinit.o(.ARM.Collect$$libinit$$00000000) refers (Special) to libinit2.o(.ARM.Collect$$libinit$$0000002E) for __rt_lib_init_alloca_1
    libinit.o(.ARM.Collect$$libinit$$00000000) refers (Special) to libinit2.o(.ARM.Collect$$libinit$$0000002C) for __rt_lib_init_argv_1
    libinit.o(.ARM.Collect$$libinit$$00000000) refers (Special) to libinit2.o(.ARM.Collect$$libinit$$0000001B) for __rt_lib_init_atexit_1
    libinit.o(.ARM.Collect$$libinit$$00000000) refers (Special) to libinit2.o(.ARM.Collect$$libinit$$00000021) for __rt_lib_init_clock_1
    libinit.o(.ARM.Collect$$libinit$$00000000) refers (Special) to libinit2.o(.ARM.Collect$$libinit$$00000032) for __rt_lib_init_cpp_1
    libinit.o(.ARM.Collect$$libinit$$00000000) refers (Special) to libinit2.o(.ARM.Collect$$libinit$$00000030) for __rt_lib_init_exceptions_1
    libinit.o(.ARM.Collect$$libinit$$00000000) refers (Special) to libinit2.o(.ARM.Collect$$libinit$$00000001) for __rt_lib_init_fp_1
    libinit.o(.ARM.Collect$$libinit$$00000000) refers (Special) to libinit2.o(.ARM.Collect$$libinit$$0000001F) for __rt_lib_init_fp_trap_1
    libinit.o(.ARM.Collect$$libinit$$00000000) refers (Special) to libinit2.o(.ARM.Collect$$libinit$$00000023) for __rt_lib_init_getenv_1
    libinit.o(.ARM.Collect$$libinit$$00000000) refers (Special) to libinit2.o(.ARM.Collect$$libinit$$0000000A) for __rt_lib_init_heap_1
    libinit.o(.ARM.Collect$$libinit$$00000000) refers (Special) to libinit2.o(.ARM.Collect$$libinit$$00000011) for __rt_lib_init_lc_collate_1
    libinit.o(.ARM.Collect$$libinit$$00000000) refers (Special) to libinit2.o(.ARM.Collect$$libinit$$00000013) for __rt_lib_init_lc_ctype_1
    libinit.o(.ARM.Collect$$libinit$$00000000) refers (Special) to libinit2.o(.ARM.Collect$$libinit$$00000015) for __rt_lib_init_lc_monetary_1
    libinit.o(.ARM.Collect$$libinit$$00000000) refers (Special) to libinit2.o(.ARM.Collect$$libinit$$00000017) for __rt_lib_init_lc_numeric_1
    libinit.o(.ARM.Collect$$libinit$$00000000) refers (Special) to libinit2.o(.ARM.Collect$$libinit$$00000019) for __rt_lib_init_lc_time_1
    libinit.o(.ARM.Collect$$libinit$$00000000) refers (Special) to libinit2.o(.ARM.Collect$$libinit$$00000004) for __rt_lib_init_preinit_1
    libinit.o(.ARM.Collect$$libinit$$00000000) refers (Special) to libinit2.o(.ARM.Collect$$libinit$$0000000E) for __rt_lib_init_rand_1
    libinit.o(.ARM.Collect$$libinit$$00000000) refers (Special) to libinit2.o(.ARM.Collect$$libinit$$00000033) for __rt_lib_init_return
    libinit.o(.ARM.Collect$$libinit$$00000000) refers (Special) to libinit2.o(.ARM.Collect$$libinit$$0000001D) for __rt_lib_init_signal_1
    libinit.o(.ARM.Collect$$libinit$$00000000) refers (Special) to libinit2.o(.ARM.Collect$$libinit$$00000025) for __rt_lib_init_stdio_1
    libinit.o(.ARM.Collect$$libinit$$00000000) refers (Special) to libinit2.o(.ARM.Collect$$libinit$$0000000C) for __rt_lib_init_user_alloc_1
    libspace.o(.text) refers to libspace.o(.bss) for __libspace_start
    rtexit.o(.ARM.Collect$$rtexit$$00000000) refers (Special) to rtexit2.o(.ARM.Collect$$rtexit$$00000004) for __rt_exit_exit
    rtexit.o(.ARM.Collect$$rtexit$$00000000) refers (Special) to rtexit2.o(.ARM.Collect$$rtexit$$00000003) for __rt_exit_ls
    rtexit.o(.ARM.Collect$$rtexit$$00000000) refers (Special) to rtexit2.o(.ARM.Collect$$rtexit$$00000002) for __rt_exit_prels_1
    rtexit.o(.ARM.exidx) refers (Special) to rtexit2.o(.ARM.Collect$$rtexit$$00000004) for __rt_exit_exit
    rtexit.o(.ARM.exidx) refers (Special) to rtexit2.o(.ARM.Collect$$rtexit$$00000003) for __rt_exit_ls
    rtexit.o(.ARM.exidx) refers (Special) to rtexit2.o(.ARM.Collect$$rtexit$$00000002) for __rt_exit_prels_1
    rtexit.o(.ARM.exidx) refers to rtexit.o(.ARM.Collect$$rtexit$$00000000) for .ARM.Collect$$rtexit$$00000000
    libinit2.o(.ARM.Collect$$libinit$$00000001) refers to fpinit.o(x$fpl$fpinit) for _fp_init
    libinit2.o(.ARM.Collect$$libinit$$00000010) refers to libinit2.o(.ARM.Collect$$libinit$$0000000F) for .ARM.Collect$$libinit$$0000000F
    libinit2.o(.ARM.Collect$$libinit$$00000012) refers to libinit2.o(.ARM.Collect$$libinit$$0000000F) for .ARM.Collect$$libinit$$0000000F
    libinit2.o(.ARM.Collect$$libinit$$00000014) refers to libinit2.o(.ARM.Collect$$libinit$$0000000F) for .ARM.Collect$$libinit$$0000000F
    libinit2.o(.ARM.Collect$$libinit$$00000016) refers to libinit2.o(.ARM.Collect$$libinit$$0000000F) for .ARM.Collect$$libinit$$0000000F
    libinit2.o(.ARM.Collect$$libinit$$00000018) refers to libinit2.o(.ARM.Collect$$libinit$$0000000F) for .ARM.Collect$$libinit$$0000000F
    libinit2.o(.ARM.Collect$$libinit$$00000026) refers to argv_veneer.o(.emb_text) for __ARM_argv_veneer
    libinit2.o(.ARM.Collect$$libinit$$00000027) refers to argv_veneer.o(.emb_text) for __ARM_argv_veneer
    rtexit2.o(.ARM.Collect$$rtexit$$00000003) refers to libshutdown.o(.ARM.Collect$$libshutdown$$00000000) for __rt_lib_shutdown
    rtexit2.o(.ARM.Collect$$rtexit$$00000004) refers to sys_exit.o(.text) for _sys_exit
    rtexit2.o(.ARM.exidx) refers to rtexit2.o(.ARM.Collect$$rtexit$$00000001) for .ARM.Collect$$rtexit$$00000001
    rtexit2.o(.ARM.exidx) refers to rtexit2.o(.ARM.Collect$$rtexit$$00000003) for .ARM.Collect$$rtexit$$00000003
    rtexit2.o(.ARM.exidx) refers to rtexit2.o(.ARM.Collect$$rtexit$$00000004) for .ARM.Collect$$rtexit$$00000004
    argv_veneer.o(.emb_text) refers to no_argv.o(.text) for __ARM_get_argv
    sys_exit.o(.text) refers (Special) to use_no_semi.o(.text) for __I$use$semihosting
    sys_exit.o(.text) refers (Special) to indicate_semi.o(.text) for __semihosting_library_function
    _get_argv_nomalloc.o(.text) refers (Special) to hrguard.o(.text) for __heap_region$guard
    _get_argv_nomalloc.o(.text) refers to defsig_rtmem_outer.o(.text) for __rt_SIGRTMEM
    _get_argv_nomalloc.o(.text) refers to sys_command.o(.text) for _sys_command_string
    libshutdown.o(.ARM.Collect$$libshutdown$$00000000) refers (Special) to libshutdown2.o(.ARM.Collect$$libshutdown$$00000006) for __rt_lib_shutdown_fp_trap_1
    libshutdown.o(.ARM.Collect$$libshutdown$$00000000) refers (Special) to libshutdown2.o(.ARM.Collect$$libshutdown$$0000000E) for __rt_lib_shutdown_heap_1
    libshutdown.o(.ARM.Collect$$libshutdown$$00000000) refers (Special) to libshutdown2.o(.ARM.Collect$$libshutdown$$0000000F) for __rt_lib_shutdown_return
    libshutdown.o(.ARM.Collect$$libshutdown$$00000000) refers (Special) to libshutdown2.o(.ARM.Collect$$libshutdown$$00000009) for __rt_lib_shutdown_signal_1
    libshutdown.o(.ARM.Collect$$libshutdown$$00000000) refers (Special) to libshutdown2.o(.ARM.Collect$$libshutdown$$00000003) for __rt_lib_shutdown_stdio_1
    libshutdown.o(.ARM.Collect$$libshutdown$$00000000) refers (Special) to libshutdown2.o(.ARM.Collect$$libshutdown$$0000000B) for __rt_lib_shutdown_user_alloc_1
    sys_command.o(.text) refers (Special) to use_no_semi.o(.text) for __I$use$semihosting
    sys_command.o(.text) refers (Special) to indicate_semi.o(.text) for __semihosting_library_function
    defsig_rtmem_outer.o(.text) refers to defsig_rtmem_inner.o(.text) for __rt_SIGRTMEM_inner
    defsig_rtmem_outer.o(.text) refers to defsig_exit.o(.text) for __sig_exit
    defsig_rtmem_formal.o(.text) refers to rt_raise.o(.text) for __rt_raise
    rt_raise.o(.text) refers to __raise.o(.text) for __raise
    rt_raise.o(.text) refers to sys_exit.o(.text) for _sys_exit
    defsig_exit.o(.text) refers to sys_exit.o(.text) for _sys_exit
    defsig_rtmem_inner.o(.text) refers to defsig_general.o(.text) for __default_signal_display
    __raise.o(.text) refers to defsig.o(CL$$defsig) for __default_signal_handler
    defsig_general.o(.text) refers to sys_wrch.o(.text) for _ttywrch
    sys_wrch.o(.text) refers (Special) to use_no_semi.o(.text) for __I$use$semihosting
    sys_wrch.o(.text) refers (Special) to indicate_semi.o(.text) for __semihosting_library_function
    defsig.o(CL$$defsig) refers to defsig_rtmem_inner.o(.text) for __rt_SIGRTMEM_inner
    defsig_abrt_inner.o(.text) refers to defsig_general.o(.text) for __default_signal_display
    defsig_fpe_inner.o(.text) refers to defsig_general.o(.text) for __default_signal_display
    defsig_rtred_inner.o(.text) refers to defsig_general.o(.text) for __default_signal_display
    defsig_stak_inner.o(.text) refers to defsig_general.o(.text) for __default_signal_display
    defsig_pvfn_inner.o(.text) refers to defsig_general.o(.text) for __default_signal_display
    defsig_cppl_inner.o(.text) refers to defsig_general.o(.text) for __default_signal_display
    defsig_segv_inner.o(.text) refers to defsig_general.o(.text) for __default_signal_display
    defsig_other.o(.text) refers to defsig_general.o(.text) for __default_signal_display


==============================================================================

Removing Unused input sections from the image.

    Removing system_mb9abxxx.o(.rev16_text), (4 bytes).
    Removing system_mb9abxxx.o(.revsh_text), (4 bytes).
    Removing interrupts.o(.rev16_text), (4 bytes).
    Removing interrupts.o(.revsh_text), (4 bytes).
    Removing pdl.o(.rev16_text), (4 bytes).
    Removing pdl.o(.revsh_text), (4 bytes).
    Removing pdl.o(.text), (20 bytes).
    Removing clk.o(.rev16_text), (4 bytes).
    Removing clk.o(.revsh_text), (4 bytes).
    Removing clk.o(.text), (8052 bytes).
    Removing mfs.o(.rev16_text), (4 bytes).
    Removing mfs.o(.revsh_text), (4 bytes).
    Removing mfs_hl.o(.rev16_text), (4 bytes).
    Removing mfs_hl.o(.revsh_text), (4 bytes).
    Removing mfs_hl.o(.text), (15066 bytes).
    Removing mfs_hl.o(.data), (72 bytes).
    Removing reset.o(.rev16_text), (4 bytes).
    Removing reset.o(.revsh_text), (4 bytes).
    Removing reset.o(.text), (328 bytes).
    Removing reset.o(.data), (8 bytes).
    Removing main.o(.rev16_text), (4 bytes).
    Removing main.o(.revsh_text), (4 bytes).
    Removing wyzbee_i2c.o(.rev16_text), (4 bytes).
    Removing wyzbee_i2c.o(.revsh_text), (4 bytes).

24 unused section(s) (total 23618 bytes) removed from the image.

==============================================================================

Image Symbol Table

    Local Symbols

    Symbol Name                              Value     Ov Type        Size  Object(Section)

    RESET                                    0x00000000   Section      576  startup_mb9bf56x.o(RESET)
    ../clib/angel/boardlib.s                 0x00000000   Number         0  boardinit2.o ABSOLUTE
    ../clib/angel/boardlib.s                 0x00000000   Number         0  boardshut.o ABSOLUTE
    ../clib/angel/boardlib.s                 0x00000000   Number         0  boardinit3.o ABSOLUTE
    ../clib/angel/boardlib.s                 0x00000000   Number         0  boardinit1.o ABSOLUTE
    ../clib/angel/handlers.s                 0x00000000   Number         0  __scatter_copy.o ABSOLUTE
    ../clib/angel/handlers.s                 0x00000000   Number         0  __scatter_zi.o ABSOLUTE
    ../clib/angel/kernel.s                   0x00000000   Number         0  rtexit.o ABSOLUTE
    ../clib/angel/kernel.s                   0x00000000   Number         0  __rtentry.o ABSOLUTE
    ../clib/angel/kernel.s                   0x00000000   Number         0  rtexit2.o ABSOLUTE
    ../clib/angel/kernel.s                   0x00000000   Number         0  __rtentry2.o ABSOLUTE
    ../clib/angel/kernel.s                   0x00000000   Number         0  __rtentry4.o ABSOLUTE
    ../clib/angel/rt.s                       0x00000000   Number         0  rt_raise.o ABSOLUTE
    ../clib/angel/scatter.s                  0x00000000   Number         0  __scatter.o ABSOLUTE
    ../clib/angel/startup.s                  0x00000000   Number         0  __main.o ABSOLUTE
    ../clib/angel/sys.s                      0x00000000   Number         0  libspace.o ABSOLUTE
    ../clib/angel/sys.s                      0x00000000   Number         0  indicate_semi.o ABSOLUTE
    ../clib/angel/sys.s                      0x00000000   Number         0  use_no_semi.o ABSOLUTE
    ../clib/angel/sys.s                      0x00000000   Number         0  sys_stackheap_outer.o ABSOLUTE
    ../clib/angel/sysapp.c                   0x00000000   Number         0  sys_wrch.o ABSOLUTE
    ../clib/angel/sysapp.c                   0x00000000   Number         0  sys_exit.o ABSOLUTE
    ../clib/angel/sysapp.c                   0x00000000   Number         0  sys_command.o ABSOLUTE
    ../clib/armsys.c                         0x00000000   Number         0  _get_argv_nomalloc.o ABSOLUTE
    ../clib/armsys.c                         0x00000000   Number         0  argv_veneer.o ABSOLUTE
    ../clib/armsys.c                         0x00000000   Number         0  argv_veneer.o ABSOLUTE
    ../clib/armsys.c                         0x00000000   Number         0  no_argv.o ABSOLUTE
    ../clib/heapalloc.c                      0x00000000   Number         0  hrguard.o ABSOLUTE
    ../clib/heapaux.c                        0x00000000   Number         0  heapauxi.o ABSOLUTE
    ../clib/libinit.s                        0x00000000   Number         0  libinit.o ABSOLUTE
    ../clib/libinit.s                        0x00000000   Number         0  libinit2.o ABSOLUTE
    ../clib/libinit.s                        0x00000000   Number         0  libshutdown.o ABSOLUTE
    ../clib/libinit.s                        0x00000000   Number         0  libshutdown2.o ABSOLUTE
    ../clib/signal.c                         0x00000000   Number         0  defsig_pvfn_inner.o ABSOLUTE
    ../clib/signal.c                         0x00000000   Number         0  defsig_stak_inner.o ABSOLUTE
    ../clib/signal.c                         0x00000000   Number         0  defsig_exit.o ABSOLUTE
    ../clib/signal.c                         0x00000000   Number         0  defsig_rtmem_inner.o ABSOLUTE
    ../clib/signal.c                         0x00000000   Number         0  __raise.o ABSOLUTE
    ../clib/signal.c                         0x00000000   Number         0  defsig_rtmem_outer.o ABSOLUTE
    ../clib/signal.c                         0x00000000   Number         0  defsig_general.o ABSOLUTE
    ../clib/signal.c                         0x00000000   Number         0  defsig_rtmem_formal.o ABSOLUTE
    ../clib/signal.c                         0x00000000   Number         0  defsig_abrt_inner.o ABSOLUTE
    ../clib/signal.c                         0x00000000   Number         0  defsig_cppl_inner.o ABSOLUTE
    ../clib/signal.c                         0x00000000   Number         0  defsig_segv_inner.o ABSOLUTE
    ../clib/signal.c                         0x00000000   Number         0  defsig_other.o ABSOLUTE
    ../clib/signal.c                         0x00000000   Number         0  defsig_fpe_inner.o ABSOLUTE
    ../clib/signal.c                         0x00000000   Number         0  defsig_rtred_inner.o ABSOLUTE
    ../clib/signal.s                         0x00000000   Number         0  defsig.o ABSOLUTE
    ../clib/stdlib.c                         0x00000000   Number         0  exit.o ABSOLUTE
    ../fplib/d2f.s                           0x00000000   Number         0  d2f.o ABSOLUTE
    ../fplib/daddsub.s                       0x00000000   Number         0  daddsub_clz.o ABSOLUTE
    ../fplib/ddiv.s                          0x00000000   Number         0  ddiv.o ABSOLUTE
    ../fplib/dmul.s                          0x00000000   Number         0  dmul.o ABSOLUTE
    ../fplib/dnaninf.s                       0x00000000   Number         0  dnaninf.o ABSOLUTE
    ../fplib/dretinf.s                       0x00000000   Number         0  dretinf.o ABSOLUTE
    ../fplib/f2d.s                           0x00000000   Number         0  f2d.o ABSOLUTE
    ../fplib/fnaninf.s                       0x00000000   Number         0  fnaninf.o ABSOLUTE
    ../fplib/fpinit.s                        0x00000000   Number         0  fpinit.o ABSOLUTE
    ../fplib/fretinf.s                       0x00000000   Number         0  fretinf.o ABSOLUTE
    ../fplib/usenofp.s                       0x00000000   Number         0  usenofp.o ABSOLUTE
    App\\main.c                              0x00000000   Number         0  main.o ABSOLUTE
    App\main.c                               0x00000000   Number         0  main.o ABSOLUTE
    WyzBee_i2c\WyzBee_i2c.c                  0x00000000   Number         0  wyzbee_i2c.o ABSOLUTE
    WyzBee_i2c\\WyzBee_i2c.c                 0x00000000   Number         0  wyzbee_i2c.o ABSOLUTE
    common\\interrupts.c                     0x00000000   Number         0  interrupts.o ABSOLUTE
    common\\pdl.c                            0x00000000   Number         0  pdl.o ABSOLUTE
    common\interrupts.c                      0x00000000   Number         0  interrupts.o ABSOLUTE
    common\pdl.c                             0x00000000   Number         0  pdl.o ABSOLUTE
    dc.s                                     0x00000000   Number         0  dc.o ABSOLUTE
    lib\\src\\clk.c                          0x00000000   Number         0  clk.o ABSOLUTE
    lib\\src\\mfs.c                          0x00000000   Number         0  mfs.o ABSOLUTE
    lib\\src\\mfs_hl.c                       0x00000000   Number         0  mfs_hl.o ABSOLUTE
    lib\\src\\reset.c                        0x00000000   Number         0  reset.o ABSOLUTE
    lib\src\clk.c                            0x00000000   Number         0  clk.o ABSOLUTE
    lib\src\mfs.c                            0x00000000   Number         0  mfs.o ABSOLUTE
    lib\src\mfs_hl.c                         0x00000000   Number         0  mfs_hl.o ABSOLUTE
    lib\src\reset.c                          0x00000000   Number         0  reset.o ABSOLUTE
    startup_mb9bf56x.s                       0x00000000   Number         0  startup_mb9bf56x.o ABSOLUTE
    system_mb9abxxx.c                        0x00000000   Number         0  system_mb9abxxx.o ABSOLUTE
    system_mb9abxxx.c                        0x00000000   Number         0  system_mb9abxxx.o ABSOLUTE
    !!!main                                  0x00000240   Section        8  __main.o(!!!main)
    !!!scatter                               0x00000248   Section       52  __scatter.o(!!!scatter)
    !!handler_copy                           0x0000027c   Section       26  __scatter_copy.o(!!handler_copy)
    !!handler_zi                             0x00000298   Section       28  __scatter_zi.o(!!handler_zi)
    .ARM.Collect$$libinit$$00000000          0x000002b4   Section        2  libinit.o(.ARM.Collect$$libinit$$00000000)
    .ARM.Collect$$libinit$$00000001          0x000002b6   Section        4  libinit2.o(.ARM.Collect$$libinit$$00000001)
    .ARM.Collect$$libinit$$00000004          0x000002ba   Section        0  libinit2.o(.ARM.Collect$$libinit$$00000004)
    .ARM.Collect$$libinit$$0000000A          0x000002ba   Section        0  libinit2.o(.ARM.Collect$$libinit$$0000000A)
    .ARM.Collect$$libinit$$0000000C          0x000002ba   Section        0  libinit2.o(.ARM.Collect$$libinit$$0000000C)
    .ARM.Collect$$libinit$$0000000E          0x000002ba   Section        0  libinit2.o(.ARM.Collect$$libinit$$0000000E)
    .ARM.Collect$$libinit$$00000011          0x000002ba   Section        0  libinit2.o(.ARM.Collect$$libinit$$00000011)
    .ARM.Collect$$libinit$$00000013          0x000002ba   Section        0  libinit2.o(.ARM.Collect$$libinit$$00000013)
    .ARM.Collect$$libinit$$00000015          0x000002ba   Section        0  libinit2.o(.ARM.Collect$$libinit$$00000015)
    .ARM.Collect$$libinit$$00000017          0x000002ba   Section        0  libinit2.o(.ARM.Collect$$libinit$$00000017)
    .ARM.Collect$$libinit$$00000019          0x000002ba   Section        0  libinit2.o(.ARM.Collect$$libinit$$00000019)
    .ARM.Collect$$libinit$$0000001B          0x000002ba   Section        0  libinit2.o(.ARM.Collect$$libinit$$0000001B)
    .ARM.Collect$$libinit$$0000001D          0x000002ba   Section        0  libinit2.o(.ARM.Collect$$libinit$$0000001D)
    .ARM.Collect$$libinit$$0000001F          0x000002ba   Section        0  libinit2.o(.ARM.Collect$$libinit$$0000001F)
    .ARM.Collect$$libinit$$00000021          0x000002ba   Section        0  libinit2.o(.ARM.Collect$$libinit$$00000021)
    .ARM.Collect$$libinit$$00000023          0x000002ba   Section        0  libinit2.o(.ARM.Collect$$libinit$$00000023)
    .ARM.Collect$$libinit$$00000025          0x000002ba   Section        0  libinit2.o(.ARM.Collect$$libinit$$00000025)
    .ARM.Collect$$libinit$$0000002C          0x000002ba   Section        0  libinit2.o(.ARM.Collect$$libinit$$0000002C)
    .ARM.Collect$$libinit$$0000002E          0x000002ba   Section        0  libinit2.o(.ARM.Collect$$libinit$$0000002E)
    .ARM.Collect$$libinit$$00000030          0x000002ba   Section        0  libinit2.o(.ARM.Collect$$libinit$$00000030)
    .ARM.Collect$$libinit$$00000032          0x000002ba   Section        0  libinit2.o(.ARM.Collect$$libinit$$00000032)
    .ARM.Collect$$libinit$$00000033          0x000002ba   Section        2  libinit2.o(.ARM.Collect$$libinit$$00000033)
    .ARM.Collect$$libshutdown$$00000000      0x000002bc   Section        2  libshutdown.o(.ARM.Collect$$libshutdown$$00000000)
    .ARM.Collect$$libshutdown$$00000003      0x000002be   Section        0  libshutdown2.o(.ARM.Collect$$libshutdown$$00000003)
    .ARM.Collect$$libshutdown$$00000006      0x000002be   Section        0  libshutdown2.o(.ARM.Collect$$libshutdown$$00000006)
    .ARM.Collect$$libshutdown$$00000009      0x000002be   Section        0  libshutdown2.o(.ARM.Collect$$libshutdown$$00000009)
    .ARM.Collect$$libshutdown$$0000000B      0x000002be   Section        0  libshutdown2.o(.ARM.Collect$$libshutdown$$0000000B)
    .ARM.Collect$$libshutdown$$0000000E      0x000002be   Section        0  libshutdown2.o(.ARM.Collect$$libshutdown$$0000000E)
    .ARM.Collect$$libshutdown$$0000000F      0x000002be   Section        2  libshutdown2.o(.ARM.Collect$$libshutdown$$0000000F)
    .ARM.Collect$$rtentry$$00000000          0x000002c0   Section        0  __rtentry.o(.ARM.Collect$$rtentry$$00000000)
    .ARM.Collect$$rtentry$$00000002          0x000002c0   Section        0  __rtentry2.o(.ARM.Collect$$rtentry$$00000002)
    .ARM.Collect$$rtentry$$00000004          0x000002c0   Section        6  __rtentry4.o(.ARM.Collect$$rtentry$$00000004)
    .ARM.Collect$$rtentry$$00000009          0x000002c6   Section        0  __rtentry2.o(.ARM.Collect$$rtentry$$00000009)
    .ARM.Collect$$rtentry$$0000000A          0x000002c6   Section        4  __rtentry2.o(.ARM.Collect$$rtentry$$0000000A)
    .ARM.Collect$$rtentry$$0000000C          0x000002ca   Section        0  __rtentry2.o(.ARM.Collect$$rtentry$$0000000C)
    .ARM.Collect$$rtentry$$0000000D          0x000002ca   Section        8  __rtentry2.o(.ARM.Collect$$rtentry$$0000000D)
    .ARM.Collect$$rtexit$$00000000           0x000002d2   Section        2  rtexit.o(.ARM.Collect$$rtexit$$00000000)
    .ARM.Collect$$rtexit$$00000002           0x000002d4   Section        0  rtexit2.o(.ARM.Collect$$rtexit$$00000002)
    .ARM.Collect$$rtexit$$00000003           0x000002d4   Section        4  rtexit2.o(.ARM.Collect$$rtexit$$00000003)
    .ARM.Collect$$rtexit$$00000004           0x000002d8   Section        6  rtexit2.o(.ARM.Collect$$rtexit$$00000004)
    .text                                    0x000002e0   Section       76  startup_mb9bf56x.o(.text)
    $v0                                      0x000002e0   Number         0  startup_mb9bf56x.o(.text)
    .text                                    0x0000032c   Section        0  system_mb9abxxx.o(.text)
    .text                                    0x00000500   Section        0  interrupts.o(.text)
    .text                                    0x00000540   Section        0  mfs.o(.text)
    NVIC_SetPriority                         0x00000541   Thumb Code    32  mfs.o(.text)
    MfsGetInternDataPtr                      0x00000561   Thumb Code    48  mfs.o(.text)
    NVIC_EnableIRQ                           0x00001f8b   Thumb Code    22  mfs.o(.text)
    NVIC_DisableIRQ                          0x00001fa1   Thumb Code    18  mfs.o(.text)
    NVIC_ClearPendingIRQ                     0x00001fb3   Thumb Code    18  mfs.o(.text)
    .text                                    0x00001fcc   Section        0  main.o(.text)
    .text                                    0x000020f8   Section        0  wyzbee_i2c.o(.text)
    WyzBeeI2c_RxIsr                          0x000020f9   Thumb Code   366  wyzbee_i2c.o(.text)
    WyzBeeI2c_TxIsr                          0x00002267   Thumb Code   364  wyzbee_i2c.o(.text)
    WyzBeeI2c_SatusIsr                       0x000023d3   Thumb Code    22  wyzbee_i2c.o(.text)
    WyzBeeI2cWaitTxRxComplete                0x00002561   Thumb Code    54  wyzbee_i2c.o(.text)
    .text                                    0x00002710   Section        0  heapauxi.o(.text)
    .text                                    0x00002716   Section       74  sys_stackheap_outer.o(.text)
    .text                                    0x00002760   Section        0  exit.o(.text)
    .text                                    0x0000276c   Section        8  libspace.o(.text)
    .text                                    0x00002774   Section        0  sys_exit.o(.text)
    .text                                    0x00002780   Section        2  use_no_semi.o(.text)
    .text                                    0x00002782   Section        0  indicate_semi.o(.text)
    x$fpl$d2f                                0x00002784   Section       98  d2f.o(x$fpl$d2f)
    $v0                                      0x00002784   Number         0  d2f.o(x$fpl$d2f)
    x$fpl$dadd                               0x000027e8   Section      336  daddsub_clz.o(x$fpl$dadd)
    $v0                                      0x000027e8   Number         0  daddsub_clz.o(x$fpl$dadd)
    _dadd1                                   0x000027f9   Thumb Code     0  daddsub_clz.o(x$fpl$dadd)
    x$fpl$ddiv                               0x00002938   Section      688  ddiv.o(x$fpl$ddiv)
    $v0                                      0x00002938   Number         0  ddiv.o(x$fpl$ddiv)
    ddiv_entry                               0x0000293f   Thumb Code     0  ddiv.o(x$fpl$ddiv)
    x$fpl$dmul                               0x00002be8   Section      340  dmul.o(x$fpl$dmul)
    $v0                                      0x00002be8   Number         0  dmul.o(x$fpl$dmul)
    x$fpl$dnaninf                            0x00002d3c   Section      156  dnaninf.o(x$fpl$dnaninf)
    $v0                                      0x00002d3c   Number         0  dnaninf.o(x$fpl$dnaninf)
    x$fpl$dretinf                            0x00002dd8   Section       12  dretinf.o(x$fpl$dretinf)
    $v0                                      0x00002dd8   Number         0  dretinf.o(x$fpl$dretinf)
    x$fpl$dsub                               0x00002de4   Section      468  daddsub_clz.o(x$fpl$dsub)
    $v0                                      0x00002de4   Number         0  daddsub_clz.o(x$fpl$dsub)
    _dsub1                                   0x00002df5   Thumb Code     0  daddsub_clz.o(x$fpl$dsub)
    x$fpl$f2d                                0x00002fb8   Section       86  f2d.o(x$fpl$f2d)
    $v0                                      0x00002fb8   Number         0  f2d.o(x$fpl$f2d)
    x$fpl$fnaninf                            0x0000300e   Section      140  fnaninf.o(x$fpl$fnaninf)
    $v0                                      0x0000300e   Number         0  fnaninf.o(x$fpl$fnaninf)
    x$fpl$fpinit                             0x0000309a   Section       10  fpinit.o(x$fpl$fpinit)
    $v0                                      0x0000309a   Number         0  fpinit.o(x$fpl$fpinit)
    x$fpl$fretinf                            0x000030a4   Section       10  fretinf.o(x$fpl$fretinf)
    $v0                                      0x000030a4   Number         0  fretinf.o(x$fpl$fretinf)
    x$fpl$usenofp                            0x000030ae   Section        0  usenofp.o(x$fpl$usenofp)
    .data                                    0x20038000   Section        5  system_mb9abxxx.o(.data)
    u8IoRegisterRead                         0x20038004   Data           1  system_mb9abxxx.o(.data)
    .data                                    0x20038008   Section       20  mfs.o(.data)
    .data                                    0x2003801c   Section       24  main.o(.data)
    .data                                    0x20038034   Section       14  wyzbee_i2c.o(.data)
    I2cStatus                                0x20038034   Data           1  wyzbee_i2c.o(.data)
    GlobalBuf                                0x20038038   Data           4  wyzbee_i2c.o(.data)
    GlobalBufLen                             0x2003803c   Data           2  wyzbee_i2c.o(.data)
    RxBufIndex                               0x2003803e   Data           2  wyzbee_i2c.o(.data)
    TxBufIndex                               0x20038040   Data           2  wyzbee_i2c.o(.data)
    .bss                                     0x20038044   Section       96  libspace.o(.bss)
    HEAP                                     0x200380a8   Section        0  startup_mb9bf56x.o(HEAP)
    STACK                                    0x200380a8   Section      512  startup_mb9bf56x.o(STACK)
    Heap_Mem                                 0x200380a8   Data           0  startup_mb9bf56x.o(HEAP)
    Stack_Mem                                0x200380a8   Data         512  startup_mb9bf56x.o(STACK)
    __initial_sp                             0x200382a8   Data           0  startup_mb9bf56x.o(STACK)

    Global Symbols

    Symbol Name                              Value     Ov Type        Size  Object(Section)

    BuildAttributes$$THM_ISAv4$E$P$D$K$B$S$7EM$VFPi3$EXTD16$VFPS$VFMA$PE$A:L22UL41UL21$X:L11$S22US41US21$IEEE1$IW$USESV6$~STKCKD$USESV7$~SHL$OSPACE$ROPI$EBA8$UX$STANDARDLIB$REQ8$PRES8$EABIv2 0x00000000   Number         0  anon$$obj.o ABSOLUTE
    __ARM_use_no_argv                        0x00000000   Number         0  main.o ABSOLUTE
    __Vectors                                0x00000000   Data           4  startup_mb9bf56x.o(RESET)
    __ARM_exceptions_init                     - Undefined Weak Reference
    __alloca_initialize                       - Undefined Weak Reference
    __arm_preinit_                            - Undefined Weak Reference
    __cpp_initialize__aeabi_                  - Undefined Weak Reference
    __cxa_finalize                            - Undefined Weak Reference
    __rt_locale                               - Undefined Weak Reference
    __sigvec_lookup                           - Undefined Weak Reference
    _atexit_init                              - Undefined Weak Reference
    _call_atexit_fns                          - Undefined Weak Reference
    _clock_init                               - Undefined Weak Reference
    _fp_trap_init                             - Undefined Weak Reference
    _fp_trap_shutdown                         - Undefined Weak Reference
    _get_lc_collate                           - Undefined Weak Reference
    _get_lc_ctype                             - Undefined Weak Reference
    _get_lc_monetary                          - Undefined Weak Reference
    _get_lc_numeric                           - Undefined Weak Reference
    _get_lc_time                              - Undefined Weak Reference
    _getenv_init                              - Undefined Weak Reference
    _handle_redirection                       - Undefined Weak Reference
    _init_alloc                               - Undefined Weak Reference
    _init_user_alloc                          - Undefined Weak Reference
    _initio                                   - Undefined Weak Reference
    _rand_init                                - Undefined Weak Reference
    _signal_finish                            - Undefined Weak Reference
    _signal_init                              - Undefined Weak Reference
    _terminate_alloc                          - Undefined Weak Reference
    _terminate_user_alloc                     - Undefined Weak Reference
    _terminateio                              - Undefined Weak Reference
    __Vectors_End                            0x00000240   Data           0  startup_mb9bf56x.o(RESET)
    __Vectors_Size                           0x00000240   Number         0  startup_mb9bf56x.o ABSOLUTE
    __main                                   0x00000241   Thumb Code     8  __main.o(!!!main)
    __scatterload                            0x00000249   Thumb Code     0  __scatter.o(!!!scatter)
    __scatterload_rt2                        0x00000249   Thumb Code    44  __scatter.o(!!!scatter)
    __scatterload_rt2_thumb_only             0x00000249   Thumb Code     0  __scatter.o(!!!scatter)
    __scatterload_null                       0x00000257   Thumb Code     0  __scatter.o(!!!scatter)
    __scatterload_copy                       0x0000027d   Thumb Code    26  __scatter_copy.o(!!handler_copy)
    __scatterload_zeroinit                   0x00000299   Thumb Code    28  __scatter_zi.o(!!handler_zi)
    __rt_lib_init                            0x000002b5   Thumb Code     0  libinit.o(.ARM.Collect$$libinit$$00000000)
    __rt_lib_init_fp_1                       0x000002b7   Thumb Code     0  libinit2.o(.ARM.Collect$$libinit$$00000001)
    __rt_lib_init_alloca_1                   0x000002bb   Thumb Code     0  libinit2.o(.ARM.Collect$$libinit$$0000002E)
    __rt_lib_init_argv_1                     0x000002bb   Thumb Code     0  libinit2.o(.ARM.Collect$$libinit$$0000002C)
    __rt_lib_init_atexit_1                   0x000002bb   Thumb Code     0  libinit2.o(.ARM.Collect$$libinit$$0000001B)
    __rt_lib_init_clock_1                    0x000002bb   Thumb Code     0  libinit2.o(.ARM.Collect$$libinit$$00000021)
    __rt_lib_init_cpp_1                      0x000002bb   Thumb Code     0  libinit2.o(.ARM.Collect$$libinit$$00000032)
    __rt_lib_init_exceptions_1               0x000002bb   Thumb Code     0  libinit2.o(.ARM.Collect$$libinit$$00000030)
    __rt_lib_init_fp_trap_1                  0x000002bb   Thumb Code     0  libinit2.o(.ARM.Collect$$libinit$$0000001F)
    __rt_lib_init_getenv_1                   0x000002bb   Thumb Code     0  libinit2.o(.ARM.Collect$$libinit$$00000023)
    __rt_lib_init_heap_1                     0x000002bb   Thumb Code     0  libinit2.o(.ARM.Collect$$libinit$$0000000A)
    __rt_lib_init_lc_collate_1               0x000002bb   Thumb Code     0  libinit2.o(.ARM.Collect$$libinit$$00000011)
    __rt_lib_init_lc_ctype_1                 0x000002bb   Thumb Code     0  libinit2.o(.ARM.Collect$$libinit$$00000013)
    __rt_lib_init_lc_monetary_1              0x000002bb   Thumb Code     0  libinit2.o(.ARM.Collect$$libinit$$00000015)
    __rt_lib_init_lc_numeric_1               0x000002bb   Thumb Code     0  libinit2.o(.ARM.Collect$$libinit$$00000017)
    __rt_lib_init_lc_time_1                  0x000002bb   Thumb Code     0  libinit2.o(.ARM.Collect$$libinit$$00000019)
    __rt_lib_init_preinit_1                  0x000002bb   Thumb Code     0  libinit2.o(.ARM.Collect$$libinit$$00000004)
    __rt_lib_init_rand_1                     0x000002bb   Thumb Code     0  libinit2.o(.ARM.Collect$$libinit$$0000000E)
    __rt_lib_init_return                     0x000002bb   Thumb Code     0  libinit2.o(.ARM.Collect$$libinit$$00000033)
    __rt_lib_init_signal_1                   0x000002bb   Thumb Code     0  libinit2.o(.ARM.Collect$$libinit$$0000001D)
    __rt_lib_init_stdio_1                    0x000002bb   Thumb Code     0  libinit2.o(.ARM.Collect$$libinit$$00000025)
    __rt_lib_init_user_alloc_1               0x000002bb   Thumb Code     0  libinit2.o(.ARM.Collect$$libinit$$0000000C)
    __rt_lib_shutdown                        0x000002bd   Thumb Code     0  libshutdown.o(.ARM.Collect$$libshutdown$$00000000)
    __rt_lib_shutdown_fp_trap_1              0x000002bf   Thumb Code     0  libshutdown2.o(.ARM.Collect$$libshutdown$$00000006)
    __rt_lib_shutdown_heap_1                 0x000002bf   Thumb Code     0  libshutdown2.o(.ARM.Collect$$libshutdown$$0000000E)
    __rt_lib_shutdown_return                 0x000002bf   Thumb Code     0  libshutdown2.o(.ARM.Collect$$libshutdown$$0000000F)
    __rt_lib_shutdown_signal_1               0x000002bf   Thumb Code     0  libshutdown2.o(.ARM.Collect$$libshutdown$$00000009)
    __rt_lib_shutdown_stdio_1                0x000002bf   Thumb Code     0  libshutdown2.o(.ARM.Collect$$libshutdown$$00000003)
    __rt_lib_shutdown_user_alloc_1           0x000002bf   Thumb Code     0  libshutdown2.o(.ARM.Collect$$libshutdown$$0000000B)
    __rt_entry                               0x000002c1   Thumb Code     0  __rtentry.o(.ARM.Collect$$rtentry$$00000000)
    __rt_entry_presh_1                       0x000002c1   Thumb Code     0  __rtentry2.o(.ARM.Collect$$rtentry$$00000002)
    __rt_entry_sh                            0x000002c1   Thumb Code     0  __rtentry4.o(.ARM.Collect$$rtentry$$00000004)
    __rt_entry_li                            0x000002c7   Thumb Code     0  __rtentry2.o(.ARM.Collect$$rtentry$$0000000A)
    __rt_entry_postsh_1                      0x000002c7   Thumb Code     0  __rtentry2.o(.ARM.Collect$$rtentry$$00000009)
    __rt_entry_main                          0x000002cb   Thumb Code     0  __rtentry2.o(.ARM.Collect$$rtentry$$0000000D)
    __rt_entry_postli_1                      0x000002cb   Thumb Code     0  __rtentry2.o(.ARM.Collect$$rtentry$$0000000C)
    __rt_exit                                0x000002d3   Thumb Code     0  rtexit.o(.ARM.Collect$$rtexit$$00000000)
    __rt_exit_ls                             0x000002d5   Thumb Code     0  rtexit2.o(.ARM.Collect$$rtexit$$00000003)
    __rt_exit_prels_1                        0x000002d5   Thumb Code     0  rtexit2.o(.ARM.Collect$$rtexit$$00000002)
    __rt_exit_exit                           0x000002d9   Thumb Code     0  rtexit2.o(.ARM.Collect$$rtexit$$00000004)
    Reset_Handler                            0x000002e1   Thumb Code    20  startup_mb9bf56x.o(.text)
    NMI_Handler                              0x000002f5   Thumb Code     2  startup_mb9bf56x.o(.text)
    HardFault_Handler                        0x000002f7   Thumb Code     2  startup_mb9bf56x.o(.text)
    MemManage_Handler                        0x000002f9   Thumb Code     2  startup_mb9bf56x.o(.text)
    BusFault_Handler                         0x000002fb   Thumb Code     2  startup_mb9bf56x.o(.text)
    UsageFault_Handler                       0x000002fd   Thumb Code     2  startup_mb9bf56x.o(.text)
    SVC_Handler                              0x000002ff   Thumb Code     2  startup_mb9bf56x.o(.text)
    DebugMon_Handler                         0x00000301   Thumb Code     2  startup_mb9bf56x.o(.text)
    PendSV_Handler                           0x00000303   Thumb Code     2  startup_mb9bf56x.o(.text)
    SysTick_Handler                          0x00000305   Thumb Code     2  startup_mb9bf56x.o(.text)
    ADC0_IRQHandler                          0x00000307   Thumb Code     0  startup_mb9bf56x.o(.text)
    ADC1_IRQHandler                          0x00000307   Thumb Code     0  startup_mb9bf56x.o(.text)
    ADC2_IRQHandler                          0x00000307   Thumb Code     0  startup_mb9bf56x.o(.text)
    BT0_IRQHandler                           0x00000307   Thumb Code     0  startup_mb9bf56x.o(.text)
    BT10_IRQHandler                          0x00000307   Thumb Code     0  startup_mb9bf56x.o(.text)
    BT11_IRQHandler                          0x00000307   Thumb Code     0  startup_mb9bf56x.o(.text)
    BT12_15_IRQHandler                       0x00000307   Thumb Code     0  startup_mb9bf56x.o(.text)
    BT1_IRQHandler                           0x00000307   Thumb Code     0  startup_mb9bf56x.o(.text)
    BT2_IRQHandler                           0x00000307   Thumb Code     0  startup_mb9bf56x.o(.text)
    BT3_IRQHandler                           0x00000307   Thumb Code     0  startup_mb9bf56x.o(.text)
    BT4_IRQHandler                           0x00000307   Thumb Code     0  startup_mb9bf56x.o(.text)
    BT5_IRQHandler                           0x00000307   Thumb Code     0  startup_mb9bf56x.o(.text)
    BT6_IRQHandler                           0x00000307   Thumb Code     0  startup_mb9bf56x.o(.text)
    BT7_IRQHandler                           0x00000307   Thumb Code     0  startup_mb9bf56x.o(.text)
    BT8_IRQHandler                           0x00000307   Thumb Code     0  startup_mb9bf56x.o(.text)
    BT9_IRQHandler                           0x00000307   Thumb Code     0  startup_mb9bf56x.o(.text)
    CAN0_IRQHandler                          0x00000307   Thumb Code     0  startup_mb9bf56x.o(.text)
    CAN1_IRQHandler                          0x00000307   Thumb Code     0  startup_mb9bf56x.o(.text)
    CSV_IRQHandler                           0x00000307   Thumb Code     0  startup_mb9bf56x.o(.text)
    DMAC0_IRQHandler                         0x00000307   Thumb Code     0  startup_mb9bf56x.o(.text)
    DMAC1_IRQHandler                         0x00000307   Thumb Code     0  startup_mb9bf56x.o(.text)
    DMAC2_IRQHandler                         0x00000307   Thumb Code     0  startup_mb9bf56x.o(.text)
    DMAC3_IRQHandler                         0x00000307   Thumb Code     0  startup_mb9bf56x.o(.text)
    DMAC4_IRQHandler                         0x00000307   Thumb Code     0  startup_mb9bf56x.o(.text)
    DMAC5_IRQHandler                         0x00000307   Thumb Code     0  startup_mb9bf56x.o(.text)
    DMAC6_IRQHandler                         0x00000307   Thumb Code     0  startup_mb9bf56x.o(.text)
    DMAC7_IRQHandler                         0x00000307   Thumb Code     0  startup_mb9bf56x.o(.text)
    DSTC_IRQHandler                          0x00000307   Thumb Code     0  startup_mb9bf56x.o(.text)
    DT1_2_IRAHandler                         0x00000307   Thumb Code     0  startup_mb9bf56x.o(.text)
    Dummy                                    0x00000307   Thumb Code     0  startup_mb9bf56x.o(.text)
    ETHER0_IRQHandler                        0x00000307   Thumb Code     0  startup_mb9bf56x.o(.text)
    EXINT0_IRQHandler                        0x00000307   Thumb Code     0  startup_mb9bf56x.o(.text)
    EXINT16_17_18_19_IRQHandler              0x00000307   Thumb Code     0  startup_mb9bf56x.o(.text)
    EXINT1_IRQHandler                        0x00000307   Thumb Code     0  startup_mb9bf56x.o(.text)
    EXINT20_21_22_23_IRQHandler              0x00000307   Thumb Code     0  startup_mb9bf56x.o(.text)
    EXINT24_25_26_27_IRQHandler              0x00000307   Thumb Code     0  startup_mb9bf56x.o(.text)
    EXINT28_29_30_31_IRQHandler              0x00000307   Thumb Code     0  startup_mb9bf56x.o(.text)
    EXINT2_IRQHandler                        0x00000307   Thumb Code     0  startup_mb9bf56x.o(.text)
    EXINT3_IRQHandler                        0x00000307   Thumb Code     0  startup_mb9bf56x.o(.text)
    EXINT4_IRQHandler                        0x00000307   Thumb Code     0  startup_mb9bf56x.o(.text)
    EXINT5_IRQHandler                        0x00000307   Thumb Code     0  startup_mb9bf56x.o(.text)
    EXINT6_IRQHandler                        0x00000307   Thumb Code     0  startup_mb9bf56x.o(.text)
    EXINT7_IRQHandler                        0x00000307   Thumb Code     0  startup_mb9bf56x.o(.text)
    EXTBUS_ERR_Handler                       0x00000307   Thumb Code     0  startup_mb9bf56x.o(.text)
    EXTINT10_IRQHandler                      0x00000307   Thumb Code     0  startup_mb9bf56x.o(.text)
    EXTINT11_IRQHandler                      0x00000307   Thumb Code     0  startup_mb9bf56x.o(.text)
    EXTINT12_IRQHandler                      0x00000307   Thumb Code     0  startup_mb9bf56x.o(.text)
    EXTINT13_IRQHandler                      0x00000307   Thumb Code     0  startup_mb9bf56x.o(.text)
    EXTINT14_IRQHandler                      0x00000307   Thumb Code     0  startup_mb9bf56x.o(.text)
    EXTINT15_IRQHandler                      0x00000307   Thumb Code     0  startup_mb9bf56x.o(.text)
    EXTINT8_IRQHandler                       0x00000307   Thumb Code     0  startup_mb9bf56x.o(.text)
    EXTINT9_IRQHandler                       0x00000307   Thumb Code     0  startup_mb9bf56x.o(.text)
    FLASHIF_IRQHandler                       0x00000307   Thumb Code     0  startup_mb9bf56x.o(.text)
    FRT0_PEAK_IRQHandler                     0x00000307   Thumb Code     0  startup_mb9bf56x.o(.text)
    FRT0_ZERO_IRQHandler                     0x00000307   Thumb Code     0  startup_mb9bf56x.o(.text)
    FRT1_PEAK_IRQHandler                     0x00000307   Thumb Code     0  startup_mb9bf56x.o(.text)
    FRT1_ZERO_IRQHandler                     0x00000307   Thumb Code     0  startup_mb9bf56x.o(.text)
    FRT2_PEAK_IRQHandler                     0x00000307   Thumb Code     0  startup_mb9bf56x.o(.text)
    FRT2_ZERO_IRQHandler                     0x00000307   Thumb Code     0  startup_mb9bf56x.o(.text)
    ICU0_IRQHandler                          0x00000307   Thumb Code     0  startup_mb9bf56x.o(.text)
    ICU1_IRQHandler                          0x00000307   Thumb Code     0  startup_mb9bf56x.o(.text)
    ICU2_IRQHandler                          0x00000307   Thumb Code     0  startup_mb9bf56x.o(.text)
    IRQ003SEL_IRQHandler                     0x00000307   Thumb Code     0  startup_mb9bf56x.o(.text)
    IRQ004SEL_IRQHandler                     0x00000307   Thumb Code     0  startup_mb9bf56x.o(.text)
    IRQ005SEL_IRQHandler                     0x00000307   Thumb Code     0  startup_mb9bf56x.o(.text)
    IRQ006SEL_IRQHandler                     0x00000307   Thumb Code     0  startup_mb9bf56x.o(.text)
    IRQ007SEL_IRQHandler                     0x00000307   Thumb Code     0  startup_mb9bf56x.o(.text)
    IRQ008SEL_IRQHandler                     0x00000307   Thumb Code     0  startup_mb9bf56x.o(.text)
    IRQ009SEL_IRQHandler                     0x00000307   Thumb Code     0  startup_mb9bf56x.o(.text)
    IRQ010SEL_IRQHandler                     0x00000307   Thumb Code     0  startup_mb9bf56x.o(.text)
    LVD_IRQHandler                           0x00000307   Thumb Code     0  startup_mb9bf56x.o(.text)
    MFS0_RX_IRQHandler                       0x00000307   Thumb Code     0  startup_mb9bf56x.o(.text)
    MFS0_TX_IRQHandler                       0x00000307   Thumb Code     0  startup_mb9bf56x.o(.text)
    MFS10_RX_IRQHandler                      0x00000307   Thumb Code     0  startup_mb9bf56x.o(.text)
    MFS10_TX_IRQHandler                      0x00000307   Thumb Code     0  startup_mb9bf56x.o(.text)
    MFS11_RX_IRQHandler                      0x00000307   Thumb Code     0  startup_mb9bf56x.o(.text)
    MFS11_TX_IRQHandler                      0x00000307   Thumb Code     0  startup_mb9bf56x.o(.text)
    MFS12_RX_IRQHandler                      0x00000307   Thumb Code     0  startup_mb9bf56x.o(.text)
    MFS12_TX_IRQHandler                      0x00000307   Thumb Code     0  startup_mb9bf56x.o(.text)
    MFS13_RX_IRQHandler                      0x00000307   Thumb Code     0  startup_mb9bf56x.o(.text)
    MFS13_TX_IRQHandler                      0x00000307   Thumb Code     0  startup_mb9bf56x.o(.text)
    MFS14_RX_IRQHandler                      0x00000307   Thumb Code     0  startup_mb9bf56x.o(.text)
    MFS14_TX_IRQHandler                      0x00000307   Thumb Code     0  startup_mb9bf56x.o(.text)
    MFS15_RX_IRQHandler                      0x00000307   Thumb Code     0  startup_mb9bf56x.o(.text)
    MFS15_TX_IRQHandler                      0x00000307   Thumb Code     0  startup_mb9bf56x.o(.text)
    MFS1_RX_IRQHandler                       0x00000307   Thumb Code     0  startup_mb9bf56x.o(.text)
    MFS1_TX_IRQHandler                       0x00000307   Thumb Code     0  startup_mb9bf56x.o(.text)
    MFS2_RX_IRQHandler                       0x00000307   Thumb Code     0  startup_mb9bf56x.o(.text)
    MFS2_TX_IRQHandler                       0x00000307   Thumb Code     0  startup_mb9bf56x.o(.text)
    MFS3_RX_IRQHandler                       0x00000307   Thumb Code     0  startup_mb9bf56x.o(.text)
    MFS3_TX_IRQHandler                       0x00000307   Thumb Code     0  startup_mb9bf56x.o(.text)
    MFS4_RX_IRQHandler                       0x00000307   Thumb Code     0  startup_mb9bf56x.o(.text)
    MFS4_TX_IRQHandler                       0x00000307   Thumb Code     0  startup_mb9bf56x.o(.text)
    MFS5_RX_IRQHandler                       0x00000307   Thumb Code     0  startup_mb9bf56x.o(.text)
    MFS5_TX_IRQHandler                       0x00000307   Thumb Code     0  startup_mb9bf56x.o(.text)
    MFS6_RX_IRQHandler                       0x00000307   Thumb Code     0  startup_mb9bf56x.o(.text)
    MFS6_TX_IRQHandler                       0x00000307   Thumb Code     0  startup_mb9bf56x.o(.text)
    MFS8_RX_IRQHandler                       0x00000307   Thumb Code     0  startup_mb9bf56x.o(.text)
    MFS8_TX_IRQHandler                       0x00000307   Thumb Code     0  startup_mb9bf56x.o(.text)
    MFS9_RX_IRQHandler                       0x00000307   Thumb Code     0  startup_mb9bf56x.o(.text)
    MFS9_TX_IRQHandler                       0x00000307   Thumb Code     0  startup_mb9bf56x.o(.text)
    OCU0_IRQHandler                          0x00000307   Thumb Code     0  startup_mb9bf56x.o(.text)
    OCU1_IRQHandler                          0x00000307   Thumb Code     0  startup_mb9bf56x.o(.text)
    OCU2_IRQHandler                          0x00000307   Thumb Code     0  startup_mb9bf56x.o(.text)
    PPG00_02_04_IRQHandler                   0x00000307   Thumb Code     0  startup_mb9bf56x.o(.text)
    PPG08_10_12_IRQHandler                   0x00000307   Thumb Code     0  startup_mb9bf56x.o(.text)
    PPG16_18_20_IRQHandler                   0x00000307   Thumb Code     0  startup_mb9bf56x.o(.text)
    QPRC0_IRQHandler                         0x00000307   Thumb Code     0  startup_mb9bf56x.o(.text)
    QPRC1_IRQHandler                         0x00000307   Thumb Code     0  startup_mb9bf56x.o(.text)
    QPRC2_IRQHandler                         0x00000307   Thumb Code     0  startup_mb9bf56x.o(.text)
    QPRC3_IRQHandler                         0x00000307   Thumb Code     0  startup_mb9bf56x.o(.text)
    RTC_IRQHandler                           0x00000307   Thumb Code     0  startup_mb9bf56x.o(.text)
    SD_IRQHandler                            0x00000307   Thumb Code     0  startup_mb9bf56x.o(.text)
    SWDT_IRQHandler                          0x00000307   Thumb Code     0  startup_mb9bf56x.o(.text)
    TIM_IRQHandler                           0x00000307   Thumb Code     0  startup_mb9bf56x.o(.text)
    USB0_HOST_IRQHandler                     0x00000307   Thumb Code     0  startup_mb9bf56x.o(.text)
    USB0_IRQHandler                          0x00000307   Thumb Code     0  startup_mb9bf56x.o(.text)
    USB1_HOST_IRQHandler                     0x00000307   Thumb Code     0  startup_mb9bf56x.o(.text)
    USB1_IRQHandler                          0x00000307   Thumb Code     0  startup_mb9bf56x.o(.text)
    WC_IRQHandler                            0x00000307   Thumb Code     0  startup_mb9bf56x.o(.text)
    WFG0_DTIF0_IRQHandler                    0x00000307   Thumb Code     0  startup_mb9bf56x.o(.text)
    WFG1_DTIF1_IRQHandler                    0x00000307   Thumb Code     0  startup_mb9bf56x.o(.text)
    WFG2_DTIF2_IRQHandler                    0x00000307   Thumb Code     0  startup_mb9bf56x.o(.text)
    __user_initial_stackheap                 0x00000309   Thumb Code     0  startup_mb9bf56x.o(.text)
    SystemCoreClockUpdate                    0x0000032d   Thumb Code   178  system_mb9abxxx.o(.text)
    SystemInit                               0x000003df   Thumb Code   240  system_mb9abxxx.o(.text)
    MFS7_RX_IRQHandler                       0x00000501   Thumb Code    12  interrupts.o(.text)
    MFS7_TX_IRQHandler                       0x0000050d   Thumb Code    38  interrupts.o(.text)
    Mfs_InitTxIrq                            0x00000591   Thumb Code    34  mfs.o(.text)
    Mfs_InitRxIrq                            0x000005b3   Thumb Code    34  mfs.o(.text)
    Mfs_DeInitIrq                            0x000005d5   Thumb Code    54  mfs.o(.text)
    MfsIrqHandlerRx                          0x0000060b   Thumb Code    24  mfs.o(.text)
    MfsIrqHandlerTx                          0x00000623   Thumb Code    24  mfs.o(.text)
    MfsIrqHandlerStatus                      0x0000063b   Thumb Code    24  mfs.o(.text)
    Mfs_GetBusClock                          0x00000653   Thumb Code   194  mfs.o(.text)
    Mfs_GetReloadValue                       0x00000715   Thumb Code    26  mfs.o(.text)
    Mfs_Uart_SetBaudRate                     0x0000072f   Thumb Code    50  mfs.o(.text)
    Mfs_Uart_Init                            0x00000761   Thumb Code   542  mfs.o(.text)
    Mfs_Uart_DeInit                          0x0000097f   Thumb Code    96  mfs.o(.text)
    Mfs_Csio_SetBaudRate                     0x000009df   Thumb Code    50  mfs.o(.text)
    Mfs_Csio_Init                            0x00000a11   Thumb Code   712  mfs.o(.text)
    Mfs_Csio_DeInit                          0x00000cd9   Thumb Code    94  mfs.o(.text)
    Mfs_Csio_SetSckOutEnable                 0x00000d37   Thumb Code    46  mfs.o(.text)
    Mfs_Csio_ReadData32                      0x00000d65   Thumb Code    22  mfs.o(.text)
    Mfs_Csio_WriteData32                     0x00000d7b   Thumb Code    26  mfs.o(.text)
    Mfs_Csio_SetChipSelectErrEnable          0x00000d95   Thumb Code    48  mfs.o(.text)
    Mfs_Csio_SetChipSelectErrIntEnable       0x00000dc5   Thumb Code    48  mfs.o(.text)
    Mfs_Csio_GetStatus                       0x00000df5   Thumb Code    28  mfs.o(.text)
    Mfs_Csio_ClrChipSelectErr                0x00000e11   Thumb Code    30  mfs.o(.text)
    Mfs_Csio_ClrTimerIntReq                  0x00000e2f   Thumb Code    30  mfs.o(.text)
    Mfs_Csio_SetSerialTimerIntEnable         0x00000e4d   Thumb Code    46  mfs.o(.text)
    Mfs_Csio_SetSyncTransEnable              0x00000e7b   Thumb Code    46  mfs.o(.text)
    Mfs_Csio_SetTimerPrescale                0x00000ea9   Thumb Code    32  mfs.o(.text)
    Mfs_Csio_SetSerialTimerEnable            0x00000ec9   Thumb Code    46  mfs.o(.text)
    Mfs_Csio_GetSerialTimer                  0x00000ef7   Thumb Code    22  mfs.o(.text)
    Mfs_Csio_SetCmpVal4SerialTimer           0x00000f0d   Thumb Code    26  mfs.o(.text)
    Mfs_Csio_SetCsHold                       0x00000f27   Thumb Code    48  mfs.o(.text)
    Mfs_Csio_SetCsTimingPrescale             0x00000f57   Thumb Code    32  mfs.o(.text)
    Mfs_Csio_SetCsInActiveLevel              0x00000f77   Thumb Code    46  mfs.o(.text)
    Mfs_Csio_SetChipSelectEnable             0x00000fa5   Thumb Code    46  mfs.o(.text)
    Mfs_Csio_SetChipSelectOutEnable          0x00000fd3   Thumb Code    46  mfs.o(.text)
    Mfs_Csio_SetCsTimingConfig               0x00001001   Thumb Code    38  mfs.o(.text)
    Mfs_Csio_SetTxLength                     0x00001027   Thumb Code    28  mfs.o(.text)
    Mfs_I2c_GetReloadValue                   0x00001043   Thumb Code    26  mfs.o(.text)
    Mfs_I2c_SetBaudRate                      0x0000105d   Thumb Code    46  mfs.o(.text)
    Mfs_I2c_Init                             0x0000108b   Thumb Code   458  mfs.o(.text)
    Mfs_I2c_DeInit                           0x00001255   Thumb Code    76  mfs.o(.text)
    Mfs_I2c_SetTxIntEnable                   0x000012a1   Thumb Code    46  mfs.o(.text)
    Mfs_I2c_SetRxIntEnable                   0x000012cf   Thumb Code    46  mfs.o(.text)
    Mfs_I2c_SetAckEnable                     0x000012fd   Thumb Code    46  mfs.o(.text)
    Mfs_I2c_SetWaitSelect                    0x0000132b   Thumb Code    48  mfs.o(.text)
    Mfs_I2c_SetCondDetIntEnable              0x0000135b   Thumb Code    46  mfs.o(.text)
    Mfs_I2c_SetIntEnable                     0x00001389   Thumb Code    46  mfs.o(.text)
    Mfs_I2c_GetBusErrStatus                  0x000013b7   Thumb Code    28  mfs.o(.text)
    Mfs_I2c_GetIntStatus                     0x000013d3   Thumb Code    28  mfs.o(.text)
    Mfs_I2c_ClearIntStatus                   0x000013ef   Thumb Code    30  mfs.o(.text)
    Mfs_I2c_SetTransmitEmpty                 0x0000140d   Thumb Code    30  mfs.o(.text)
    Mfs_I2c_SetDmaModeEnable                 0x0000142b   Thumb Code    46  mfs.o(.text)
    Mfs_I2c_SetNoizeFilter                   0x00001459   Thumb Code    30  mfs.o(.text)
    Mfs_I2c_SetSdaOutLevel                   0x00001477   Thumb Code    46  mfs.o(.text)
    Mfs_I2c_SetSclOutLevel                   0x000014a5   Thumb Code    46  mfs.o(.text)
    Mfs_I2c_SetSerlalOutEnable               0x000014d3   Thumb Code    58  mfs.o(.text)
    Mfs_I2c_SetBusErrorControlEnable         0x0000150d   Thumb Code    46  mfs.o(.text)
    Mfs_I2c_SetI2cEnable                     0x0000153b   Thumb Code    78  mfs.o(.text)
    Mfs_I2c_SetSlvAddrEnable                 0x00001589   Thumb Code    78  mfs.o(.text)
    Mfs_Lin_SetBaudRate                      0x000015d7   Thumb Code    16  mfs.o(.text)
    Mfs_Lin_Init                             0x000015e7   Thumb Code   464  mfs.o(.text)
    Mfs_Lin_DeInit                           0x000017b7   Thumb Code    16  mfs.o(.text)
    Mfs_Lin_SetBreak                         0x000017c7   Thumb Code    32  mfs.o(.text)
    Mfs_Lin_ClearBreakDetFlag                0x000017e7   Thumb Code    30  mfs.o(.text)
    Mfs_Lin_SetBreakDetIntEnable             0x00001805   Thumb Code    46  mfs.o(.text)
    Mfs_Lin_SetBreakConfig                   0x00001833   Thumb Code   190  mfs.o(.text)
    Mfs_SetSerialOutputEnable                0x000018f1   Thumb Code    46  mfs.o(.text)
    Mfs_SetWakeUpControlEnable               0x0000191f   Thumb Code    46  mfs.o(.text)
    Mfs_SoftwareReset                        0x0000194d   Thumb Code    32  mfs.o(.text)
    Mfs_SetRxIntEnable                       0x0000196d   Thumb Code    46  mfs.o(.text)
    Mfs_SetTxIntEnable                       0x0000199b   Thumb Code    46  mfs.o(.text)
    Mfs_SetTxBusIdleIntEnable                0x000019c9   Thumb Code    46  mfs.o(.text)
    Mfs_SetTxFifoIntEnable                   0x000019f7   Thumb Code    46  mfs.o(.text)
    Mfs_SetRxEnable                          0x00001a25   Thumb Code    46  mfs.o(.text)
    Mfs_SetTxEnable                          0x00001a53   Thumb Code    46  mfs.o(.text)
    Mfs_GetStatus                            0x00001a81   Thumb Code    28  mfs.o(.text)
    Mfs_ErrorClear                           0x00001a9d   Thumb Code    32  mfs.o(.text)
    Mfs_ReadData                             0x00001abd   Thumb Code    22  mfs.o(.text)
    Mfs_WriteData                            0x00001ad3   Thumb Code    26  mfs.o(.text)
    Mfs_ConfigFifo                           0x00001aed   Thumb Code    74  mfs.o(.text)
    Mfs_GetTxFifoReqStatus                   0x00001b37   Thumb Code    28  mfs.o(.text)
    Mfs_ClrTxFifoReqStatus                   0x00001b53   Thumb Code    30  mfs.o(.text)
    Mfs_ResetFifo                            0x00001b71   Thumb Code    62  mfs.o(.text)
    Mfs_SetFifoEnable                        0x00001baf   Thumb Code    92  mfs.o(.text)
    Mfs_GetFifoBytes                         0x00001c0b   Thumb Code    44  mfs.o(.text)
    Mfs_SetSMR                               0x00001c37   Thumb Code    26  mfs.o(.text)
    Mfs_GetSMR                               0x00001c51   Thumb Code    22  mfs.o(.text)
    Mfs_SetSCR                               0x00001c67   Thumb Code    26  mfs.o(.text)
    Mfs_GetSCR                               0x00001c81   Thumb Code    22  mfs.o(.text)
    Mfs_SetESCR                              0x00001c97   Thumb Code    26  mfs.o(.text)
    Mfs_GetESCR                              0x00001cb1   Thumb Code    22  mfs.o(.text)
    Mfs_SetBGR                               0x00001cc7   Thumb Code    26  mfs.o(.text)
    Mfs_GetBGR                               0x00001ce1   Thumb Code    22  mfs.o(.text)
    Mfs_SetFCR1                              0x00001cf7   Thumb Code    26  mfs.o(.text)
    Mfs_GetFCR1                              0x00001d11   Thumb Code    22  mfs.o(.text)
    Mfs_SetFCR0                              0x00001d27   Thumb Code    26  mfs.o(.text)
    Mfs_GetFCR0                              0x00001d41   Thumb Code    22  mfs.o(.text)
    Mfs_SetSCSTR10                           0x00001d57   Thumb Code    26  mfs.o(.text)
    Mfs_GetSCSTR10                           0x00001d71   Thumb Code    22  mfs.o(.text)
    Mfs_SetSCSTR32                           0x00001d87   Thumb Code    26  mfs.o(.text)
    Mfs_GetSCSTR32                           0x00001da1   Thumb Code    22  mfs.o(.text)
    Mfs_SetSACSR                             0x00001db7   Thumb Code    26  mfs.o(.text)
    Mfs_GetSACSR                             0x00001dd1   Thumb Code    22  mfs.o(.text)
    Mfs_GetSTMCR                             0x00001de7   Thumb Code    22  mfs.o(.text)
    Mfs_SetSCSCR                             0x00001dfd   Thumb Code    26  mfs.o(.text)
    Mfs_GetSCSCR                             0x00001e17   Thumb Code    22  mfs.o(.text)
    Mfs_SetTBYTE0                            0x00001e2d   Thumb Code    28  mfs.o(.text)
    Mfs_GetTBYTE0                            0x00001e49   Thumb Code    24  mfs.o(.text)
    Mfs_SetISBA                              0x00001e61   Thumb Code    26  mfs.o(.text)
    Mfs_GetISBA                              0x00001e7b   Thumb Code    22  mfs.o(.text)
    Mfs_SetISMK                              0x00001e91   Thumb Code    26  mfs.o(.text)
    Mfs_GetISMK                              0x00001eab   Thumb Code    22  mfs.o(.text)
    Mfs_GetNFCR                              0x00001ec1   Thumb Code    22  mfs.o(.text)
    Mfs_SetEIBCR                             0x00001ed7   Thumb Code    30  mfs.o(.text)
    Mfs_GetEIBCR                             0x00001ef5   Thumb Code    22  mfs.o(.text)
    Mfs_SetTxIntCallBack                     0x00001f0b   Thumb Code    32  mfs.o(.text)
    Mfs_SetRxIntCallBack                     0x00001f2b   Thumb Code    32  mfs.o(.text)
    Mfs_SetStsIntCallBack                    0x00001f4b   Thumb Code    32  mfs.o(.text)
    Mfs_SetUpperLayerHandle                  0x00001f6b   Thumb Code    32  mfs.o(.text)
    main                                     0x00001fcd   Thumb Code   238  main.o(.text)
    WyzBeeI2c_Init                           0x000023e9   Thumb Code   300  wyzbee_i2c.o(.text)
    WyzBeeI2c_DeInit                         0x00002515   Thumb Code    76  wyzbee_i2c.o(.text)
    WyzBeeI2c_Write                          0x00002597   Thumb Code   176  wyzbee_i2c.o(.text)
    WyzBeeI2c_Read                           0x00002647   Thumb Code   166  wyzbee_i2c.o(.text)
    __use_two_region_memory                  0x00002711   Thumb Code     2  heapauxi.o(.text)
    __rt_heap_escrow$2region                 0x00002713   Thumb Code     2  heapauxi.o(.text)
    __rt_heap_expand$2region                 0x00002715   Thumb Code     2  heapauxi.o(.text)
    __user_setup_stackheap                   0x00002717   Thumb Code    74  sys_stackheap_outer.o(.text)
    exit                                     0x00002761   Thumb Code    12  exit.o(.text)
    __user_libspace                          0x0000276d   Thumb Code     8  libspace.o(.text)
    __user_perproc_libspace                  0x0000276d   Thumb Code     0  libspace.o(.text)
    __user_perthread_libspace                0x0000276d   Thumb Code     0  libspace.o(.text)
    _sys_exit                                0x00002775   Thumb Code     8  sys_exit.o(.text)
    __I$use$semihosting                      0x00002781   Thumb Code     0  use_no_semi.o(.text)
    __use_no_semihosting_swi                 0x00002781   Thumb Code     2  use_no_semi.o(.text)
    __semihosting_library_function           0x00002783   Thumb Code     0  indicate_semi.o(.text)
    __aeabi_d2f                              0x00002785   Thumb Code     0  d2f.o(x$fpl$d2f)
    _d2f                                     0x00002785   Thumb Code    98  d2f.o(x$fpl$d2f)
    __aeabi_dadd                             0x000027e9   Thumb Code     0  daddsub_clz.o(x$fpl$dadd)
    _dadd                                    0x000027e9   Thumb Code   332  daddsub_clz.o(x$fpl$dadd)
    __aeabi_ddiv                             0x00002939   Thumb Code     0  ddiv.o(x$fpl$ddiv)
    _ddiv                                    0x00002939   Thumb Code   552  ddiv.o(x$fpl$ddiv)
    __aeabi_dmul                             0x00002be9   Thumb Code     0  dmul.o(x$fpl$dmul)
    _dmul                                    0x00002be9   Thumb Code   332  dmul.o(x$fpl$dmul)
    __fpl_dnaninf                            0x00002d3d   Thumb Code   156  dnaninf.o(x$fpl$dnaninf)
    __fpl_dretinf                            0x00002dd9   Thumb Code    12  dretinf.o(x$fpl$dretinf)
    __aeabi_dsub                             0x00002de5   Thumb Code     0  daddsub_clz.o(x$fpl$dsub)
    _dsub                                    0x00002de5   Thumb Code   464  daddsub_clz.o(x$fpl$dsub)
    __aeabi_f2d                              0x00002fb9   Thumb Code     0  f2d.o(x$fpl$f2d)
    _f2d                                     0x00002fb9   Thumb Code    86  f2d.o(x$fpl$f2d)
    __fpl_fnaninf                            0x0000300f   Thumb Code   140  fnaninf.o(x$fpl$fnaninf)
    _fp_init                                 0x0000309b   Thumb Code    10  fpinit.o(x$fpl$fpinit)
    __fplib_config_fpu_vfp                   0x000030a3   Thumb Code     0  fpinit.o(x$fpl$fpinit)
    __fplib_config_pureend_doubles           0x000030a3   Thumb Code     0  fpinit.o(x$fpl$fpinit)
    __fpl_fretinf                            0x000030a5   Thumb Code    10  fretinf.o(x$fpl$fretinf)
    __I$use$fp                               0x000030ae   Number         0  usenofp.o(x$fpl$usenofp)
    Region$$Table$$Base                      0x000030b0   Number         0  anon$$obj.o(Region$$Table)
    Region$$Table$$Limit                     0x000030d0   Number         0  anon$$obj.o(Region$$Table)
    SystemCoreClock                          0x20038000   Data           4  system_mb9abxxx.o(.data)
    m_astcMfsInstanceDataLut                 0x20038008   Data          20  mfs.o(.data)
    config                                   0x2003801c   Data           8  main.o(.data)
    temp_code                                0x20038024   Data           4  main.o(.data)
    hum_code                                 0x20038028   Data           4  main.o(.data)
    temp                                     0x2003802c   Data           4  main.o(.data)
    humidity                                 0x20038030   Data           4  main.o(.data)
    __libspace_start                         0x20038044   Data          96  libspace.o(.bss)
    __temporary_stack_top$libspace           0x200380a4   Data           0  libspace.o(.bss)



==============================================================================

Memory Map of the image

  Image Entry point : 0x000002e1

  Load Region LR_1 (Base: 0x00000000, Size: 0x00003114, Max: 0xffffffff, ABSOLUTE)

    Execution Region ER_RO (Base: 0x00000000, Size: 0x000030d0, Max: 0xffffffff, ABSOLUTE)

    Base Addr    Size         Type   Attr      Idx    E Section Name        Object

    0x00000000   0x00000240   Data   RO            3    RESET               startup_mb9bf56x.o
    0x00000240   0x00000008   Code   RO          340  * !!!main             c_w.l(__main.o)
    0x00000248   0x00000034   Code   RO          521    !!!scatter          c_w.l(__scatter.o)
    0x0000027c   0x0000001a   Code   RO          523    !!handler_copy      c_w.l(__scatter_copy.o)
    0x00000296   0x00000002   PAD
    0x00000298   0x0000001c   Code   RO          525    !!handler_zi        c_w.l(__scatter_zi.o)
    0x000002b4   0x00000002   Code   RO          392    .ARM.Collect$$libinit$$00000000  c_w.l(libinit.o)
    0x000002b6   0x00000004   Code   RO          398    .ARM.Collect$$libinit$$00000001  c_w.l(libinit2.o)
    0x000002ba   0x00000000   Code   RO          401    .ARM.Collect$$libinit$$00000004  c_w.l(libinit2.o)
    0x000002ba   0x00000000   Code   RO          404    .ARM.Collect$$libinit$$0000000A  c_w.l(libinit2.o)
    0x000002ba   0x00000000   Code   RO          406    .ARM.Collect$$libinit$$0000000C  c_w.l(libinit2.o)
    0x000002ba   0x00000000   Code   RO          408    .ARM.Collect$$libinit$$0000000E  c_w.l(libinit2.o)
    0x000002ba   0x00000000   Code   RO          411    .ARM.Collect$$libinit$$00000011  c_w.l(libinit2.o)
    0x000002ba   0x00000000   Code   RO          413    .ARM.Collect$$libinit$$00000013  c_w.l(libinit2.o)
    0x000002ba   0x00000000   Code   RO          415    .ARM.Collect$$libinit$$00000015  c_w.l(libinit2.o)
    0x000002ba   0x00000000   Code   RO          417    .ARM.Collect$$libinit$$00000017  c_w.l(libinit2.o)
    0x000002ba   0x00000000   Code   RO          419    .ARM.Collect$$libinit$$00000019  c_w.l(libinit2.o)
    0x000002ba   0x00000000   Code   RO          421    .ARM.Collect$$libinit$$0000001B  c_w.l(libinit2.o)
    0x000002ba   0x00000000   Code   RO          423    .ARM.Collect$$libinit$$0000001D  c_w.l(libinit2.o)
    0x000002ba   0x00000000   Code   RO          425    .ARM.Collect$$libinit$$0000001F  c_w.l(libinit2.o)
    0x000002ba   0x00000000   Code   RO          427    .ARM.Collect$$libinit$$00000021  c_w.l(libinit2.o)
    0x000002ba   0x00000000   Code   RO          429    .ARM.Collect$$libinit$$00000023  c_w.l(libinit2.o)
    0x000002ba   0x00000000   Code   RO          431    .ARM.Collect$$libinit$$00000025  c_w.l(libinit2.o)
    0x000002ba   0x00000000   Code   RO          435    .ARM.Collect$$libinit$$0000002C  c_w.l(libinit2.o)
    0x000002ba   0x00000000   Code   RO          437    .ARM.Collect$$libinit$$0000002E  c_w.l(libinit2.o)
    0x000002ba   0x00000000   Code   RO          439    .ARM.Collect$$libinit$$00000030  c_w.l(libinit2.o)
    0x000002ba   0x00000000   Code   RO          441    .ARM.Collect$$libinit$$00000032  c_w.l(libinit2.o)
    0x000002ba   0x00000002   Code   RO          442    .ARM.Collect$$libinit$$00000033  c_w.l(libinit2.o)
    0x000002bc   0x00000002   Code   RO          462    .ARM.Collect$$libshutdown$$00000000  c_w.l(libshutdown.o)
    0x000002be   0x00000000   Code   RO          476    .ARM.Collect$$libshutdown$$00000003  c_w.l(libshutdown2.o)
    0x000002be   0x00000000   Code   RO          479    .ARM.Collect$$libshutdown$$00000006  c_w.l(libshutdown2.o)
    0x000002be   0x00000000   Code   RO          482    .ARM.Collect$$libshutdown$$00000009  c_w.l(libshutdown2.o)
    0x000002be   0x00000000   Code   RO          484    .ARM.Collect$$libshutdown$$0000000B  c_w.l(libshutdown2.o)
    0x000002be   0x00000000   Code   RO          487    .ARM.Collect$$libshutdown$$0000000E  c_w.l(libshutdown2.o)
    0x000002be   0x00000002   Code   RO          488    .ARM.Collect$$libshutdown$$0000000F  c_w.l(libshutdown2.o)
    0x000002c0   0x00000000   Code   RO          358    .ARM.Collect$$rtentry$$00000000  c_w.l(__rtentry.o)
    0x000002c0   0x00000000   Code   RO          369    .ARM.Collect$$rtentry$$00000002  c_w.l(__rtentry2.o)
    0x000002c0   0x00000006   Code   RO          381    .ARM.Collect$$rtentry$$00000004  c_w.l(__rtentry4.o)
    0x000002c6   0x00000000   Code   RO          371    .ARM.Collect$$rtentry$$00000009  c_w.l(__rtentry2.o)
    0x000002c6   0x00000004   Code   RO          372    .ARM.Collect$$rtentry$$0000000A  c_w.l(__rtentry2.o)
    0x000002ca   0x00000000   Code   RO          374    .ARM.Collect$$rtentry$$0000000C  c_w.l(__rtentry2.o)
    0x000002ca   0x00000008   Code   RO          375    .ARM.Collect$$rtentry$$0000000D  c_w.l(__rtentry2.o)
    0x000002d2   0x00000002   Code   RO          396    .ARM.Collect$$rtexit$$00000000  c_w.l(rtexit.o)
    0x000002d4   0x00000000   Code   RO          444    .ARM.Collect$$rtexit$$00000002  c_w.l(rtexit2.o)
    0x000002d4   0x00000004   Code   RO          445    .ARM.Collect$$rtexit$$00000003  c_w.l(rtexit2.o)
    0x000002d8   0x00000006   Code   RO          446    .ARM.Collect$$rtexit$$00000004  c_w.l(rtexit2.o)
    0x000002de   0x00000002   PAD
    0x000002e0   0x0000004c   Code   RO            4  * .text               startup_mb9bf56x.o
    0x0000032c   0x000001d4   Code   RO           12    .text               system_mb9abxxx.o
    0x00000500   0x00000040   Code   RO           90    .text               interrupts.o
    0x00000540   0x00001a8c   Code   RO          193    .text               mfs.o
    0x00001fcc   0x0000012c   Code   RO          274    .text               main.o
    0x000020f8   0x00000618   Code   RO          316    .text               wyzbee_i2c.o
    0x00002710   0x00000006   Code   RO          338    .text               c_w.l(heapauxi.o)
    0x00002716   0x0000004a   Code   RO          383    .text               c_w.l(sys_stackheap_outer.o)
    0x00002760   0x0000000c   Code   RO          385    .text               c_w.l(exit.o)
    0x0000276c   0x00000008   Code   RO          393    .text               c_w.l(libspace.o)
    0x00002774   0x0000000c   Code   RO          454    .text               c_w.l(sys_exit.o)
    0x00002780   0x00000002   Code   RO          465    .text               c_w.l(use_no_semi.o)
    0x00002782   0x00000000   Code   RO          467    .text               c_w.l(indicate_semi.o)
    0x00002782   0x00000002   PAD
    0x00002784   0x00000062   Code   RO          342    x$fpl$d2f           fz_wm.l(d2f.o)
    0x000027e6   0x00000002   PAD
    0x000027e8   0x00000150   Code   RO          344    x$fpl$dadd          fz_wm.l(daddsub_clz.o)
    0x00002938   0x000002b0   Code   RO          351    x$fpl$ddiv          fz_wm.l(ddiv.o)
    0x00002be8   0x00000154   Code   RO          354    x$fpl$dmul          fz_wm.l(dmul.o)
    0x00002d3c   0x0000009c   Code   RO          359    x$fpl$dnaninf       fz_wm.l(dnaninf.o)
    0x00002dd8   0x0000000c   Code   RO          361    x$fpl$dretinf       fz_wm.l(dretinf.o)
    0x00002de4   0x000001d4   Code   RO          346    x$fpl$dsub          fz_wm.l(daddsub_clz.o)
    0x00002fb8   0x00000056   Code   RO          356    x$fpl$f2d           fz_wm.l(f2d.o)
    0x0000300e   0x0000008c   Code   RO          363    x$fpl$fnaninf       fz_wm.l(fnaninf.o)
    0x0000309a   0x0000000a   Code   RO          452    x$fpl$fpinit        fz_wm.l(fpinit.o)
    0x000030a4   0x0000000a   Code   RO          365    x$fpl$fretinf       fz_wm.l(fretinf.o)
    0x000030ae   0x00000000   Code   RO          367    x$fpl$usenofp       fz_wm.l(usenofp.o)
    0x000030ae   0x00000002   PAD
    0x000030b0   0x00000020   Data   RO          519    Region$$Table       anon$$obj.o


    Execution Region ER_RW (Base: 0x20038000, Size: 0x00000044, Max: 0xffffffff, ABSOLUTE)

    Base Addr    Size         Type   Attr      Idx    E Section Name        Object

    0x20038000   0x00000005   Data   RW           13    .data               system_mb9abxxx.o
    0x20038005   0x00000003   PAD
    0x20038008   0x00000014   Data   RW          194    .data               mfs.o
    0x2003801c   0x00000018   Data   RW          275    .data               main.o
    0x20038034   0x0000000e   Data   RW          317    .data               wyzbee_i2c.o


    Execution Region ER_ZI (Base: 0x20038044, Size: 0x00000264, Max: 0xffffffff, ABSOLUTE)

    Base Addr    Size         Type   Attr      Idx    E Section Name        Object

    0x20038044   0x00000060   Zero   RW          394    .bss                c_w.l(libspace.o)
    0x200380a4   0x00000004   PAD
    0x200380a8   0x00000000   Zero   RW            2    HEAP                startup_mb9bf56x.o
    0x200380a8   0x00000200   Zero   RW            1    STACK               startup_mb9bf56x.o


==============================================================================

Image component sizes


      Code (inc. data)   RO Data    RW Data    ZI Data      Debug   Object Name

        64         14          0          0          0        692   interrupts.o
       300         62          0         24          0      13952   main.o
      6796        104          0         20          0      71344   mfs.o
        76         26        576          0        512        852   startup_mb9bf56x.o
       468         64          0          5          0    1246381   system_mb9abxxx.o
      1560         84          0         14          0       3929   wyzbee_i2c.o

    ----------------------------------------------------------------------
      9264        354        608         68        512    1337150   Object Totals
         0          0         32          0          0          0   (incl. Generated)
         0          0          0          5          0          0   (incl. Padding)

    ----------------------------------------------------------------------

      Code (inc. data)   RO Data    RW Data    ZI Data      Debug   Library Member Name

         8          0          0          0          0         68   __main.o
         0          0          0          0          0          0   __rtentry.o
        12          0          0          0          0          0   __rtentry2.o
         6          0          0          0          0          0   __rtentry4.o
        52          8          0          0          0          0   __scatter.o
        26          0          0          0          0          0   __scatter_copy.o
        28          0          0          0          0          0   __scatter_zi.o
        12          0          0          0          0         72   exit.o
         6          0          0          0          0        152   heapauxi.o
         0          0          0          0          0          0   indicate_semi.o
         2          0          0          0          0          0   libinit.o
         6          0          0          0          0          0   libinit2.o
         2          0          0          0          0          0   libshutdown.o
         2          0          0          0          0          0   libshutdown2.o
         8          4          0          0         96         68   libspace.o
         2          0          0          0          0          0   rtexit.o
        10          0          0          0          0          0   rtexit2.o
        12          4          0          0          0         68   sys_exit.o
        74          0          0          0          0         80   sys_stackheap_outer.o
         2          0          0          0          0         68   use_no_semi.o
        98          4          0          0          0        140   d2f.o
       804         16          0          0          0        368   daddsub_clz.o
       688        140          0          0          0        256   ddiv.o
       340         12          0          0          0        152   dmul.o
       156          4          0          0          0        140   dnaninf.o
        12          0          0          0          0        116   dretinf.o
        86          4          0          0          0        132   f2d.o
       140          4          0          0          0        132   fnaninf.o
        10          0          0          0          0        116   fpinit.o
        10          0          0          0          0        116   fretinf.o
         0          0          0          0          0          0   usenofp.o

    ----------------------------------------------------------------------
      2624        200          0          0        100       2244   Library Totals
        10          0          0          0          4          0   (incl. Padding)

    ----------------------------------------------------------------------

      Code (inc. data)   RO Data    RW Data    ZI Data      Debug   Library Name

       270         16          0          0         96        576   c_w.l
      2344        184          0          0          0       1668   fz_wm.l

    ----------------------------------------------------------------------
      2624        200          0          0        100       2244   Library Totals

    ----------------------------------------------------------------------

==============================================================================


      Code (inc. data)   RO Data    RW Data    ZI Data      Debug   

     11888        554        608         68        612    1337838   Grand Totals
     11888        554        608         68        612    1337838   ELF Image Totals
     11888        554        608         68          0          0   ROM Totals

==============================================================================

    Total RO  Size (Code + RO Data)                12496 (  12.20kB)
    Total RW  Size (RW Data + ZI Data)               680 (   0.66kB)
    Total ROM Size (Code + RO Data + RW Data)      12564 (  12.27kB)

==============================================================================

