<html>
<body>
<pre>
<h1>µVision Build Log</h1>
<h2>Tool Versions:</h2>
IDE-Version: µVision V5.12.0.0
Copyright (C) 2014 ARM Ltd and ARM Germany GmbH. All rights reserved.
License Information: Seanna Vien, UC Davis, LIC=----
 
Tool Versions:
Toolchain:       MDK-Lite  Version: 5.12.0.0
Toolchain Path:  C:\Keil_v5\ARM\ARMCC\Bin
C Compiler:      Armcc.exe V5.05 (build 41)
Assembler:       Armasm.exe V5.05 (build 41)
Linker/Locator:  ArmLink.exe V5.05 (build 41)
Library Manager: ArmAr.exe V5.05 (build 41)
Hex Converter:   FromElf.exe V5.05 (build 41)
CPU DLL:         SARMCM3.DLL V5.12.0.0
Dialog DLL:      DCM.DLL V1.13.0.0
Target DLL:      CMSIS_AGDI.dll V1.19.0.0
Dialog DLL:      TCM.DLL V1.14.2.0
 
<h2>Project:</h2>
C:\Users\Seanna Vien\Dropbox\Spring 2015\172\TriLED_APP\TriLED_APP\TriLED_blink\TriLED_blink.uvproj
Project File Date:  03/30/2015

<h2>Output:</h2>
Build target 'Target 1'
compiling main.cpp...
.\lib\inc\Adafruit_SSD1351.h(92): warning:  #1300-D: drawPixel inherits implicit virtual
    void drawPixel(int16_t x, int16_t y, uint16_t color);
.\lib\inc\Adafruit_SSD1351.h(94): warning:  #1300-D: drawFastHLine inherits implicit virtual
    void drawFastHLine(int16_t x, int16_t y, int16_t w, uint16_t color);
.\lib\inc\Adafruit_SSD1351.h(95): warning:  #1300-D: drawFastVLine inherits implicit virtual
    void drawFastVLine(int16_t x, int16_t y, int16_t h, uint16_t color);
.\lib\inc\Adafruit_SSD1351.h(96): warning:  #1300-D: fillScreen inherits implicit virtual
    void fillScreen(uint16_t fillcolor);
.\lib\inc\Adafruit_SSD1351.h(93): warning:  #997-D: function "Adafruit_GFX::fillRect(std::int16_t, std::int16_t, std::int16_t, std::int16_t, std::uint16_t)" is hidden by "Adafruit_SSD1351::fillRect" -- virtual function override intended?
    void fillRect(uint16_t x0, uint16_t y0, uint16_t w, uint16_t h, uint16_t color);
main.cpp(87): warning:  #1-D: last line of file ends without a newline
                
main.cpp: 6 warnings, 0 errors
linking...
Program Size: Code=1552 RO-data=604 RW-data=20 ZI-data=2148  
".\TriLED_blink.axf" - 0 Error(s), 6 Warning(s).
Full Chip Erase Done.
Load "C:\\Users\\Seanna Vien\\Dropbox\\Spring 2015\\172\\TriLED_APP\\TriLED_APP\\TriLED_blink\\TriLED_blink.axf" 
Erase Done.
Programming Done.
Verify OK.
uit_SSD1351.h(96): warning:  #1300-D: fillScreen inherits implicit virtual
    void fillScreen(uint16_t fillcolor);
.\lib\inc\Adafruit_SSD1351.h(93): warning:  #997-D: function "Adafruit_GFX::fillRect(std::int16_t, std::int16_t, std::int16_t, std::int16_t, std::uint16_t)" is hidden by "Adafruit_SSD1351::fillRect" -- virtual function override intended?
    void fillRect(uint16_t x0, uint16_t y0, uint16_t w, uint16_t h, uint16_t color);
main.cpp(86): warning:  #1-D: last line of file ends without a newline
                
main.cpp: 6 warnings, 0 errors
"main.cpp" - 0 Error(s), 6 Warning(s).
